VSTest version 18.4.0 (x64)

Starting test execution, please wait...
A total of 7 test files matched the specified pattern.
  Passed Disabled_TestMethod1 [12 ms]
  Passed Disabled_TestToggleTips [< 1 ms]
  Passed SenderName_Get_StateUnderTest_ExpectedBehavior [201 ms]
  Passed ExtractBasics_StateUnderTest_ExpectedBehavior [< 1 ms]
  Passed QfcFormController_ShouldConstruct [116 ms]
  Passed CaptureItemSettings_ShouldCaptureSettings [22 ms]
  Passed RemoveTemplatesAndSetupTlp_ShouldSetupTlp [< 1 ms]
  Passed SetupLightDark_ShouldSetupThemes [< 1 ms]
  Passed SpaceForEmail_ShouldReturnCorrectValue [74 ms]
  Passed RegisterFormEventHandlers_ShouldRegisterHandlers [< 1 ms]
  Passed UnregisterFormEventHandlers_ShouldUnregisterHandlers [< 1 ms]
  Passed Cleanup_ShouldCleanupResources [< 1 ms]
  Passed ItemsPerIteration_ShouldGetAndSetCorrectly [1 ms]
  Passed ActiveTheme_ShouldGetAndSetCorrectly [3 ms]
  Passed DarkMode_ShouldGetAndSetCorrectly [< 1 ms]
  Passed Groups_ShouldReturnCorrectValue [< 1 ms]
  Passed FormHandle_ShouldReturnCorrectValue [1 ms]
  Passed FormViewer_ShouldReturnCorrectValue [< 1 ms]
  Passed Token_ShouldReturnCorrectValue [< 1 ms]
  Passed TokenSource_ShouldReturnCorrectValue [< 1 ms]
  Passed DarkMode_CheckedChanged_ShouldUpdateTheme [10 ms]
  Passed ButtonCancel_Click_ShouldCancelAction [1 ms]
  Passed ButtonOK_Click_ShouldPerformAction [< 1 ms]
  Passed LoadUiFromQueue_ShouldLoadUi [3 ms]
  Passed MoveAndIterate_ShouldMoveAndIterate [4 ms]
  Passed BackGroundMoveAsync_ShouldMoveEmails [1 ms]
  Passed ButtonUndo_Click_ShouldUndoAction [< 1 ms]
  Passed SpnEmailPerLoad_ValueChanged_ShouldChangeValue_EqualsItemPerIteration [52 ms]
  Passed SpnEmailPerLoad_ValueChanged_ShouldChangeValue_GreaterItemPerIteration [19 ms]
  Passed AdjustTlp_ShouldAdjustTlp [< 1 ms]
  Passed ButtonSkip_Click_ShouldSkipGroup [7 ms]
  Passed SkipGroupAsync_ShouldSkipGroup [1 ms]
  Passed LoadItems_ShouldLoadItems [< 1 ms]
  Passed LoadItems_ShouldLoadMailItems [< 1 ms]
  Passed LoadItemsAsync_ShouldLoadMailItemsAsync [1 ms]
  Passed MaximizeFormViewer_ShouldMaximizeForm [63 ms]
  Passed MinimizeFormViewer_ShouldMinimizeForm [1 ms]
  Passed UndoDialog_ShouldUndoMoves [< 1 ms]
  Passed UndoConsumer_ShouldConsumeUndoQueue [< 1 ms]
  Passed Viewer_Activate_ShouldThrowNotImplementedException [1 ms]
  Passed Constructor_InitializesCorrectly [65 ms]
  Passed Init_InitializesCorrectly [908 ms]
  Passed InitAsync_InitializesCorrectly [84 ms]
  Passed Run_ExecutesCorrectly [5 ms]
  Passed RunAsync_ExecutesCorrectly [8 ms]
  Passed Worker_RunWorkerCompleted_HandlesCompletionCorrectly [26 ms]
  Passed IterateQueueAsync_DataModelComplete [2 ms]
  Passed IterateQueueAsync_QueueEmpty [3 ms]
  Passed IterateQueueAsync_Queue2 [36 ms]
  Passed Iterate_ExecutesCorrectly [18 ms]
  Passed Iterate2_ExecutesCorrectly [1 ms]
  Passed SwapStopWatch_ExecutesCorrectly [< 1 ms]
  Passed Cleanup_ExecutesCorrectly [< 1 ms]
  Passed Loaded_PropertyWorksCorrectly [< 1 ms]
  Passed ExplorerController_PropertyWorksCorrectly [< 1 ms]
  Passed FormController_PropertyWorksCorrectly [< 1 ms]
  Passed KeyboardHandler_PropertyWorksCorrectly [< 1 ms]
  Passed DataModel_PropertyWorksCorrectly [< 1 ms]
  Passed FilerQueue_PropertyWorksCorrectly [< 1 ms]
  Passed UiScheduler_PropertyWorksCorrectly [3 ms]
  Passed StopWatch_PropertyWorksCorrectly [2 ms]
  Passed TokenSource_PropertyWorksCorrectly [2 ms]
  Passed Token_PropertyWorksCorrectly [< 1 ms]
  Passed WorkerComplete_PropertyWorksCorrectly [< 1 ms]
  Passed UiSyncContext_PropertyWorksCorrectly [4 ms]
  Passed TryGetSmtpAddress_ReturnsNull_WhenAddressEntryIsNull [247 ms]
  Passed TryGetSmtpAddress_ReturnsExchangePrimarySmtpAddress_WhenAvailable [130 ms]
  Passed TryGetSmtpAddress_ReturnsAddressProperty_WhenExchangeUserIsUnavailable [1 ms]
  Passed TryGetSmtpAddress_ReturnsNull_WhenOutlookInteropCallsThrowComException [< 1 ms]
  Passed ReadJunkPotentialSetting_ReturnsJunkPotentialValue [57 ms]
  Passed WriteJunkPotentialSetting_UpdatesJunkPotentialValue [< 1 ms]
  Passed LoadPeopleAsync_CanLoadProperly [87 ms]
  Passed Disabled_GetFlagsToSet_TestMultiple [11 ms]
  Passed Disabled_GetAttachmentFilename_StateUnderTest_ExpectedBehavior [22 ms]
  Passed Disabled_GetAttachmentFilename_StateUnderTest_NoExtension [< 1 ms]
  Passed FindFolder_StateUnderTest_ExpectedBehavior [113 ms]
  Passed GetFolder_StateUnderTest_ExpectedBehavior [< 1 ms]
  Passed GetFolder_StateUnderTest_ExpectedBehavior1 [< 1 ms]
  Passed GetFolder_StateUnderTest_ExpectedBehavior2 [< 1 ms]
  Passed InputNewFoldername_StateUnderTest_ExpectedBehavior [< 1 ms]
  Passed CreateFolder_StateUnderTest_ExpectedBehavior [< 1 ms]
  Passed AddRecents_StateUnderTest_ExpectedBehavior [< 1 ms]
  Passed AddMatches_StateUnderTest_ExpectedBehavior [< 1 ms]
  Passed AddSuggestions_StateUnderTest_ExpectedBehavior [< 1 ms]
  Passed GetMatchingFolders_StateUnderTest_ExpectedBehavior [< 1 ms]
  Passed LoopFolders_StateUnderTest_ExpectedBehavior [< 1 ms]
  Passed RecalculateSuggestions_StateUnderTest_ExpectedBehavior [< 1 ms]
  Passed Disabled_InitializeSortToExisting_StateUnderTest_ExpectedBehavior [< 1 ms]
  Passed IsAncestor_StateUnderTest_ExpectedBehavior [3 ms]
  Passed AddChild_StateUnderTest_ExpectedBehavior [< 1 ms]
  Passed AddChild_StateUnderTest_ExpectedBehavior1 [< 1 ms]
  Passed AddChild_StateUnderTest_ExpectedBehavior2 [< 1 ms]
  Passed InsertChild_StateUnderTest_ExpectedBehavior [< 1 ms]
  Passed AddChildren_StateUnderTest_ExpectedBehavior [< 1 ms]
  Passed RemoveChild_StateUnderTest_ExpectedBehavior [< 1 ms]
  Passed Traverse_StateUnderTest_ExpectedBehavior [< 1 ms]
  Passed Traverse_StateUnderTest_ExpectedBehavior1 [< 1 ms]
  Passed FindByDelegate_StateUnderTest_ExpectedBehavior [< 1 ms]
  Passed FindByDelegate_StateUnderTest_ExpectedBehavior1 [< 1 ms]
  Passed Descendents_StateUnderTest_ExpectedBehavior [< 1 ms]
  Passed FindAll_StateUnderTest_ExpectedBehavior [< 1 ms]
  Passed Flatten_StateUnderTest_ExpectedBehavior [< 1 ms]
  Passed FlattenIf_StateUnderTest_ExpectedBehavior [< 1 ms]
  Skipped People_Deserialize_CanDeserializePatternCorrectly
  Passed People_DeserializeShortcut_CanDeserializePatternCorrectly [198 ms]
  Passed ToBase10_StateUnderTest_ExpectedBehavior_10 [3 ms]
  Passed ToBase10_StateUnderTest_ExpectedBehavior_11 [< 1 ms]
  Passed ToBase10_StateUnderTest_ExpectedBehavior_12 [< 1 ms]
  Passed ToBase10_StateUnderTest_ExpectedBehavior_1Z [< 1 ms]
  Passed ToBase10_StateUnderTest_ExpectedBehavior_131Z [< 1 ms]
  Passed ToBase36_StateUnderTest_ExpectedBehavior_50615 [1 ms]
  Passed ToBase36_StateUnderTest_ExpectedBehavior_37 [< 1 ms]
  Passed ToBase36_StateUnderTest_ExpectedBehavior_36 [< 1 ms]
  Passed ToBase36_StateUnderTest_ExpectedBehavior_38 [< 1 ms]
  Passed ToBase36_StateUnderTest_ExpectedBehavior_71 [< 1 ms]
  Passed ToBase36_StateUnderTest_ExpectedBehavior_73 [< 1 ms]
  Skipped Constructor_WithOutlookItem_ShouldInitializeProperties
  Passed Constructor_WithOutlookItemAndOnDemand_ShouldNotInitializeProperties [84 ms]
  Passed Constructor_WithString_ShouldInitializeToDoID [< 1 ms]
  Passed SetAndGetProperties_ShouldWorkCorrectly [221 ms]
  Passed Descendents_StateUnderTest_ExpectedBehavior2 [2 ms]
  Passed GetRelevantOlPathPortion_StateUnderTest_ExpectedBehavior1 [123 ms]
  Passed GetRelevantOlPathPortion_StateUnderTest_ExpectedBehavior2 [< 1 ms]
  Passed TestEvents [17 ms]
  Passed TestAddPartialEvents [6 ms]
  Passed TestAddPartialEventsByAction [< 1 ms]
  Passed TestRemovePartialEvents [13 ms]
  Passed TestRemoveAllObservers [< 1 ms]
  Passed TestClearCache [1 ms]
  Passed AddOrUpdate_AddsNewItem [6 ms]
  Passed AddOrUpdate_UpdatesExistingItem [< 1 ms]
  Passed GetOrAdd_AddsNewItem [< 1 ms]
  Passed GetOrAdd_ReturnsExistingItem [< 1 ms]
  Passed TryAdd_AddsNewItem [< 1 ms]
  Passed TryAdd_DoesNotAddExistingItem [< 1 ms]
  Passed TryRemove_RemovesExistingItem [< 1 ms]
  Passed TryRemove_DoesNotRemoveNonExistingItem [< 1 ms]
  Passed TryUpdate_UpdatesExistingItem [< 1 ms]
  Passed TryUpdate_DoesNotUpdateIfComparisonFails [< 1 ms]
  Passed Clear_RemovesAllItems [1 ms]
  Passed AddPartialObserver_AddsObserverForKey [1 ms]
  Passed ContainsKey_ReturnsTrueForExistingAndFalseForMissing [< 1 ms]
  Passed Keys_ReturnsAllAddedKeys [3 ms]
  Passed Values_ReturnsAllAddedValues [1 ms]
  Passed Indexer_ReturnsValueForExistingKey [< 1 ms]
  Passed Count_ReturnsNumberOfEntries [< 1 ms]
  Passed GetEnumerator_IteratesOverAllEntries [1 ms]
  Passed ToList_ReturnsListOfKeyValuePairs [< 1 ms]
  Passed ToArray_ReturnsArrayOfKeyValuePairs [1 ms]
  Passed RemovePartialObserver_RemovesObserverForKey [< 1 ms]
  Passed RemoveAllObservers_RemovesAllObservers [< 1 ms]
  Passed ContainsKey_WhenKeyExists_ReturnsTrue [22 ms]
  Passed Keys_ReturnsAllKeys [37 ms]
  Passed Values_ReturnsAllValues [10 ms]
  Passed Indexer_Get_ReturnsValueForExistingKey [1 ms]
  Passed Indexer_Set_UpdatesExistingKey [< 1 ms]
  Passed GetOrAdd_WhenKeyMissing_AddsAndReturnsValue [< 1 ms]
  Passed GetOrAdd_WhenKeyExists_ReturnsExistingValue [< 1 ms]
  Passed AdditionalConstructors_InitializeDictionaryState [< 1 ms]
  Passed ProtectedSimpleCollectionChanged_IgnoresUnsupportedActions [< 1 ms]
  Passed Constructor_InitializesCorrectly [127 ms]
  Passed Constructor_ThrowsExceptionForNullArgument [2 ms]
  Passed Constructors_WithConcreteFileSystemInfoWrappers_ExposeExpectedKinds [3 ms]
  Passed Constructors_WithNullConcreteInputs_ThrowArgumentNullException [5 ms]
  Passed IsDirectory_ReturnsTrueForDirectory [< 1 ms]
  Passed IsDirectory_ReturnsFalseForFile [< 1 ms]
  Passed AsDirectory_ReturnsDirectoryInfo [1 ms]
  Passed AsFile_ReturnsFileInfo [< 1 ms]
  Passed Info_ReturnsFileSystemInfo [< 1 ms]
  Passed Name_ReturnsCorrectName [< 1 ms]
  Passed Extension_ReturnsCorrectExtension [< 1 ms]
  Passed CreationTime_ReturnsCorrectCreationTime [< 1 ms]
  Passed LastWriteTime_ReturnsCorrectLastWriteTime [< 1 ms]
  Passed FullName_ReturnsCorrectFullName [< 1 ms]
  Passed Attributes_ReturnsCorrectAttributes [1 ms]
  Passed Length_ReturnsCorrectLength [< 1 ms]
  Passed GetFileSystemInfos_ReturnsChildInfosForDirectory [3 ms]
  Passed GetFileSystemInfos_ForFile_ReturnsEmptyCollection [3 ms]
  Passed Equals_ReturnsTrueForSamePath [< 1 ms]
  Passed Equals_ReturnsFalseForDifferentPaths [< 1 ms]
  Passed GetHashCode_ReturnsSameHashCodeForSamePath [< 1 ms]
  Passed Equals_HandlesNullSelfAndDifferentObjectTypes [< 1 ms]
  Passed OperatorEquals_ReturnsTrueForSamePath [< 1 ms]
  Passed OperatorNotEquals_ReturnsTrueForDifferentPaths [< 1 ms]
  Passed Disabled_TestMethod1 [< 1 ms]
  Passed Form_TestMethod1 [526 ms]
  Passed Disabled_ShowDialog_Test [< 1 ms]
  Passed Disabled_TestMethod1 [< 1 ms]
  Passed WriteJson_StateUnderTest_ExpectedBehavior [12 ms]
  Passed ProcessQueue_StateUnderTest_ExpectedBehavior [44 ms]
  Passed ProcessQueue_StateUnderTest_MalformedEntry1 [23 ms]
  Passed ProcessQueue_StateUnderTest_MalformedEntry2 [2 ms]
  Passed TryDequeueIncidence_StateUnderTest_ExpectedBehavior [2 ms]
  Passed TryDequeueIncidence_HandlesIncompleteQueue [< 1 ms]
  Passed TryDequeueIncidence_HandlesIncorrectType1 [< 1 ms]
  Passed TryDequeueIncidence_HandlesIncorrectType2 [< 1 ms]
  Passed ToList_StateUnderTest_ExpectedBehavior [< 1 ms]
  Passed CreateAsync_StateUnderTest_ExpectedBehavior [< 1 ms]
  Passed Unfinished_FromTokenBase_StateUnderTest_ExpectedBehavior [< 1 ms]
  Passed Constructor_WithButtonAndAction_InitializesCorrectly [2 ms]
  Passed Constructor_WithNameButtonTextAndAction_InitializesCorrectly [17 ms]
  Passed Constructor_WithNameButtonTextActionAndTemplate_InitializesCorrectly [2 ms]
  Passed Constructor_WithNameButtonTextDialogResultAndAction_InitializesCorrectly [< 1 ms]
  Passed Constructor_WithNameButtonTextDialogResultActionAndTemplate_InitializesCorrectly [< 1 ms]
  Passed Constructor_WithNameButtonImageButtonTextDialogResultAndAction_InitializesCorrectly [< 1 ms]
  Passed Constructor_WithNameButtonImageButtonTextDialogResultActionAndTemplate_InitializesCorrectly [< 1 ms]
  Passed FromButton_CreatesActionButtonCorrectly [< 1 ms]
  Passed MakeButton_CreatesButtonCorrectly [< 1 ms]
  Passed MakeButton_WithImage_CreatesButtonCorrectly [< 1 ms]
  Passed MakeButton_WithImageAndDialogResult_CreatesButtonCorrectly [< 1 ms]
  Passed MakeButton_WithDialogResult_CreatesButtonCorrectly [< 1 ms]
  Passed Button_Click_InvokesAction [2 ms]
  Passed Constructor_WithButtonAndDelegate_InitializesProperties [1 ms]
  Passed Constructor_WithNameTextAndTemplate_ClonesTemplateAndCreatesVisibleEnabledButton [1 ms]
  Passed MakeButton_WithImageAndDialogResult_PreservesTextImageAndDialogResult [1 ms]
  Passed FromButton_ShouldAttachDelegateAndInvokeOnClick [< 1 ms]
  Passed ButtonSetter_ShouldDetachOldButtonHandler_WhenReplacingButton [< 1 ms]
  Passed Constructor_WithCategoryString_InitializesCorrectly [50 ms]
  Passed Constructor_WithCategoryList_InitializesCorrectly [< 1 ms]
  Passed SetContext_UpdatesContextCorrectly [< 1 ms]
  Passed SetProjects_UpdatesProjectsCorrectly [< 1 ms]
  Passed SetProgram_UpdatesProgramCorrectly [< 1 ms]
  Passed SetTopics_UpdatesTopicsCorrectly [< 1 ms]
  Passed SetPeople_UpdatesPeopleCorrectly [< 1 ms]
  Passed SetKb_UpdatesKbCorrectly [< 1 ms]
  Passed AddWildcards_AddsWildcardsCorrectly [< 1 ms]
  Passed AreEquivalentTo_StringComparison_ReturnsTrue [4 ms]
  Passed AreEquivalentTo_ListComparison_ReturnsTrue [< 1 ms]
  Passed Clone_CreatesShallowCopy [< 1 ms]
  Passed DeepCopy_CreatesDeepCopy [2 ms]
  Passed Constructor_WithNullCategoryString_NormalizesToEmptyState [< 1 ms]
  Passed Constructor_WithUnknownFlags_PreservesThemInOtherAndTracksKnownFlags [< 1 ms]
  Passed Constructor_WithMixedCaseValues_PreservesValueCasing [< 1 ms]
  Passed SetProjects_WithCommaDelimitedValues_ParsesMultipleProjects [7 ms]
  Passed AreEquivalentTo_WithEmptyParserAndNullComparison_ReturnsTrue [< 1 ms]
  Passed GetAssemblies_ShouldReturnNull_WhenNoAssembliesAreConfigured [< 1 ms]
  Passed GetAssemblies_ShouldRemainStableAcrossCalls [< 1 ms]
  Passed BindToType_ShouldReturnRegisteredType_WhenTypeNameMatches [< 1 ms]
  Passed BindToType_ShouldReturnNull_ForUnknownOrNullTypeName [< 1 ms]
  Passed BindToName_ShouldEmitSimpleTypeName_AndNullAssemblyName [< 1 ms]
  Passed JsonSerializer_ShouldRoundTripRegisteredType [106 ms]
  Passed ItemComparer_ShouldNotBeLoadable_BecauseProductionFileContainsNoLiveType [< 1 ms]
  Passed ExtractSummary_Test_AppointmentItem [223 ms]
  Passed ExtractSummary_Test_MeetingItem [22 ms]
  Passed ExtractSummary_Test_TaskRequestItem [17 ms]
  Passed ExtractSummary_Test_TaskRequestUpdateItem [17 ms]
  Passed ExtractSummary_Test_EmailReadable [33 ms]
  Passed ExtractSummary_Test_EmailUnReadable [6 ms]
  Passed Extract_Test_OtherObject [34 ms]
  Passed ToString_TestAll [3 ms]
  Passed ToString_TestSubset [< 1 ms]
  Passed Extract_Test_EmailReadable_All [< 1 ms]
  Passed Extract_Test_EmailReadable_Subset [< 1 ms]
  Passed TestOutlookItemTryGet [1 ms]
  Passed ContentEquals_Test_Identical [5 ms]
  Passed ContentEquals_Test_DifferentOrder [< 1 ms]
  Passed ContentEquals_Test_MissingElements [< 1 ms]
  Passed ContentEquals_Test_DifferentValue [< 1 ms]
  Passed ContentEquals_Test_DifferentKey [< 1 ms]
  Passed Tokenize_Test [5 ms]
  Passed StripAccents_Test [< 1 ms]
  Passed StripCommonWords_Test [< 1 ms]
  Passed AsRegexWord_CharsNull [< 1 ms]
  Passed AsRegexWord_CharsEmpty [< 1 ms]
  Passed AsRegexWord_CharsEscaped [< 1 ms]
  Passed GetTokenPattern_StandardWord [< 1 ms]
  Passed GetTokenPattern_ExpandedWord [< 1 ms]
  Passed GetTokenPattern_Min0 [< 1 ms]
  Passed GetTokenPattern_Min1 [< 1 ms]
  Passed GetTokenPattern_Min4 [< 1 ms]
  Passed Tokenize_SpecialChar [3 ms]
  Passed Tokenize_Standard [< 1 ms]
  Passed Tokenize_StandardEmpty [< 1 ms]
  Passed Tokenize_SpecialCharOneMatch [< 1 ms]
  Passed DeedleDoodles [102 ms]
  Passed MakeSearchPattern_Simple [1 ms]
  Passed MakeSearchPattern_AltWC [< 1 ms]
  Passed MakeSearchPattern_Bookend [< 1 ms]
  Passed MakeSearchPattern_BookendOnly [< 1 ms]
  Passed MakeReplacePattern_Simple [< 1 ms]
  Passed MakeReplacePattern_Bookend [< 1 ms]
  Passed MakeReplacePattern_BookendOnly [< 1 ms]
  Passed Response_ShouldDefaultToEmpty_AndAllowRoundTripAssignment [< 1 ms]
  Passed InternalResponders_ShouldMapEachButtonToExpectedResponse [< 1 ms]
  Passed InternalResponders_ShouldOverwritePreviousSelection [< 1 ms]
  Passed Response_ShouldRemainEmpty_WhenInitializedOrCancelled [< 1 ms]
  Passed InitializeAsync_ShouldUseProvidedTrackerTokenAndStopwatch [2 ms]
  Passed CreateAsTupleAsync_ShouldReturnProvidedDependencies [2 ms]
  Passed SpawnChild_ShouldReuseSharedState_AndCreateChildProgressTracker [< 1 ms]
  Passed ToTupleAndToTuplePane_ShouldExposeCurrentPropertyValues [< 1 ms]
  Passed Increment_ShouldUpdateProgressAndForwardScaledValueAndJobName [3 ms]
  Passed Report_ShouldClampValuesAboveOneHundred [< 1 ms]
  Passed Report_ShouldThrowForNegativeValues [< 1 ms]
  Passed SpawnChild_ShouldUseRemainingAllocationFromCurrentProgress [< 1 ms]
  Passed Increment_ShouldAccumulateProgressValues [< 1 ms]
  Passed Increment_ShouldClampAt100 [< 1 ms]
  Passed Report_WithTupleOverload_ShouldSetValueAndJobName [< 1 ms]
  Passed Report_DoubleOverload_ShouldThrowForNegative [< 1 ms]
  Passed Report_DoubleOverload_ShouldClampAbove100 [< 1 ms]
  Passed SpawnChild_WithAllocation_ShouldCreateChildWithSpecifiedAllocation [< 1 ms]
  Passed SpawnChild_WithDoubleAllocation_ShouldRoundAndCreateChild [< 1 ms]
  Passed Report_WithDoubleAndJobName_ShouldClampAt100 [< 1 ms]
  Passed Report_WithDoubleAndJobName_ShouldThrowForNegative [< 1 ms]
  Passed Constructor_WithParent_ShouldInheritJobName [< 1 ms]
  Passed TaskPriority_ShouldNotExposeALiveRuntimeType_BecauseTheProductionFileContainsOnlyCommentedCode [< 1 ms]
  Passed AddThreadSafe_ShouldAddRequestedAmount [< 1 ms]
  Passed IncrementAndDecrementThreadSafe_ShouldRespectConfiguredBounds [< 1 ms]
  Passed AdjustThreadSafe_ShouldApplyAdjustmentThenLimit [< 1 ms]
  Passed AddThreadSafe_ShouldThrow_WhenMaxAttemptsIsLessThanOne [4 ms]
  Passed AddThreadSafe_ShouldHandleConcurrentCalls [9 ms]
  Passed IncrementThreadSafe_NoLimit_IncrementsBy1 [< 1 ms]
  Passed DecrementThreadSafe_NoLimit_DecrementsBy1 [< 1 ms]
  Passed IncrementThreadSafe_WithMaxValueAndAttempts_ClampsAtMax [< 1 ms]
  Passed DecrementThreadSafe_WithMinValueAndAttempts_ClampsAtMin [< 1 ms]
  Passed AddThreadSafe_WithLimit_ClampsAtLimit [< 1 ms]
  Passed SubtractThreadSafe_Double_ClampsAtLimit [< 1 ms]
  Passed SubtractThreadSafe_Int_ClampsAtLimit [< 1 ms]
  Passed SubtractThreadSafe_Int_SubtractsWithinRange [< 1 ms]
  Passed AdjustThreadSafe_WithMaxAttempts_ShouldThrow_WhenMaxAttemptsIsLessThanOne [< 1 ms]
  Passed AddThreadSafe_WithLimit_ThrowsWhenMaxAttemptsLessThan1 [< 1 ms]
  Passed SubtractThreadSafe_Double_ThrowsWhenMaxAttemptsLessThan1 [< 1 ms]
  Passed SubtractThreadSafe_Int_ThrowsWhenMaxAttemptsLessThan1 [< 1 ms]
  Passed CheckAndSetFirstCall_ShouldReturnTrueThenFalse [< 1 ms]
  Passed CheckAndSetFirstCall_ShouldAllowOnlyOneConcurrentWinner [1 ms]
  Passed TimeoutAfter_GenericTask_ShouldReturnResult_WhenTaskCompletesBeforeTimeout [1 ms]
  Passed TimeoutAfter_GenericTask_ShouldThrowTimeoutException_WhenTaskExceedsTimeout [18 ms]
  Passed TimeoutAfter_NonGenericTask_ShouldThrowTimeoutException_ForZeroTimeout [1 ms]
  Passed RunWithTimeout_Func_ShouldReturnResult_WhenWorkCompletesQuickly [2 ms]
  Passed RunWithTimeout_AsyncFunc_ShouldReturnDefault_WhenTimeoutOccursInNonStrictMode [25 ms]
  Passed RunWithTimeout_Func_ShouldPropagateExceptions_WhenStrictModeIsEnabled [2 ms]
  Passed RunWithTimeout_AsyncFunc_ShouldHonorCancelledToken [1 ms]
  Passed TimeoutAfter_GenericTask_InfiniteTimeout_ReturnsSameTask [< 1 ms]
  Passed TimeoutAfter_NonGenericTask_CompletesBeforeTimeout [< 1 ms]
  Passed TimeoutAfter_NonGenericTask_ThrowsTimeoutForZeroTimeout [< 1 ms]
  Passed TimeoutAfter_NonGenericTask_InfiniteTimeout_ReturnsSameTask [< 1 ms]
  Passed TimeoutAfter_GenericTask_WithRepeatAttempts_ReturnsResult [< 1 ms]
  Passed TimeoutAfter_NonGenericTask_WithRepeatAttempts_CompletesSuccessfully [< 1 ms]
  Passed RunWithTimeout_FuncT1TResult_ShouldReturnResult [2 ms]
  Passed RunWithTimeout_FuncT1T2TResult_ShouldReturnResult [2 ms]
  Passed RunWithTimeout_FuncT1T2T3TResult_ShouldReturnResult [2 ms]
  Passed RunWithTimeout_Func_NonStrict_ReturnsDefault_WhenExceptionThrown [< 1 ms]
  Passed RunWithTimeout_AsyncFuncT1_ShouldReturnResult [14 ms]
  Passed RunWithTimeout_AsyncFuncT1T2_ShouldReturnResult [16 ms]
  Passed RunWithTimeout_AsyncFuncT1T2T3_ShouldReturnResult [32 ms]
  Passed RunWithTimeout_AsyncTaskVoidT1T2_CompletesSuccessfully [17 ms]
  Passed RunWithTimeout_AsyncTaskVoidT1T2T3_CompletesSuccessfully [14 ms]
  Passed DefaultConstructor_CreatesInstance [< 1 ms]
  Passed Constructor_WithNameAndText_CreatesButton [< 1 ms]
  Passed Constructor_WithDialogResult_SetsDialogResult [< 1 ms]
  Passed Constructor_WithButtonAndDialogResult_SetsProperties [< 1 ms]
  Passed Name_SetAndGet [< 1 ms]
  Passed Delegate_SetAndGet [< 1 ms]
  Passed MakeButton_WithText_CreatesButton [< 1 ms]
  Passed MakeButton_WithDialogResult_SetsResult [< 1 ms]
  Passed Button_Click_InvokesDelegate [< 1 ms]
  Passed FromButton_CreatesFromExistingButton [< 1 ms]
  Passed Response_DefaultIsEmpty [< 1 ms]
  Passed RespondYes_SetsResponseToYes [< 1 ms]
  Passed RespondYesToAll_SetsResponseToYesToAll [< 1 ms]
  Passed RespondNo_SetsResponseToNo [< 1 ms]
  Passed RespondNoToAll_SetsResponseToNoToAll [< 1 ms]
  Passed RespondCancel_SetsResponseToEmpty [< 1 ms]
  Passed YesNoToAllResponse_EnumValues [< 1 ms]
  Passed BoxIcon_EnumValues [< 1 ms]
  Passed DefaultConstructor_CreatesInstance [< 1 ms]
  Passed Constructor_WithNameAndText_CreatesButton [1 ms]
  Passed Constructor_WithDialogResult_SetsResult [< 1 ms]
  Passed MakeButton_SetsText [< 1 ms]
  Passed MakeButton_WithDialogResult_SetsDialogResult [< 1 ms]
  Passed Button_Click_InvokesFunction [< 1 ms]
  Passed FromButton_CreatesFromExistingButton [< 1 ms]
  Passed Name_SetAndGet [< 1 ms]
  Passed Delegate_SetAndGet [< 1 ms]
  Passed SimpleConversionTest [14 ms]
  Passed ReadJson_StateUnderTest_ExpectedBehavior [49 ms]
  Passed Constructor_WithTokenSource_ShouldSetDefaultProperties [2 ms]
  Passed Allocation_ShouldBeSettable [< 1 ms]
  Passed StartingAt_ShouldBeSettable [< 1 ms]
  Passed JobName_ShouldBeSettable [< 1 ms]
  Passed ApplicationIdleEventArgs_Constructor_SetsIdleSince [< 1 ms]
  Passed ApplicationIdleEventArgs_IdleDuration_IsPositive [< 1 ms]
  Passed Subscribe_NullHandler_DoesNotThrow [< 1 ms]
  Passed GUIActivityThreshold_SetAndGet [4 ms]
  Passed CPUUsageThreshold_SetAndGet [< 1 ms]
  Passed Constructor_NullContext_ThrowsArgumentNullException [2 ms]
  Passed IsCompleted_WhenContextIsNotCurrent_ReturnsFalse [< 1 ms]
  Passed GetResult_DoesNotThrow [< 1 ms]
  Passed OnCompleted_PostsCallbackToContext [< 1 ms]
  Passed IsSystemDarkMode_ReturnsBoolean [< 1 ms]
  Passed TryGetIsSystemDarkMode_ReturnsTrue_WhenRegistryReadable [< 1 ms]
  Passed IsSystemDarkMode_ShouldReturnConsistentResultWithTryGet [< 1 ms]
  Passed TryGetIsSystemDarkMode_ShouldReturnBoolean_ForIsDarkMode [< 1 ms]
  Passed Start_TriggersLazyInitializationOnlyWhenRequestedAsync [1 ms]
  Passed AwaitingMultipleTimes_ReturnsSameReferenceAndInvokesFactoryOnceAsync [< 1 ms]
  Passed AwaitingFaultedFactory_PropagatesCachedExceptionAsync [2 ms]
  Passed Constructors_SupportValueTypesAndAsyncFactoriesAsync [11 ms]
  Passed ConcurrentAwaiters_ShareSingleInitializationAsync [38 ms]
  Passed Constructor_SyncFactory_WithCancellationToken_ProducesValueAsync [< 1 ms]
  Passed Constructor_AsyncFactory_WithCancellationToken_ProducesValueAsync [26 ms]
  Passed Constructor_SyncFactory_WithCancelledToken_ThrowsCancelledAsync [2 ms]
  Passed GetAwaiter_ReturnsTaskAwaiter_ThatCompletesSuccessfully [< 1 ms]
  Passed ToDouble_WithJaggedIntArray_NormalizesEachValueBy255 [5 ms]
  Passed ToDouble_WithMatrix_NormalizesEachValueBy255 [2 ms]
  Passed ToDouble_WithNullJaggedArray_ThrowsNullReferenceException [< 1 ms]
  Passed ToDouble_WithEmptyJaggedArray_ThrowsIndexOutOfRangeException [< 1 ms]
  Passed ToDouble_WithNullMatrix_ThrowsNullReferenceException [< 1 ms]
  Passed DefaultConstructor_CreatesEmptyMatrix [< 1 ms]
  Passed ConstructorWithDimensions_InitializesBackingStoreAndSupportsIndexerRoundTrip [< 1 ms]
  Passed ConstructorWithArray_UsesObservedDimensionMappingAndPreservesValues [< 1 ms]
  Passed To1d_FlattensTwoDimensionalArrayInRowMajorOrder [4 ms]
  Passed Get_WhenMatrixIsEmpty_ThrowsHelpfulException [< 1 ms]
  Passed Get_WhenCoordinatesAreOutOfBounds_ThrowsMessageWithExceededDimension [< 1 ms]
  Passed Set_WhenCoordinatesAreOutOfBounds_ThrowsWithCoordinateSummary [< 1 ms]
  Passed SetArray_WhenArgumentIsNull_ThrowsHelpfulException [< 1 ms]
  Passed Dispose_ClearsBackingStoreAndResetsDimensions [< 1 ms]
  Passed DefaultConstructor_CreatesEmptyMatrix [< 1 ms]
  Passed ConstructorWithDimensions_InitializesBackingStoreAndSupportsIndexerRoundTrip [< 1 ms]
  Passed ConstructorWithJaggedArray_UsesFirstRowLengthAsHeightAndPreservesValues [< 1 ms]
  Passed SetArray_ReplacesDimensionsAndStoredValues [< 1 ms]
  Passed To2d_ConvertsRectangularJaggedArrayToMultidimensionalArray [< 1 ms]
  Passed To2d_WhenRowsAreRagged_ThrowsIndexOutOfRangeException [< 1 ms]
  Passed Get_WhenMatrixIsEmpty_ThrowsHelpfulException [< 1 ms]
  Passed Get_WhenCoordinatesAreOutOfBounds_ThrowsMessageWithExceededDimension [< 1 ms]
  Passed SetArray_WhenArgumentIsNull_ThrowsHelpfulException [< 1 ms]
  Passed Dispose_ClearsBackingStoreAndResetsDimensions [< 1 ms]
  Passed ValueFactory_WhenSuccessful_ReturnsComputedValue [< 1 ms]
  Passed ValueFactory_WhenItThrows_ReturnsDefaultValueWithoutThrowing [< 1 ms]
  Passed ValueFactory_WhenItThrows_CachesDefaultValueInsteadOfRetrying [2 ms]
  Passed Constructor_WithNullFactory_ReturnsDefaultValueWhenEvaluated [< 1 ms]
  Passed Constructors_WithThreadSafetyOptions_StillEvaluateSuccessfully [< 1 ms]
  Passed DefaultConstructor_CreatesEmptyMatrix [< 1 ms]
  Passed ConstructorWithDimensions_InitializesBackingStoreAndSupportsIndexerRoundTrip [< 1 ms]
  Passed ConstructorWithArray_UsesArrayDimensionsAndValues [< 1 ms]
  Passed SetArray_ReplacesDimensionsAndStoredValues [< 1 ms]
  Passed Get_WhenMatrixIsEmpty_ThrowsHelpfulException [< 1 ms]
  Passed Get_WhenCoordinatesAreOutOfBounds_ThrowsMessageWithExceededDimension [< 1 ms]
  Passed Set_WhenCoordinatesAreOutOfBounds_ThrowsWithCoordinateSummary [< 1 ms]
  Passed SetArray_WhenArgumentIsNull_ThrowsHelpfulException [< 1 ms]
  Passed Dispose_ClearsBackingStoreAndResetsDimensions [< 1 ms]
  Passed AddRemoveTryGetValueAndCount_WorkAsExpected [89 ms]
  Passed IndexerKeysAndValues_ReflectCurrentEntries [7 ms]
  Passed MissingKey_TryGetValueReturnsFalse [< 1 ms]
  Passed DuplicateKey_AddThrowsArgumentException [< 1 ms]
  Passed Filename_SetAndGet_Works [< 1 ms]
  Passed Folderpath_SetAndGet_UpdatesFilepath [< 1 ms]
  Passed Filepath_SetWithFullPath_SplitsComponents [< 1 ms]
  Passed Serialize_WithNoPath_IsNoOp [< 1 ms]
  Passed JsonRoundTrip_ScoDictionary_PreservesEntries [14 ms]
  Passed Constructor_WithSourceDictionary_CopiesEntries [< 1 ms]
  Passed Constructor_WithComparer_UsesCustomComparer [< 1 ms]
  Passed Constructor_WithCapacity_CreatesEmptyDictionary [< 1 ms]
  Passed ConcurrentAccess_AddsAndReadsAllEntries [92 ms]
  Passed DefaultConstructor_CreatesEmptyBag [2 ms]
  Passed CollectionConstructor_PopulatesBag [2 ms]
  Passed AddTryTakeAndEnumeration_WorkForTypicalBagUsage [6 ms]
  Passed ConcurrentAdds_PreserveAllItems [1 ms]
  Passed FilePathPropertiesAndDiskActivation_SwapActiveStorageProfile [1 ms]
  Passed Serialize_WithNoConfiguredPath_IsASafeNoOp [< 1 ms]
  Passed GetDefaultSettings_ReturnsIndentedTypeAwareSettings [< 1 ms]
  Passed JsonSettings_SetAndGet_ReturnsAssignedSettings [< 1 ms]
  Passed JsonSerialize_ScBagWithItems_ProducesValidJson [4 ms]
  Passed JsonDeserialize_ValidJson_RecreatsBag [3 ms]
  Passed JsonRoundTrip_EmptyBag_PreservesEmpty [5 ms]
  Passed FileName_SetAndGetProperty_Works [< 1 ms]
  Passed FolderPath_SetAndGetProperty_Works [< 1 ms]
  Passed NetJsonSettings_SetAndGet_Works [< 1 ms]
  Passed LocalJsonSettings_SetAndGet_Works [< 1 ms]
  Passed DefaultConstructorAndCoreListOperations_WorkLikeAList [< 1 ms]
  Passed IEnumerableConstructor_LoadsLazySequenceOnFirstUse [< 1 ms]
  Passed CopyToRemoveAtClearAndFromList_UpdateCollectionState [< 1 ms]
  Passed FindIndexOverloadsAndEnumeration_ReturnExpectedMatches [1 ms]
  Passed Add_RaisesPropertyChangedForAdd [1 ms]
  Passed FilenameAndFolderpath_ComposeFilepath [< 1 ms]
  Passed Filepath_SetToExistingFolderWithoutExtension_ThrowsArgumentException [< 1 ms]
  Passed JsonRoundTrip_PreservesItems [2 ms]
  Passed Sort_OrdersValuesUsingComparableImplementation [< 1 ms]
  Passed CreateMyStack_InitializesEmptyState [< 1 ms]
  Passed PushAndFindMiddle_WithOddElementCount_ReturnsMiddleElement [< 1 ms]
  Passed Pop_RemovesMostRecentlyPushedValueAndUpdatesCount [< 1 ms]
  Passed DeleteMiddle_RemovesCurrentMiddleAndPromotesPreviousMiddleWhenCountBecomesEven [< 1 ms]
  Passed EmptyStackOperations_ReturnSentinelValueWithoutThrowing [< 1 ms]
  Passed DeleteMiddle_WhenCountBecomesOdd_PromotesNextMiddle [< 1 ms]
  Passed Main_RunsSampleScenarioWithoutThrowing [< 1 ms]
  Passed PushPeekAndCount_FollowLifoOrder [4 ms]
  Passed PopAndTryPop_RemoveItemsFromTheFront [2 ms]
  Passed PopAndPeekByIndex_WorkForNonZeroIndices [1 ms]
  Passed EmptyStack_ThrowsForPeekAndPopAndReturnsFalseForTryPop [< 1 ms]
  Passed ConcurrentPushes_PreserveAllItems [3 ms]
  Passed Filename_SetAndGet_Works [< 1 ms]
  Passed Folderpath_SetAndGet_UpdatesFilepath [< 1 ms]
  Passed Serialize_WithNoPath_IsNoOp [< 1 ms]
  Passed JsonRoundTrip_PreservesItems [1 ms]
  Passed Contains_ExistingItem_ReturnsTrue [< 1 ms]
  Passed Clear_RemovesAllItems [< 1 ms]
  Passed PushPopAndPeek_FollowStackOrderFromFrontOfList [< 1 ms]
  Passed PeekAndPop_WithExplicitIndex_TargetRequestedElement [< 1 ms]
  Passed PeekAndPop_WhenEmpty_ThrowInvalidOperationException [< 1 ms]
  Passed PeekAndPop_WithOutOfRangeIndex_ThrowIndexOutOfRangeException [< 1 ms]
  Passed TryPeekAndTryPop_ReturnFalseAndDefaultWhenStackIsEmpty [< 1 ms]
  Passed AddRemoveClearContainsAndEnumeration_ExposeCollectionBehavior [< 1 ms]
  Passed IsReadOnly_ReturnsFalse [< 1 ms]
  Passed Constructor_FromEnumerable_InitializesWithItems [< 1 ms]
  Passed TryPeek_WhenStackHasItem_ReturnsTrueAndItem [< 1 ms]
  Passed TryPop_WhenStackHasItem_ReturnsTrueAndItem [< 1 ms]
  Passed ToArrayToListAndCopyTo_SupportNormalAndReversedOrdering [1 ms]
  Passed IndexedTryHelpersAndExplicitFalseReverse_CoverRemainingBranches [< 1 ms]
  Passed AddChildAndAddChildren_CreateParentChildRelationshipsAndDepths [1 ms]
  Passed InsertChild_PlacesNodeAtFrontAndSetsParent [< 1 ms]
  Passed RemoveChild_RemovesExistingNode [< 1 ms]
  Passed DescendentsFlattenAndFlattenNodes_ReturnExpectedSequences [1 ms]
  Passed LeavesGetLeavesAtMaxDepthAndIsAncestor_ReportTreeShape [1 ms]
  Passed FindNodeFindAllFirstAncestorAndSequentialNode_SearchTreeSuccessfully [3 ms]
  Passed FindNode_WhenNotFound_ReturnsNull [< 1 ms]
  Passed RemoveChild_WhenChildNotInTree_ReturnsFalse [< 1 ms]
  Passed FirstAncestor_WhenNoMatch_ReturnsNull [< 1 ms]
  Passed Indexer_ReturnsChildAtSpecifiedIndex [< 1 ms]
  Passed TraverseAndTraverseAncestors_VisitNodesInExpectedOrder [2 ms]
  Passed AdditionalOverloadsAndHelpers_ReturnExpectedResults [1 ms]
  Passed DefaultConstructor_StartsEmpty [1 ms]
  Passed AddRemoveAndClear_UpdateCollectionContents [2 ms]
  Passed SingleItemCollection_SupportsIndexingAndEnumeration [< 1 ms]
  Passed EnumerableConstructor_PopulatesCollection [< 1 ms]
  Passed ConcurrentAddAndRemove_LeaveExpectedFinalSet [13 ms]
  Passed ByteArrayConstructor_CreatesEmptyCollection [< 1 ms]
  Passed FileName_SetAndGet_Works [< 1 ms]
  Passed FolderPath_SetAndGet_Works [< 1 ms]
  Passed Serialize_WithNoPath_IsNoOp [< 1 ms]
  Passed JsonRoundTrip_PreservesItems [1 ms]
  Passed Contains_ExistingItem_ReturnsTrue [< 1 ms]
  Passed Contains_MissingItem_ReturnsFalse [< 1 ms]
  Passed IndexOf_ExistingItem_ReturnsCorrectIndex [< 1 ms]
  Passed CopyTo_CopiesAllItems [< 1 ms]
  Passed Insert_AtIndex_ShiftsExistingItems [< 1 ms]
  Passed RemoveAt_RemovesCorrectItem [< 1 ms]
  Passed IsReadOnly_ReturnsFalse [< 1 ms]
  Passed CollectionChanged_StateUnderTest_AddRaisesEvent [7 ms]
  Passed IsDerivedFromScoDictionaryNew_StronglyTypedDerivative_True [< 1 ms]
  Passed IsDerivedFromScoDictionaryNew_ObjectTypeDerivative_True [1 ms]
  Passed Add_WithoutBatchUpdate_RaisesSingleAddNotification [1 ms]
  Passed AddAndRemove_DuringBatchUpdate_SuppressesNotificationsUntilBatchEnds [< 1 ms]
  Passed Clear_OutsideBatchUpdate_RaisesResetNotification [< 1 ms]
  Passed BeginAndEndUpdate_WithoutMutations_IsEmptyBatchAndRaisesNoEvents [< 1 ms]
  Passed NestedBeginUpdate_RequiresOnlyFinalEndUpdateBeforeNotificationsResume [< 1 ms]
  Passed NewDictionary_StartsEmptyWithNoKeysOrValues [3 ms]
  Passed Add_RaisesAddNotificationAndSupportsTryGetValue [< 1 ms]
  Passed IndexerSettingExistingKey_UpdatesValueAndRaisesReplaceNotification [< 1 ms]
  Passed IndexerSettingMissingKey_AddsEntryAndRaisesAddNotification [< 1 ms]
  Passed Remove_ExistingAndMissingKeys_ReturnExpectedResultsAndNotification [< 1 ms]
  Passed Clear_RemovesAllEntriesAndRaisesResetNotification [3 ms]
  Passed Add_DuplicateKey_ThrowsArgumentException [< 1 ms]
  Passed Subscribe_AndOnNext_InvokeActionAndExposeName [< 1 ms]
  Passed Subscribe_WithNullProvider_DoesNotThrowOrSubscribe [< 1 ms]
  Passed Unsubscribe_RemovesObserverFromProvider [< 1 ms]
  Passed OnCompleted_UnsubscribesObserver [< 1 ms]
  Passed MultipleObservers_AllReceivePublishedValue [< 1 ms]
  Passed OnError_ThrowsNotImplementedException [< 1 ms]
  Passed Constructor_WithActionOnly_SetsActionAndLeavesPayloadAtDefaults [< 1 ms]
  Passed Constructor_WithValues_SetsAllProperties [< 1 ms]
  Passed Constructor_WithNullReferenceKey_PreservesNullKey [< 1 ms]
  Passed Constructor_WithEachSupportedAction_RetainsProvidedAction (Add) [< 1 ms]
  Passed Constructor_WithEachSupportedAction_RetainsProvidedAction (Remove) [< 1 ms]
  Passed Constructor_WithEachSupportedAction_RetainsProvidedAction (Replace) [< 1 ms]
  Passed Constructor_WithEachSupportedAction_RetainsProvidedAction (Move) [< 1 ms]
  Passed Constructor_WithEachSupportedAction_RetainsProvidedAction (Reset) [< 1 ms]
  Passed Constructor_WithActionOnly_SetsActionAndLeavesPayloadAtDefaults [< 1 ms]
  Passed Constructor_WithValues_SetsAllProperties [< 1 ms]
  Passed Constructor_WithNullItem_PreservesNullPayload [< 1 ms]
  Passed Constructor_WithEachSupportedAction_RetainsProvidedAction (Add) [< 1 ms]
  Passed Constructor_WithEachSupportedAction_RetainsProvidedAction (Remove) [< 1 ms]
  Passed Constructor_WithEachSupportedAction_RetainsProvidedAction (Replace) [< 1 ms]
  Passed Constructor_WithEachSupportedAction_RetainsProvidedAction (Move) [< 1 ms]
  Passed Constructor_WithEachSupportedAction_RetainsProvidedAction (Reset) [< 1 ms]
  Passed Constructor_WithEmptyList_ExposesZeroCountAndNoEndpoints [< 1 ms]
  Passed Constructor_WithSingleSeed_ExposesSameHeadAndTailValue [< 1 ms]
  Passed AddOperations_MaintainExpectedOrderAndEndpoints [1 ms]
  Passed AddLast_WithLockedAction_InvokesActionWhileItemExistsInList [1 ms]
  Passed FindMethods_ReturnMatchingNodes [1 ms]
  Passed Clear_WithUnwireAction_InvokesActionForEachItemAndEmptiesList [< 1 ms]
  Passed RemoveOperations_UpdateListContents [1 ms]
  Passed TakeMethods_RemoveAndReturnExpectedItems [< 1 ms]
  Passed CopyTo_AndContains_ReflectCurrentState [< 1 ms]
  Passed ConcurrentAddLast_FromMultipleTasks_PreservesAllItems [1 ms]
  Passed ConcurrentRemove_ByUniqueValue_RemovesAllItems [< 1 ms]
  Passed Remove_WithUnwireAction_InvokesActionBeforeRemoval [< 1 ms]
  Passed Remove_LockingLinkedListNode_RemovesSpecificNode [< 1 ms]
  Passed RemoveFirst_RemovesHeadElement [< 1 ms]
  Passed Clear_WithoutAction_EmptiesList [< 1 ms]
  Passed TakeFirst_N_ThrowsWhenNExceedsCount [< 1 ms]
  Passed TryTakeFirst_N_ReturnsNull_WhenNIsZeroOrNegative [< 1 ms]
  Passed TakeLast_N_RemovesAndReturnsLastNItems [< 1 ms]
  Passed AddBefore_WithLinkedListNode_InsertsBeforeNode [< 1 ms]
  Passed AddAfter_WithLinkedListNode_InsertsAfterNode [< 1 ms]
  Passed AddAfter_WithLockingNode_InsertsAfterNode [< 1 ms]
  Passed MoveAfter_MovesNodeAfterTarget [< 1 ms]
  Passed MoveBefore_MovesNodeBeforeTarget [< 1 ms]
  Passed MoveUp_MovesNodeOnePositionEarlier [< 1 ms]
  Passed MoveUp_AtHead_DoesNothing [< 1 ms]
  Passed MoveDown_MovesNodeOnePositionLater [< 1 ms]
  Passed MoveDown_AtTail_DoesNothing [< 1 ms]
  Passed Find_Predicate_ReturnsNull_WhenNoMatch [< 1 ms]
  Passed FindLast_ReturnsNull_WhenNotFound [< 1 ms]
  Passed Remove_LinkedListNode_RemovesNode [< 1 ms]
  Passed Constructor_WithValue_PreservesValue [< 1 ms]
  Passed Value_Setter_UpdatesStoredValue [< 1 ms]
  Passed Constructor_WithNullValue_PreservesNull [< 1 ms]
  Passed NextAndPrevious_FromWrappedNode_ExposeNeighborNodesAndParentList [< 1 ms]
  Passed EdgeNodes_HaveNullMissingNeighborReference [< 1 ms]
  Passed MoveAfter_ReordersNodeAfterTarget [< 1 ms]
  Passed MoveBefore_ReordersNodeBeforeTarget [< 1 ms]
  Passed MoveUp_ShiftsNodeOnePositionEarlier [< 1 ms]
  Passed MoveDown_ShiftsNodeOnePositionLater [< 1 ms]
  Passed Invalidate_ClearsAllInternalReferences [< 1 ms]
  Passed OnEventOccur_InvokesActionWithArgs [< 1 ms]
  Passed OnEventOccur_CalledMultipleTimes_InvokesActionEachTime [< 1 ms]
  Passed BagChangedEventArgs_ActionOnlyConstructor_SetsAction [< 1 ms]
  Passed BagChangedEventArgs_FullConstructor_SetsAllProperties [< 1 ms]
  Passed OnEventOccur_InvokesActionWithArgs [< 1 ms]
  Passed OnEventOccur_CalledMultipleTimes_InvokesActionEachTime [< 1 ms]
  Passed LockingObservableLinkedListChangedEventArgs_ActionOnlyConstructor_SetsAction [< 1 ms]
  Passed Enqueue_ThenMoveNextAsync_YieldsQueuedItem [12 ms]
  Passed EmptyQueue_MoveNextAsync_WaitsUntilItemIsEnqueued [18 ms]
  Passed CanceledEnumeration_MoveNextAsync_ThrowsOperationCanceledException [2 ms]
  Passed ConcurrentEnqueue_AndSequentialDequeue_PreserveAllItems [1 ms]
  Passed Clone_WithNestedObject_ReturnsDistinctDeepCopy [< 1 ms]
  Passed Clone_WithNullReferenceMembers_PreservesNulls [< 1 ms]
  Passed Clone_WithCollection_ModifyingCloneDoesNotAffectOriginal [< 1 ms]
  Passed Clone_ViaICloneableInterface_ReturnsDistinctCopy [< 1 ms]
  Passed Clone_WithPrimitiveFields_CopiesPrimitiveValues [< 1 ms]
  Passed Clone_ConcreteCloneableExample_InvokesOverridePath [< 1 ms]
  Passed Constructor_SetsIntervalAndStartsDisabled [1 ms]
  Passed StartTimer_RaisesElapsedEvent [20 ms]
  Passed StopTimer_PreventsPendingElapsedEvent [250 ms]
  Passed StartNew_ConfiguresAutoResetAndInvokesCallback [33 ms]
  Passed Constructor_WithZeroInterval_ThrowsArgumentException [< 1 ms]
  Passed Dispose_CanBeCalledMultipleTimesWithoutThrowing [< 1 ms]
  Passed RequestAction_WithConfiguredAction_InvokesActionAfterInterval [31 ms]
  Passed RequestAction_WithProvidedAction_InvokesActionAfterInterval [31 ms]
  Passed CancelAction_PreventsPendingExecution [265 ms]
  Passed RequestAction_WithoutConfiguredAction_ThrowsNullReferenceException [< 1 ms]
  Passed RequestAction_TwiceBeforeExecution_OnlyInvokesCallbackOnce [116 ms]
  Passed AfterActionExecutes_RequestActionCanScheduleAnotherRun [65 ms]
  Passed Enqueue_InvokesBatchActionsOnTimerInterval [36 ms]
  Passed StartTimer_WithoutBatchActions_ThrowsInvalidOperationException [< 1 ms]
  Passed EmptyQueue_AfterSeveralIntervals_StopsTimer [163 ms]
  Passed ConcurrentEnqueue_BatchesAllItems [31 ms]
  Passed DefaultConstructor_InitializesConfigAndQueue [< 1 ms]
  Passed Constructor_WithMilliseconds_SetsBatchActionsAndConfig [< 1 ms]
  Passed StopTimer_WhenTimerNotStarted_DoesNotThrow [< 1 ms]
  Passed Configuration_PropertyChanged_RestartsTimerOnWriteIntervalChange [64 ms]
  Passed Configuration_TryAddTimeout_RoundTrips [< 1 ms]
  Passed Configuration_NotifyPropertyChanged_RaisesEvent [< 1 ms]
  Passed BatchActions_Setter_AllowsReassignment [< 1 ms]
  Passed RequestTask_WithConfiguredTask_InvokesTaskAfterInterval [32 ms]
  Passed RequestTask_WithProvidedTask_InvokesTaskAfterInterval [32 ms]
  Passed CancelTask_PreventsPendingExecution [265 ms]
  Passed RequestTask_WithoutConfiguredTask_ThrowsNullReferenceException [< 1 ms]
  Passed RequestOrResetTask_DefersExecutionUntilLatestRequest [117 ms]
  Passed Add_TryGetValue_RemoveAndClear_WorkAsExpected [1 ms]
  Passed ConcurrentAccess_AddsAndReadsAllEntries [6 ms]
  Passed SerializeToString_ContainsStoredEntries [3 ms]
  Passed Config_IsNotNull [< 1 ms]
  Passed Name_SetAndGet_Works [< 1 ms]
  Passed Constructor_WithCollection_InitializesFromPairs [< 1 ms]
  Passed Constructor_WithComparer_UsesCustomComparer [< 1 ms]
  Passed Serialize_WithNoPath_IsNoOp [< 1 ms]
  Passed JsonRoundTrip_PreservesEntries [< 1 ms]
  Passed ContainsKey_ExistingKey_ReturnsTrue [< 1 ms]
  Passed ContainsKey_MissingKey_ReturnsFalse [< 1 ms]
  Passed DefaultConstructor_StartsEmpty [< 1 ms]
  Passed Constructor_WithDictionary_EnumeratesKeysInSortedOrder [3 ms]
  Passed AddRemoveAndTryGetValue_WorkAsExpected [< 1 ms]
  Passed Add_DuplicateKey_PreservesBothEntries [< 1 ms]
  Passed ConcurrentIndexerAssignments_PreserveAllEntries [7 ms]
  Passed Filename_SetAndGet_Works [< 1 ms]
  Passed Folderpath_SetAndGet_UpdatesFilepath [< 1 ms]
  Passed Serialize_WithNoPath_IsNoOp [< 1 ms]
  Passed JsonRoundTrip_PreservesEntries [< 1 ms]
  Passed Constructor_WithComparer_UsesCustomComparer [< 1 ms]
  Passed IndexerSet_ExistingKey_UpdatesValue [< 1 ms]
  Passed ContainsKey_ExistingKey_ReturnsTrue [< 1 ms]
  Passed ContainsKey_MissingKey_ReturnsFalse [< 1 ms]
  Passed Clear_RemovesAllEntries [< 1 ms]
  Passed Constructor_WithEmptyList_ExposesNoEndpoints [1 ms]
  Passed Constructor_WithSingleSeed_ExposesHeadAndTail [< 1 ms]
  Passed AddFindRemoveAndEnumerate_WorkAsExpected [1 ms]
  Passed ConcurrentOperations_AddAndRemove_LeaveExpectedState [1 ms]
  Passed Config_IsNotNull [< 1 ms]
  Passed Config_Set_UpdatesConfig [< 1 ms]
  Passed Name_SetAndGet_Works [< 1 ms]
  Passed Serialize_WithNoPath_IsNoOp [< 1 ms]
  Passed DeserializeObject_ThrowsNotImplementedException [< 1 ms]
  Passed PropertyChanged_RaisedOnConfigChange [1 ms]
  Passed Clear_RemovesAllNodes [< 1 ms]
  Passed Contains_ExistingItem_ReturnsTrue [< 1 ms]
  Passed Contains_MissingItem_ReturnsFalse [< 1 ms]
  Passed DefaultConstructor_ShouldCreateEmptyList [< 1 ms]
  Passed Constructor_WithCollection_ShouldInitializeList [< 1 ms]
  Passed AddFirst_ShouldAddItemAndRaiseCollectionChanged [2 ms]
  Passed AddLast_ShouldAddItemAndRaiseCollectionChanged [< 1 ms]
  Passed Clear_ShouldRemoveAllItems [< 1 ms]
  Passed Find_ShouldReturnMatchingNode [< 1 ms]
  Passed Find_WhenNotFound_ShouldReturnNull [< 1 ms]
  Passed FindLast_ShouldReturnMatchingNode [< 1 ms]
  Passed Find_WithPredicate_ShouldReturnMatchingNode [< 1 ms]
  Passed Remove_ByValue_ShouldRemoveNode [< 1 ms]
  Passed RemoveFirst_ShouldRemoveFirstNode [< 1 ms]
  Passed RemoveLast_ShouldRemoveLastNode [< 1 ms]
  Passed TakeFirst_ShouldRemoveAndReturnFirstNode [< 1 ms]
  Passed TakeFirst_WhenEmpty_ShouldReturnDefault [< 1 ms]
  Passed TakeFirst_N_ShouldReturnNElements [< 1 ms]
  Passed TakeFirst_N_WhenNExceedsCount_ShouldThrowArgumentOutOfRangeException [< 1 ms]
  Passed TryTakeFirst_ShouldReturnAvailableElements [< 1 ms]
  Passed TryTakeFirst_WhenNLessThan1_ShouldReturnNull [< 1 ms]
  Passed TakeLast_ShouldRemoveAndReturnLastNode [< 1 ms]
  Passed TakeLast_WhenEmpty_ShouldReturnDefault [< 1 ms]
  Passed TryTakeLast_ShouldReturnAvailableElements [< 1 ms]
  Passed TryTakeLast_WhenNLessThan1_ShouldReturnNull [< 1 ms]
  Passed AddOrMoveFirst_WhenItemDoesNotExist_ShouldAdd [< 1 ms]
  Passed AddOrMoveFirst_WhenItemExists_ShouldMoveToFront [< 1 ms]
  Passed AddOrMoveFirst_WhenItemIsAlreadyFirst_ShouldDoNothing [< 1 ms]
  Passed AddOrMoveFirst_WithMax_ShouldRemoveExcessElements [< 1 ms]
  Passed Remove_ByPredicate_ShouldRemoveMatchingNodes [< 1 ms]
  Passed AddBefore_ShouldInsertItem [< 1 ms]
  Passed AddAfter_ShouldInsertItem [< 1 ms]
  Passed AddPartialObserver_ShouldRegisterObserver [2 ms]
  Passed AddPartialObserver_NullObserver_ShouldThrow [< 1 ms]
  Passed Constructor_InitializesDefaults [1 ms]
  Passed JsonSettings_GetReturnsDefaultSettings [< 1 ms]
  Passed NetJsonSettings_GetReturnsDefaultSettings [< 1 ms]
  Passed LocalJsonSettings_GetReturnsDefaultSettings [< 1 ms]
  Passed JsonSettings_Set_UpdatesValueAndNotifies [< 1 ms]
  Passed NetJsonSettings_Set_UpdatesValueAndNotifies [< 1 ms]
  Passed LocalJsonSettings_Set_UpdatesValueAndNotifies [< 1 ms]
  Passed ClassifierActivated_Set_NotifiesPropertyChanged [< 1 ms]
  Passed Disk_SetAndGet_Works [< 1 ms]
  Passed LocalDisk_SetAndGet_Works [< 1 ms]
  Passed NetDisk_SetAndGet_Works [< 1 ms]
  Passed ResetLazy_RestoresDefaultSettings [< 1 ms]
  Passed ResetLazy_WithCustomLazies_UsesProvided [< 1 ms]
  Passed GetDefaultSettings_ReturnsExpectedConfiguration [< 1 ms]
  Passed ActivateLocalDisk_SetsActiveDiskToLocal [< 1 ms]
  Passed ActivateNetDisk_SetsActiveDiskToNet [< 1 ms]
  Passed Clone_ReturnsShallowCopy [< 1 ms]
  Passed DeepCopy_ReturnsIndependentCopy [2 ms]
  Passed CopyFrom_DeepTrue_CopiesAllProperties [< 1 ms]
  Passed CopyFrom_DeepFalse_CopiesAllProperties [< 1 ms]
  Passed CopyChanged_ReturnsListOfChangedProperties [< 1 ms]
  Passed CopyChanged_WithNotify_RaisesPropertyChanged [1 ms]
  Passed CopyChanged_IdenticalConfigs_ReportsOnlyLazySettingsDifferences [3 ms]
  Passed Notify_RaisesPropertyChangedEvent [< 1 ms]
  Passed Constructor_Default_InitializesConfigAndName [< 1 ms]
  Passed Constructor_WithParent_InitializesConfig [< 1 ms]
  Passed Config_Set_UnsubscribesOldAndSubscribesNew [< 1 ms]
  Passed Config_SetNull_DoesNotThrow [< 1 ms]
  Passed Name_SetAndGet_Works [< 1 ms]
  Passed Notify_RaisesPropertyChanged [< 1 ms]
  Passed GetDefaultSettings_ReturnsExpected [< 1 ms]
  Passed DeserializeObject_ValidJson_ReturnsInstance [1 ms]
  Passed DeserializeObject_InvalidJson_ReturnsNull [3 ms]
  Passed DeserializeObject_ValidJson_SetsConfigJsonSettings [< 1 ms]
  Passed Serialize_WithNoPath_IsNoOp [< 1 ms]
  Passed SerializeToString_ProducesJson [< 1 ms]
  Passed Constructor_CreatesInstance [< 1 ms]
  Passed GetDefaultSettings_ReturnsAutoTypeNameHandling [< 1 ms]
  Passed DeserializeObject_ValidJson_ReturnsInstance [< 1 ms]
  Passed DeserializeObject_InvalidJson_ReturnsNull [< 1 ms]
  Passed DeserializeObject_SmartSerializableType_SetsConfigJsonSettings [< 1 ms]
  Passed DeserializeObject_NonSmartSerializableType_ReturnsInstance [1 ms]
  Passed DefaultConstructor_CreatesInstance [< 1 ms]
  Passed Constructor_WithGlobals_SetsGlobals [31 ms]
  Passed Engine_SetAndGet_Works [< 1 ms]
  Passed T_SetAndGet_Works [< 1 ms]
  Passed DeserializeAsync_NullGlobals_ThrowsArgumentNullException [1 ms]
  Passed DeserializeAsync_Binary_NullGlobals_ThrowsArgumentNullException [1 ms]
  Passed TryConvertBinaryToJson_ValidUtf8_ReturnsString [< 1 ms]
  Passed DeserializeConfig_EmptyBinary_ReturnsNull [< 1 ms]
  Passed DeserializeAsync_CancelledToken_ReturnsNull [1 ms]
  Passed IsSmartSerializable_ScoDictionaryInstance_ReturnsFalse [< 1 ms]
  Passed IsSmartSerializable_PlainObject_ReturnsFalse [< 1 ms]
  Passed IsSmartSerializable_TypeOverload_ScoDictionary_ReturnsFalse [< 1 ms]
  Passed IsSmartSerializable_TypeOverload_String_ReturnsFalse [< 1 ms]
  Passed DeserializeObject_ValidJson_ReturnsInstance [< 1 ms]
  Passed DeserializeObject_InvalidJson_ReturnsDefault [< 1 ms]
  Passed DeserializeObject_NonSmartSerializable_ReturnsInstance [< 1 ms]
  Passed DeserializeObject_SmartSerializable_SetsConfigJsonSettings [< 1 ms]
  Passed IsSmartSerializable_SmartSerializableType_ReturnsTrue [< 1 ms]
  Passed IsSmartSerializable_ScoDictionary_ReturnsFalse [< 1 ms]
  Passed IsSmartSerializable_ScoCollection_ReturnsFalse [< 1 ms]
  Passed IsSmartSerializable_PlainString_ReturnsFalse [< 1 ms]
  Passed IsSmartSerializable_Int_ReturnsFalse [< 1 ms]
  Passed IsSmartSerializable_ScoBag_ReturnsFalse [< 1 ms]
  Passed IsSmartSerializable_ObjectType_ReturnsFalse [< 1 ms]
  Passed Constructor_WithGlobalsAndConfig_SetsProperties [4 ms]
  Passed GetToDoTable_returns_null_or_safe_result_when_folder_is_missing [< 1 ms]
  Passed Column_configuration_applies_expected_defaults [< 1 ms]
  Passed GetColumnDictionary_returns_expected_name_value_pairs [< 1 ms]
  Passed Retry_stops_after_successful_table_call [< 1 ms]
  Passed Retry_returns_controlled_failure_after_exhaustion [< 1 ms]
  Passed ToObjectRow_projects_binary_and_scalar_values_correctly [< 1 ms]
  Passed GetColumnDictionary_BothNull_ReturnsEmptyDictionary [3 ms]
  Passed GetColumnDictionary_NullNames_ReturnsEmptyDictionary [< 1 ms]
  Passed GetColumnDictionary_NullValues_ReturnsEmptyDictionary [< 1 ms]
  Passed GetColumnDictionary_MatchingArrays_ReturnsMappedPairs [< 1 ms]
  Passed GetColumnDictionary_MismatchedLengths_UsesMinimum [< 1 ms]
  Passed RunTableRetry_SucceedsFirstTry_ReturnsResult [< 1 ms]
  Passed RunTableRetry_FailsAllAttempts_ReturnsDefault [< 1 ms]
  Passed RunTableRetry_FailsThenSucceeds_ReturnsResult [< 1 ms]
  Passed RunTableRetry_ZeroAttempts_TriesOnce [< 1 ms]
  Passed ToObjectRow_NullValues_ReturnsEmptyArray [< 1 ms]
  Passed ToObjectRow_ValidValues_ReturnsSameArray [< 1 ms]
  Passed RemoveColumns_NullTable_NoException [< 1 ms]
  Passed RemoveColumns_NullColumnNames_NoException [4 ms]
  Passed RemoveColumns_EmptyColumnNames_NoException [< 1 ms]
  Passed RemoveColumns_ValidColumn_CallsRemove [12 ms]
  Passed RemoveColumns_COMExceptionNotFound_LogsAndContinues [34 ms]
  Passed RemoveColumns_COMExceptionReadOnly_LogsAndContinues [< 1 ms]
  Passed RemoveColumns_COMExceptionTimeout_ThrowsTimeoutException [< 1 ms]
  Passed RemoveColumns_COMExceptionMessageTimeout_ThrowsTimeoutException [< 1 ms]
  Passed RemoveColumns_Parameterless_NullTable_NoException [< 1 ms]
  Passed RemoveColumns_Parameterless_ValidTable_CallsRemoveAll [< 1 ms]
  Passed AddColumns_NullTable_NoException [< 1 ms]
  Passed AddColumns_ValidTable_AddsColumns [1 ms]
  Passed ETL_NullTable_ReturnsNulls [17 ms]
  Passed ETL_EmptyTable_ReturnsEmptyData [15 ms]
  Passed GetColumnDictionary_Table_ReturnsMappedColumns [< 1 ms]
  Passed GetColumnDictionary_DuplicateColumnNames_HandlesGracefully [3 ms]
  Passed WriteValuesToData_RawValues_WritesCorrectly [< 1 ms]
  Passed WriteValuesToData_WithBinIndices_OverridesCorrectly [< 1 ms]
  Passed WriteValuesToData_WithObjIndices_OverridesCorrectly [< 1 ms]
  Passed ToObjectRow_WithBinIndices_OverridesValues [< 1 ms]
  Passed ToObjectRow_WithObjIndices_OverridesValues [< 1 ms]
  Passed ToObjectRow_NullIndices_ReturnsUnchanged [< 1 ms]
  Passed RemoveColumns_COMExceptionUnknownCode_Rethrows [< 1 ms]
  Passed ConvertObjectColumnsToString_NullConverters_ReturnsEmpty [7 ms]
  Passed GetTableInView_NullView_ThrowsInvalidOperationException [17 ms]
  Passed GetToDoTable_StoreThrowsOnGetDefaultFolder_ReturnsNull [6 ms]
  Passed GetToDoTable_ValidStore_ReturnsTableWithColumns [19 ms]
  Passed GetToDoTable_FolderWithExistingField_ReturnsTable [3 ms]
  Passed GetToDoTable_ItemWithEmptyEntryId_SkipsItem [25 ms]
  Passed GetToDoTable_ItemThrowsOnAccess_ContinuesToNextItem [1 ms]
  Passed GetToDoTable_UserPropsAddThrows_StillReturnsTable [2 ms]
  Passed Transform_returns_expected_row_shape_for_resolved_conversation_items [< 1 ms]
  Passed Resolver_failure_returns_controlled_result_without_live_outlook [< 1 ms]
  Passed SafeResolveConversationItem_NullNamespace_ReturnsNull [< 1 ms]
  Passed SafeResolveConversationItem_NullResolver_ReturnsNull [< 1 ms]
  Passed SafeResolveConversationItem_BothNull_ReturnsNull [< 1 ms]
  Passed SafeResolveConversationItem_ValidInputs_ReturnsResolverResult [< 1 ms]
  Passed SafeResolveConversationItem_ResolverThrows_ReturnsNull [< 1 ms]
  Passed PadOrTrunc_RightJustify_ShortString_PadsLeft [1 ms]
  Passed PadOrTrunc_RightJustify_LongString_TruncatesWithDots [< 1 ms]
  Passed PadOrTrunc_LeftJustify_ShortString_PadsRight [< 1 ms]
  Passed PadOrTrunc_LeftJustify_LongString_TruncatesWithDots [< 1 ms]
  Passed PadOrTrunc_CenterJustify_ShortString_PadsBothSides [< 1 ms]
  Passed PadOrTrunc_CenterJustify_LongString_TruncatesWithDots [< 1 ms]
  Passed PadOrTrunc_ExactWidth_ReturnsUnchanged [< 1 ms]
  Passed JoinFixedWidth_FormatsColumnsWithDividers [< 1 ms]
  Passed JoinFixedWidth_SingleCell_FormatsCorrectly [< 1 ms]
  Passed GetMailItemList_Strict_NullDf_ThrowsArgumentNullException [1 ms]
  Passed GetMailItemList_Strict_MissingEntryIDColumn_ThrowsArgumentOutOfRangeException [2 ms]
  Passed GetMailItemList_Strict_EmptyDf_ThrowsArgumentOutOfRangeException [< 1 ms]
  Passed GetMailItemList_NotStrict_NullDf_ReturnsEmptyList [< 1 ms]
  Passed GetMailItemList_NotStrict_MissingEntryIDColumn_ReturnsEmptyList [< 1 ms]
  Passed GetMailItemList_NotStrict_EmptyDf_ReturnsEmptyList [< 1 ms]
  Passed GetMailItemList_NoBoolOverload_NullDf_ReturnsEmptyList [< 1 ms]
  Passed GetMailItemList_NoBoolOverload_EmptyDf_ReturnsEmptyList [< 1 ms]
  Passed GetMailItemList_NoBoolOverload_DfWithEntryIDColumn_ReturnsItems [11 ms]
  Passed FilterConversation_NullDf_ReturnsNull [< 1 ms]
  Passed FilterConversation_NoFilters_ReturnsSameDf [1 ms]
  Passed FilterConversation_SameFolderTrue_FiltersToFolder [11 ms]
  Passed FilterConversation_MailOnlyTrue_FiltersToIPMNote [< 1 ms]
  Passed FilterConversation_BothFilters_FiltersToFolderAndMail [< 1 ms]
  Passed GetConversation_NullObject_ReturnsNull [< 1 ms]
  Passed GetConversation_MailItem_ReturnsConversation [4 ms]
  Passed GetConversation_MeetingItem_ReturnsConversation [< 1 ms]
  Passed GetConversation_PostItem_ReturnsConversation [21 ms]
  Passed GetConversation_UnsupportedType_ReturnsNull [< 1 ms]
  Passed IsSupportedType_MailItem_ReturnsTrue [< 1 ms]
  Passed IsSupportedType_MeetingItem_ReturnsTrue [< 1 ms]
  Passed IsSupportedType_PostItem_ReturnsTrue [< 1 ms]
  Passed IsSupportedType_String_ReturnsFalse [< 1 ms]
  Passed IsSupportedType_Int_ReturnsFalse [< 1 ms]
  Passed ResolveType_MailItem_ReturnsMailItemType [< 1 ms]
  Passed ResolveType_MeetingItem_ReturnsMeetingItemType [< 1 ms]
  Passed ResolveType_PostItem_ReturnsPostItemType [< 1 ms]
  Passed ResolveType_UnsupportedType_ThrowsArgumentException [2 ms]
  Passed ConversationCt_NonMailItem_ReturnsMinusOne [< 1 ms]
  Passed ConversationCt_NullObject_ReturnsMinusOne [< 1 ms]
  Passed GetConversationDf_NonMailItem_ReturnsNull [< 1 ms]
  Passed GetConversationDf_NullObject_ReturnsNull [< 1 ms]
  Passed GetConversationDf_NullConversation_ReturnsNull [< 1 ms]
  Passed GetTable_NullConversation_ReturnsNull [< 1 ms]
  Passed GetTable_NullConversation_NoFlags_ReturnsNull [< 1 ms]
  Passed GetTable_ValidConversation_WithFolder_AddsColumns [< 1 ms]
  Passed GetTable_ValidConversation_WithStore_AddsStoreColumn [< 1 ms]
  Passed GetTable_ValidConversation_BothFlags_AddsAllColumns [< 1 ms]
  Passed ConversationColumnSchemas_ContainsExpectedEntries [< 1 ms]
  Passed Justify_HasExpectedValues [< 1 ms]
  Passed GetInfoTable_ValidConversation_ReturnsTableWithAddedColumns [< 1 ms]
  Passed GetMailItemList_Strict_ValidDf_ReturnsItems [< 1 ms]
  Passed ConversationCt_MailItem_NullConversation_ReturnsZero [< 1 ms]
  Passed ConversationCt_MailItem_WithConversation_EmptyTable_ReturnsZero [11 ms]
  Passed ConversationCt_MailItem_NoFilters_ReturnsZero [3 ms]
  Passed GetConversationDf_MailItem_NullConversation_ReturnsNull [< 1 ms]
  Passed GetConversationDf_MailItem_WithConversation_COMException_ReturnsNull [< 1 ms]
  Passed GetConversationDf_MailItem_WithConversation_EmptyTable_ReturnsEmptyDf [3 ms]
  Passed GetConversationDf_Conversation_COMExceptionRetries_EventuallyReturnsNull [< 1 ms]
  Passed GetConversationTable_SetsUpColumnsAndRemovesEntryID [< 1 ms]
  Passed GetConversationDfAsync_CancelledToken_Throws [1 ms]
  Passed GetConversationDf_MailItemPath_COMException_ReturnsNull [< 1 ms]
  Passed GetDataFrameAsync_NullFromTimeout_ReturnsNull [2 ms]
  Passed EnumerateColumnHeaders_FormatsHeaders [2 ms]
  Passed GetConversationDf_Conversation_SuccessfulFirstTry_ReturnsDf [1 ms]
  Passed GetConversationDf_Conversation_COMExceptionThenSuccess_ReturnsDf [4 ms]
  Passed GetMailItemList_NoBoolOverload_DfWithoutEntryIDColumn_ReturnsEmptyList [< 1 ms]
  Passed ValidPropertyArgs_rejects_missing_required_inputs [6 ms]
  Passed GetUdfValue_returns_expected_lookup_value_for_known_field [< 1 ms]
  Passed ValidPropertyArgs_WhenStringValueForTextType_ShouldReturnTrue [< 1 ms]
  Passed ValidPropertyArgs_WhenDoubleValueForNumberType_ShouldReturnTrue [< 1 ms]
  Passed ValidPropertyArgs_WhenBoolValueForYesNoType_ShouldReturnTrue [< 1 ms]
  Passed ValidPropertyArgs_WhenIntValueForIntegerType_ShouldReturnTrue [< 1 ms]
  Passed ValidPropertyArgs_WhenWrongTypeForField_ShouldReturnFalse [< 1 ms]
  Passed TryGetProperty_WhenAccessorReturnsValue_ShouldReturnValue [< 1 ms]
  Passed TryGetProperty_WhenAccessorThrows_ShouldReturnNull [< 1 ms]
  Passed TryGetPropertyGeneric_WhenAccessorReturnsValue_ShouldReturnTypedValue [1 ms]
  Passed TryGetPropertyGeneric_WhenAccessorThrows_ShouldReturnDefault [< 1 ms]
  Passed Exists_WhenPropertyExists_ShouldReturnTrue [< 1 ms]
  Passed Exists_WhenPropertyThrows_ShouldReturnFalse [< 1 ms]
  Passed TrySetProperty_WhenSetSucceeds_ShouldReturnTrue [< 1 ms]
  Passed TrySetProperty_WhenSetThrows_ShouldReturnFalse [< 1 ms]
  Passed GetUdfValue_WhenPropertyIsNull_ShouldReturnDefaultForType [9 ms]
  Passed GetUdfValue_WhenPropertyIsNull_ShouldReturnZeroForNumericType [< 1 ms]
  Passed GetUdfValue_WhenPropertyIsNull_ShouldReturnFalseForBoolType [< 1 ms]
  Passed GetUdfValue_WhenPropertyIsNull_ShouldReturnNullForOtherType [< 1 ms]
  Passed GetUdfValueGeneric_WhenPropertyIsNull_ShouldReturnDefault [< 1 ms]
  Passed GetUdfString_WhenPropertyIsNull_ShouldReturnEmpty [< 1 ms]
  Passed SafeGetPropertyAccessorValue_WhenAccessorIsNull_ShouldReturnNull [< 1 ms]
  Passed SafeGetPropertyAccessorValue_WhenAccessorThrows_ShouldReturnNull [< 1 ms]
  Passed Known_property_tag_returns_expected_constant [< 1 ms]
  Passed Unknown_property_tag_returns_safe_result [< 1 ms]
  Passed Init_WhenStoreIsNotPublicFolder_ProjectsDisplayNameRootFolderInboxAndUserEmailAddress [24 ms]
  Passed Init_WhenStoreIsPublicFolder_DoesNotPopulateInbox [< 1 ms]
  Passed GetSmtpAddressFromStore_WhenExchangeUserIsUnavailable_ReturnsNull [< 1 ms]
  Passed GetSmtpAddressFromStore_WhenExchangeLookupThrowsComException_ReturnsNull [< 1 ms]
  Passed TryRestore_WhenRestoreSucceeds_ShouldReturnTrue [1 ms]
  Passed TryRestore_WhenRestoreThrows_ShouldReturnFalse [< 1 ms]
  Passed ConfigurableProperties_ShouldHaveDefaultValues [< 1 ms]
  Passed GetSmtpAddressFromStore_WhenRootFolderIsNull_ShouldReturnNull [< 1 ms]
  Passed Constructor_WithController_AssignsController [26 ms]
  Passed ButtonOk_Click_ForwardsToControllerAndClosesViewer [47 ms]
  Passed ButtonCancel_Click_ForwardsToControllerAndClosesViewer [1 ms]
  Passed DisplayName_SelectedValueChanged_ForwardsToControllerAndPopulatesViewer [25 ms]
  Passed ForwardingHandlers_WhenControllerIsNull_DoNotThrow [1 ms]
  Passed CreateAsync_WhenCancellationAlreadyRequested_ThrowsOperationCanceledException [1 ms]
  Passed CreateAsync_WhenGlobalsAreNull_ThrowsNullReferenceException [1 ms]
  Passed Constructor_WithoutGlobals_SetsDefaultFlagsAndCollections [< 1 ms]
  Passed Constructor_WithGlobals_PreservesGlobalsReference [< 1 ms]
  Passed Init_WhenStoresMatchFilters_ProjectsOnlyIncludedStores [15 ms]
  Passed RewireOlObjectsAsync_WhenStoresCollectionIsNull_InitializesAndAddsFilteredStores [1 ms]
  Passed RewireOlObjectsAsync_WhenStoreDisplayNameAlreadyExists_RestoresExistingWrapperWithoutAddingDuplicate [1 ms]
  Passed InclusionFilters_ExcludePublicFoldersWhenConfigured [< 1 ms]
  Passed InclusionFilters_ExcludeMatchingDisplayNames_IgnoringCase ("Archive","Team Archive") [< 1 ms]
  Passed InclusionFilters_ExcludeMatchingDisplayNames_IgnoringCase ("archive","TEAM ARCHIVE") [< 1 ms]
  Passed InclusionFilters_ExcludeMatchingGwsoPaths_IgnoringCase [< 1 ms]
  Passed InclusionFilters_ExcludeMatchingFilePaths_IgnoringWhitespaceEntries [< 1 ms]
  Passed InclusionFilters_WhenFilePathAccessThrows_TreatsPathAsUnavailable [< 1 ms]
  Passed InclusionFilters_WhenNoExclusionMatches_ReturnsTrue [< 1 ms]
  Passed Controller_applies_selected_folder_when_dialog_returns_success [< 1 ms]
  Passed Controller_leaves_state_unchanged_when_dialog_is_cancelled [< 1 ms]
  Passed RunFolderSelectionDialog_NullSelector_ReturnsFalse [< 1 ms]
  Passed RunFolderSelectionDialog_SelectorReturnsTrue_ReturnsTrue [< 1 ms]
  Passed RunFolderSelectionDialog_SelectorReturnsFalse_ReturnsFalse [< 1 ms]
  Passed PairwiseEquals_BothNull_ReturnsTrue [< 1 ms]
  Passed PairwiseEquals_FirstNull_ReturnsFalse [< 1 ms]
  Passed PairwiseEquals_SecondNull_ReturnsFalse [< 1 ms]
  Passed PairwiseEquals_Equal_ReturnsTrue [< 1 ms]
  Passed PairwiseEquals_NotEqual_ReturnsFalse [< 1 ms]
  Passed Constructor_SetsGlobals [< 1 ms]
  Passed AnyChanges_AllNull_ReturnsFalse [< 1 ms]
  Passed ButtonCancel_Click_ClosesViewer [< 1 ms]
  Passed GetRelativeFsPath_NullArchiveFsRoot_ReturnsPlaceholder [< 1 ms]
  Passed SaveChanges_SetsCurrentProperties [3 ms]
  Passed ButtonOk_Click_NoChanges_ClosesViewer [2 ms]
  Passed ButtonOk_Click_WithChanges_SavesAndCloses [< 1 ms]
  Passed AnyChanges_ArchiveOutlookDiffers_ReturnsTrue [< 1 ms]
  Passed AnyChanges_JunkEmailDiffers_ReturnsTrue [< 1 ms]
  Passed AnyChanges_JunkPotentialDiffers_ReturnsTrue [< 1 ms]
  Passed GetRelativeFsPath_ArchiveFsWithEmptyPath_ReturnsPlaceholder [< 1 ms]
  Passed GetRelativeFsPath_ArchiveFsWithPath_ConverterReturnsEmpty_ReturnsPlaceholder [< 1 ms]
  Passed GetRelativeFsPath_ArchiveFsWithPath_ConverterReturnsValues_ReturnsFormatted [< 1 ms]
  Passed PopulateWithCurrent_NullCurrent_SetsErrorLoadingText [1 ms]
  Passed PopulateWithCurrent_CurrentSetWithNulls_SetsPlaceholders [< 1 ms]
  Passed ArchiveOutlook_Click_NullSelectedFolder_LeavesNull [1 ms]
  Passed JunkEmail_Click_NullSelectedFolder_LeavesNull [< 1 ms]
  Passed JunkPotential_Click_NullSelectedFolder_LeavesNull [< 1 ms]
  Passed ConvertRecipientToHtml_ShouldFormatDisplayNameAndMailToLink [< 1 ms]
  Passed ExtractNameFromAddress_ShouldReturnExpectedNameParts ("ada@example.com","ada",null,"example.com") [6 ms]
  Passed ExtractNameFromAddress_ShouldReturnExpectedNameParts ("ada.lovelace@example.com","ada","lovelace","example.com") [< 1 ms]
  Passed ExtractNameFromAddress_ShouldReturnExpectedNameParts ("a.b.charles.babbage@example.com","charles","babbage","example.com") [< 1 ms]
  Passed ExtractNameFromAddress_WithMalformedAddress_ReturnsNullParts [< 1 ms]
  Passed GetSenderInfo_WithNullMailItem_ThrowsArgumentNullException [< 1 ms]
  Passed GetSenderInfo_WithEmptyMeetingSenderName_ReturnsBlankRecipientInfo [< 1 ms]
  Passed GetSenderInfo_WithNullMailSender_ReturnsBlankRecipientInfo [< 1 ms]
  Passed GetSenderInfo_WithNameSpaceAndResolvedSender_ReturnsResolvedRecipientInfo [2 ms]
  Passed GetSenderInfo_WithNameSpaceAndUnresolvedSender_FallsBackToMailSenderValues [1 ms]
  Passed ToResolvedRecipient_WhenRecipientDoesNotResolve_ReturnsOriginalRecipientAfterResolveAttempt [< 1 ms]
  Passed GetSenderName_ForMailItem_ShouldReturnSenderName [< 1 ms]
  Passed GetSenderName_ForMeetingItem_ShouldReturnSenderName [< 1 ms]
  Passed GetSenderAddress_ForMailItem_ShouldReturnSenderEmailAddress [< 1 ms]
  Passed GetSenderAddress_ForMeetingItem_ShouldReturnSenderEmailAddress [< 1 ms]
  Passed GetSenderInfo_ForMeetingWithValidSender_ShouldReturnPopulatedRecipientInfo [< 1 ms]
  Passed GetSenderInfo_ForMailWithValidSender_ShouldReturnPopulatedRecipientInfo [< 1 ms]
  Passed GetRecipientInfo_ShouldReturnNameAndAddress [< 1 ms]
  Passed GetSenderInfo_ForNullMeetingItem_ShouldThrowArgumentNullException [< 1 ms]
  Passed ToResolvedRecipient_AddressEntry_WhenResolves_ShouldReturnResolvedRecipient [< 1 ms]
  Passed ToResolvedRecipient_AddressEntry_WhenNotResolved_ShouldReturnDefault [< 1 ms]
  Passed Constructor_WithValues_PopulatesProperties [< 1 ms]
  Passed Properties_CanBeUpdatedAfterDefaultConstruction [< 1 ms]
  Passed Equals_ShouldReturnTrue_WhenNameAndAddressMatch ("Ada","ada@example.com","Ada","ada@example.com") [< 1 ms]
  Passed Equals_ShouldReturnTrue_WhenNameAndAddressMatch (null,"ada@example.com",null,"ada@example.com") [< 1 ms]
  Passed Equals_ShouldReturnTrue_WhenNameAndAddressMatch ("Ada",null,"Ada",null) [< 1 ms]
  Passed Equals_ShouldReturnFalse_WhenOtherIsNull [< 1 ms]
  Passed Equals_ShouldReturnFalse_WhenBothCandidatesLackNameAndAddress [< 1 ms]
  Passed Equals_ShouldReturnFalse_WhenOnlyOneCandidateHasIdentityData [< 1 ms]
  Passed Equals_ShouldReturnFalse_WhenNameOrAddressDiffers [< 1 ms]
  Passed GetHashCode_ShouldMatchForEquivalentRecipients_AndDifferForDifferentIdentity [< 1 ms]
  Passed ResolveFolderRoot_WhenFolderPathContainsArchiveRoot_ShouldReturnArchiveRoot [1 ms]
  Passed CompressPlainText_ShouldStripConfiguredSectionsAndAppendEndMarker [6 ms]
  Passed ToggleDark_ShouldInjectAndThenRemoveDarkModeHeader [1 ms]
  Passed GetHtml_ShouldInjectEmailHeaderIntoBodyMarkup [1 ms]
  Passed RecipientsEquivalent_ShouldHandleNullAndMismatchedArrays [2 ms]
  Passed CompressPlainText_collapses_runs_of_whitespace [< 1 ms]
  Passed CompressPlainText_returns_safe_value_for_null_or_empty_input [< 1 ms]
  Passed Projection_returns_subject_and_entry_id_from_mock_mail_item [< 1 ms]
  Passed Projection_returns_safe_defaults_when_member_lookup_fails [< 1 ms]
  Passed DefaultConstructor_CreatesInstance [1 ms]
  Passed TryProjectMailItemMembers_NullSource_ReturnsSafeDefaults [< 1 ms]
  Passed TryProjectMailItemMembers_WithNullProperties_ReturnsSafeDefaults [< 1 ms]
  Passed Properties_SetAndGet_RoundTrip [< 1 ms]
  Passed SenderProperties_SetAndGet [< 1 ms]
  Passed RecipientProperties_SetAndGet [< 1 ms]
  Passed FolderName_SetAndGet [< 1 ms]
  Passed Size_SetAndGet [< 1 ms]
  Passed SentDate_SetAndGet [1 ms]
  Passed UnRead_SetAndGet_ViaReflection [< 1 ms]
  Passed IsTaskFlagSet_SetAndGet [< 1 ms]
  Passed InternetCodepage_SetAndGet [< 1 ms]
  Passed PlainTextOptions_Default_IsStripAll [< 1 ms]
  Passed PlainTextOptions_SetAndGet [< 1 ms]
  Passed SetSender_SetsAllSenderFields [1 ms]
  Passed Equals_NullOther_ReturnsFalse [< 1 ms]
  Passed Equals_SameReference_ReturnsTrue [< 1 ms]
  Passed Equals_DifferentSize_ReturnsFalse [< 1 ms]
  Passed Equals_DifferentSubject_ReturnsFalse [< 1 ms]
  Passed Equals_DifferentSentDate_ReturnsFalse [< 1 ms]
  Passed Equals_MatchingValues_ReturnsTrue [< 1 ms]
  Passed RecipientsEquivalent_BothNull_ReturnsTrue [< 1 ms]
  Passed RecipientsEquivalent_SourceNull_ReturnsFalse [< 1 ms]
  Passed RecipientsEquivalent_OtherNull_ReturnsFalse [< 1 ms]
  Passed RecipientsEquivalent_DifferentLength_ReturnsFalse [< 1 ms]
  Passed RecipientsEquivalent_SameElements_ReturnsTrue [< 1 ms]
  Passed ToMatchableObject_CopiesRelevantFields [< 1 ms]
  Passed ToSerializableObject_ReturnsItemInfo [1 ms]
  Passed CompressPlainText_StripReplyHeader_RemovesReplyHeaderOnly [< 1 ms]
  Passed CompressPlainText_StripReplyBody_RemovesBody [< 1 ms]
  Passed CompressPlainText_ShowStripped_InsertsTags [< 1 ms]
  Passed ToggleDark_WithExplicitState_On_AddsDarkStyle [< 1 ms]
  Passed ToggleDark_WithExplicitState_Off_WhenAlreadyOff_NoChange [< 1 ms]
  Passed ToggleDark_WithExplicitState_OnThenOff_RestoresOriginal [< 1 ms]
  Passed ResolveFolderRoot_WhenPathDoesNotContainArchive_ReturnsInbox [< 1 ms]
  Passed PropertyChanged_RaisedWhenRecipientNameSet [< 1 ms]
  Passed PropertyChanged_RaisedWhenCcNameSet [< 1 ms]
  Passed ExtractSummary_ShouldReturnExpectedValues_ForAppointmentItem [1 ms]
  Passed ExtractSummary_ShouldPreserveNullSubject_ForAppointmentItem [< 1 ms]
  Passed ExtractSummary_ShouldReturnExpectedValues_ForReadableMailItem [1 ms]
  Passed ExtractSummary_ShouldReturnFallbackValues_ForUnreadableMailItem [< 1 ms]
  Passed Extract_ShouldReturnFilteredSummary_WhenFlagsSelectSubset [< 1 ms]
  Passed Extract_ShouldReturnRuntimeType_WhenItemTypeIsUnsupported [< 1 ms]
  Passed ExtractSummary_ObjectOverload_ShouldThrowArgumentException_ForUnsupportedType [< 1 ms]
  Passed ToString_ShouldIncludeSelectedFlags_AndRenderNullValuesAsEmptyText [< 1 ms]
  Passed SetCategories_WhenItemIsSupported_ShouldAssignCategoriesAndSave [2 ms]
  Passed GetCategories_WhenItemIsSupported_ShouldReturnCategories [< 1 ms]
  Passed SetCategories_WhenItemIsUnsupported_ShouldThrowArgumentException [< 1 ms]
  Passed NoConflicts_WhenConflictCountIsZero_ShouldReturnTrue [4 ms]
  Passed NoConflicts_WhenConflictLookupThrows_ShouldReturnFalse [1 ms]
  Passed OnlyMailItems_ShouldReturnOnlyMailItemsFromSelection [4 ms]
  Passed OnlySupportedObjects_ShouldReturnSupportedOutlookObjectsOnly [< 1 ms]
  Passed SetCategories_WhenItemIsTaskItem_ShouldAssignCategoriesAndSave [< 1 ms]
  Passed SetCategories_WhenItemIsAppointmentItem_ShouldAssignCategoriesAndSave [< 1 ms]
  Passed SetCategories_WhenItemIsMeetingItem_ShouldAssignCategoriesAndSave [< 1 ms]
  Passed GetCategories_WhenItemIsMailItem_ShouldReturnCategories [< 1 ms]
  Passed GetCategories_WhenItemIsAppointmentItem_ShouldReturnCategories [< 1 ms]
  Passed GetCategories_WhenItemIsMeetingItem_ShouldReturnCategories [< 1 ms]
  Passed GetCategories_WhenItemIsUnsupported_ShouldThrowArgumentException [< 1 ms]
  Passed NoConflicts_WhenItemIsTaskItem_ShouldReturnTrue [< 1 ms]
  Passed NoConflicts_WhenItemIsMeetingItem_ShouldReturnTrue [< 1 ms]
  Passed NoConflicts_WhenItemIsAppointmentItem_ShouldReturnTrue [< 1 ms]
  Passed NoConflicts_WhenItemIsUnsupported_ShouldReturnFalse [< 1 ms]
  Passed Try_WhenWrappingOutlookItem_ShouldReturnSafeWrapper [< 1 ms]
  Passed Try_WhenWrappingFlaggableInterface_ShouldReturnFlaggableSafeWrapper [10 ms]
  Passed TryGet_WhenWrappingOutlookItem_ShouldReturnTryGetWrapper [< 1 ms]
  Passed IsValid_WhenItemIsNull_ShouldReturnFalse [< 1 ms]
  Passed IsValid_WhenInnerObjectIsNull_ShouldReturnFalse [< 1 ms]
  Passed IsValid_WhenInnerObjectIsSupported_ShouldReturnTrue [< 1 ms]
  Passed IsValid_WhenInnerObjectIsUnsupported_ShouldReturnFalse [< 1 ms]
  Passed GetOlItemType_WhenInnerObjectIsSupported_ShouldReturnMappedValue (Microsoft.Office.Interop.Outlook.MailItem,olMailItem) [7 ms]
  Passed GetOlItemType_WhenInnerObjectIsSupported_ShouldReturnMappedValue (Microsoft.Office.Interop.Outlook.TaskItem,olTaskItem) [< 1 ms]
  Passed GetOlItemType_WhenInnerObjectIsSupported_ShouldReturnMappedValue (Microsoft.Office.Interop.Outlook.MeetingItem,olAppointmentItem) [< 1 ms]
  Passed GetOlItemType_WhenInnerObjectIsUnsupported_ShouldThrowArgumentException [< 1 ms]
  Passed TryGet_ShouldReturnValueWhenCallSucceeds [< 1 ms]
  Passed TryGet_ShouldReturnDefault_WhenCallThrowsSystemException [< 1 ms]
  Passed TrySet_ShouldNotThrow_WhenSetterThrowsSystemException [< 1 ms]
  Passed TryCall_Action_ShouldNotThrow_WhenActionThrowsSystemException [< 1 ms]
  Passed TryCall_Func_ShouldReturnDefault_WhenFuncThrowsSystemException [< 1 ms]
  Passed TryCall_Func_ShouldReturnValue_WhenFuncSucceeds [< 1 ms]
  Passed GetOlItemType_WhenInnerObjectIsAdditionalSupportedType_ShouldReturnMappedValue (Microsoft.Office.Interop.Outlook.AppointmentItem,olAppointmentItem) [< 1 ms]
  Passed GetOlItemType_WhenInnerObjectIsAdditionalSupportedType_ShouldReturnMappedValue (Microsoft.Office.Interop.Outlook.ContactItem,olContactItem) [48 ms]
  Passed GetOlItemType_WhenInnerObjectIsAdditionalSupportedType_ShouldReturnMappedValue (Microsoft.Office.Interop.Outlook.JournalItem,olJournalItem) [16 ms]
  Passed GetOlItemType_WhenInnerObjectIsAdditionalSupportedType_ShouldReturnMappedValue (Microsoft.Office.Interop.Outlook.NoteItem,olNoteItem) [6 ms]
  Passed GetOlItemType_WhenInnerObjectIsAdditionalSupportedType_ShouldReturnMappedValue (Microsoft.Office.Interop.Outlook.PostItem,olPostItem) [< 1 ms]
  Passed IsValid_WhenInnerObjectIsAppointment_ShouldReturnTrue [< 1 ms]
  Passed IsValid_WhenInnerObjectIsTask_ShouldReturnTrue [< 1 ms]
  Passed IsValid_WhenInnerObjectIsContact_ShouldReturnTrue [< 1 ms]
  Passed IsValid_WhenInnerObjectIsNote_ShouldReturnTrue [< 1 ms]
  Passed IsValid_WhenInnerObjectIsPost_ShouldReturnTrue [< 1 ms]
  Passed Constructor_WithIOutlookItem_ShouldWrapExistingMetadata [1 ms]
  Passed Complete_WhenWrappingTaskItem_ShouldReadCompleteProperty [1 ms]
  Passed Complete_WhenWrappingMailItem_ShouldReadFlagStatus [1 ms]
  Passed CompleteSetter_WhenReflectionSetterCannotBeBound_ShouldThrowMissingMethodException [1 ms]
  Passed DueDate_WhenWrappingTaskItem_ShouldReadDueDate [< 1 ms]
  Passed FlagAsTask_WhenWrappingTaskItem_ShouldAlwaysBeTrue [< 1 ms]
  Passed FlagAsTaskSetter_WhenEnableCallCannotBeBound_ShouldLeaveStateUnchanged [< 1 ms]
  Passed FlagAsTaskSetter_WhenDisableCallCannotBeBound_ShouldThrowArgumentOutOfRangeException [< 1 ms]
  Passed TaskSubject_WhenWrappingTaskItem_ShouldProxySubject [1 ms]
  Passed TotalWork_WhenWrappingMailItem_ShouldReadFromPropertyAccessor [< 1 ms]
  Passed TotalWorkSetter_WhenTrySetFails_ShouldRetryWithDirectSetProperty [2 ms]
  Passed TaskStartDate_WhenWrappingTaskItem_ShouldReadStartDate [< 1 ms]
  Passed Complete_WhenUnderlyingGetterSucceeds_ShouldReturnValue [< 1 ms]
  Passed Complete_WhenUnderlyingGetterThrowsSystemException_ShouldReturnFalse [< 1 ms]
  Passed DueDateSetter_WhenUnderlyingSetterThrowsSystemException_ShouldNotThrow [17 ms]
  Passed FlagAsTaskSetter_WhenUnderlyingSetterSucceeds_ShouldForwardValue [3 ms]
  Passed TaskSubject_WhenUnderlyingGetterThrowsSystemException_ShouldReturnNull [< 1 ms]
  Passed TotalWork_WhenUnderlyingGetterSucceeds_ShouldReturnValue [< 1 ms]
  Passed GetUdfString_WhenUnderlyingCallThrowsSystemException_ShouldReturnNull [5 ms]
  Passed TaskStartDate_WhenUnderlyingGetterSucceeds_ShouldReturnValue [< 1 ms]
  Passed TaskStartDateSetter_WhenUnderlyingSetterThrows_ShouldNotThrow [< 1 ms]
  Passed TotalWorkSetter_WhenUnderlyingSetterThrows_ShouldNotThrow [1 ms]
  Passed IOutlookItem_TaskStartDate_WhenGetterSucceeds_ShouldReturnValue [< 1 ms]
  Passed Constructor_ShouldCaptureWrappedObjectMetadata [< 1 ms]
  Passed GetPropertyValue_ShouldReturnWrappedPropertyValue [< 1 ms]
  Passed SubjectSetter_ShouldUpdateWrappedProperty [< 1 ms]
  Passed Class_ShouldConvertUnderlyingNumericValueToEnum [< 1 ms]
  Passed GetPropertyValue_WhenPropertyIsMissing_ShouldThrowMissingMemberException [< 1 ms]
  Passed GetPropertyValue_WhenGetterThrows_ShouldRethrowTargetInvocationException [< 1 ms]
  Passed TaskStartDate_WhenPropertyIsMissing_ShouldReturnDefaultValue [< 1 ms]
  Passed TaskStartDate_WhenGetterThrows_ShouldRethrowTargetInvocationException [< 1 ms]
  Passed WrappedMethods_ShouldInvokeUnderlyingMembers [< 1 ms]
  Passed CallMethod_WithArguments_WhenMethodCannotBeBound_ShouldBubbleMissingMethodException [< 1 ms]
  Passed SetPropertyValue_WhenInvokeMemberFails_ShouldFallBackToPropertyInfo [< 1 ms]
  Passed SetPropertyValue_WhenPropertyIsMissing_ShouldThrowMissingMemberException [< 1 ms]
  Passed GetPropertyValueIfExists_WhenPropertyDoesNotExist_ShouldReturnDefault [< 1 ms]
  Passed BillingInformation_GetterAndSetter_ShouldDelegateThroughReflection [< 1 ms]
  Passed Body_GetterAndSetter_ShouldDelegateThroughReflection [< 1 ms]
  Passed Categories_GetterAndSetter_ShouldDelegateThroughReflection [< 1 ms]
  Passed UnRead_GetterAndSetter_ShouldDelegateThroughReflection [< 1 ms]
  Passed Saved_ShouldReturnWrappedPropertyValue [< 1 ms]
  Passed Size_ShouldReturnWrappedPropertyValue [< 1 ms]
  Passed EntryID_ShouldReturnWrappedPropertyValue [< 1 ms]
  Passed ConversationTopic_ShouldReturnWrappedPropertyValue [< 1 ms]
  Passed MessageClass_GetterAndSetter_ShouldDelegateThroughReflection [< 1 ms]
  Passed NoAging_GetterAndSetter_ShouldDelegateThroughReflection [< 1 ms]
  Passed CallMethod_NoArgs_WhenInvokeMemberFails_ShouldFallbackToGetMethod [< 1 ms]
  Passed MetadataProperties_ShouldReturnWrappedValues [1 ms]
  Passed Body_WhenUnderlyingGetterSucceeds_ShouldReturnValue [< 1 ms]
  Passed Body_WhenUnderlyingGetterThrowsSystemException_ShouldReturnNull [< 1 ms]
  Passed BodySetter_WhenUnderlyingSetterThrowsSystemException_ShouldNotThrow [6 ms]
  Passed Copy_WhenUnderlyingCallThrowsSystemException_ShouldReturnNull [< 1 ms]
  Passed Save_WhenUnderlyingCallThrowsSystemException_ShouldNotThrow [< 1 ms]
  Passed GetPropertyValue_WhenUnderlyingCallThrowsSystemException_ShouldReturnDefaultValue [< 1 ms]
  Passed SubjectSetter_WhenUnderlyingSetterSucceeds_ShouldForwardValue [< 1 ms]
  Passed Categories_WhenUnderlyingGetterSucceeds_ShouldReturnValue [< 1 ms]
  Passed CategoriesSetter_WhenUnderlyingSetterSucceeds_ShouldForwardValue [< 1 ms]
  Passed UnRead_WhenUnderlyingGetterSucceeds_ShouldReturnValue [< 1 ms]
  Passed UnRead_WhenUnderlyingGetterThrowsSystemException_ShouldReturnFalse [< 1 ms]
  Passed Size_WhenUnderlyingGetterSucceeds_ShouldReturnValue [< 1 ms]
  Passed EntryID_WhenUnderlyingGetterSucceeds_ShouldReturnValue [< 1 ms]
  Passed ConversationTopic_WhenUnderlyingGetterSucceeds_ShouldReturnValue [< 1 ms]
  Passed MessageClass_WhenUnderlyingGetterSucceeds_ShouldReturnValue [< 1 ms]
  Passed Saved_WhenUnderlyingGetterSucceeds_ShouldReturnValue [< 1 ms]
  Passed Close_WhenUnderlyingCallSucceeds_ShouldNotThrow [< 1 ms]
  Passed Display_WhenUnderlyingCallThrowsSystemException_ShouldNotThrow [< 1 ms]
  Passed NoAging_WhenUnderlyingGetterSucceeds_ShouldReturnValue [< 1 ms]
  Passed BillingInformation_WhenUnderlyingGetterSucceeds_ShouldReturnValue [< 1 ms]
  Passed OlItemType_WhenInnerObjectIsMailItem_ShouldReturnMailItem [< 1 ms]
  Passed Subject_WhenWrappedPropertyExists_ShouldReturnTrueAndValue [< 1 ms]
  Passed Subject_WhenWrappedPropertyIsMissing_ShouldReturnFalseAndNull [< 1 ms]
  Passed Size_WhenWrappedPropertyExists_ShouldReturnTrueAndValue [< 1 ms]
  Passed Size_WhenWrappedPropertyIsMissing_ShouldReturnFalseAndDefaultValue [< 1 ms]
  Passed InnerObject_WhenWrappedObjectExists_ShouldReturnTrueAndSameObject [< 1 ms]
  Passed Body_WhenPropertyExists_ShouldReturnTrueAndValue [< 1 ms]
  Passed Categories_WhenPropertyExists_ShouldReturnTrueAndValue [< 1 ms]
  Passed BillingInformation_WhenPropertyExists_ShouldReturnTrueAndValue [< 1 ms]
  Passed TryGet_WhenGetterThrowsSystemException_ShouldReturnFalseAndDefault [< 1 ms]
  Passed TrySet_WhenSetterSucceeds_ShouldReturnTrue [< 1 ms]
  Passed TrySet_WhenSetterThrowsSystemException_ShouldReturnFalse [< 1 ms]
  Passed TryCall_Action_WhenSucceeds_ShouldReturnTrue [< 1 ms]
  Passed TryCall_Action_WhenThrowsSystemException_ShouldReturnFalse [< 1 ms]
  Passed TryCall_Func_WhenSucceeds_ShouldReturnTrueAndValue [< 1 ms]
  Passed TryCall_Func_WhenThrowsSystemException_ShouldReturnFalseAndDefault [< 1 ms]
  Passed UnRead_WhenPropertyExists_ShouldReturnTrueAndValue [< 1 ms]
  Passed Saved_WhenPropertyExists_ShouldReturnTrueAndValue [< 1 ms]
  Passed Constructor_WithNoArguments_LeavesPropertiesAtDefaults [< 1 ms]
  Passed Constructor_WithItemInfo_CopiesMappedProperties [20 ms]
  Passed Equals_ShouldReturnTrue_WhenCoreFieldsAndRecipientsMatch [2 ms]
  Passed Equals_ShouldReturnFalse_WhenOtherIsNullOrAnyCoreFieldDiffers [< 1 ms]
  Passed GetHashCode_ShouldMatchForEquivalentItems_AndChangeWhenSubjectDiffers [< 1 ms]
  Passed GetActionTaken_WhenMailIsMarkedAsTask_ReturnsTask [1 ms]
  Passed GetActionTaken_WhenLastVerbExecutedIsReplyOrForward_ReturnsActed (102) [< 1 ms]
  Passed GetActionTaken_WhenLastVerbExecutedIsReplyOrForward_ReturnsActed (103) [< 1 ms]
  Passed GetActionTaken_WhenLastVerbExecutedIsReplyOrForward_ReturnsActed (104) [< 1 ms]
  Passed GetActionTaken_WhenVerbLookupThrowsOrReturnsUnknown_ReturnsNone [< 1 ms]
  Passed GetTriage_WhenUserPropertyIsMissing_ReturnsEmptyStringForMailAndMeeting [2 ms]
  Passed GetTriage_WhenUserPropertyExists_ReturnsStoredValueForMailAndMeeting [6 ms]
  Passed Details_WhenUsingMailItemHelper_ProjectsDeterministicFieldsAndAppliesFolderRemap [7 ms]
  Passed ProjectionHelpers_WhenMailHasBasicValues_ReturnExpectedSenderActionAndTriageData [1 ms]
  Passed GetRecipients_WhenMailRecipientsAreNull_ReturnsEmptyStrings [1 ms]
  Passed RecipientHelpers_FilterProjectAndConvertRecipients [8 ms]
  Passed Details_WhenMailHasDeterministicValues_ProjectsArrayAndAppliesFolderRemap [8 ms]
  Passed Module_ShouldRemainStaticPlaceholderWithoutPublicMethods [< 1 ms]
  Passed Module_ShouldNotExposeLegacyGetEmailAddressesMethod [< 1 ms]
  Passed ToMIME_WhenPropertyAccessorReturnsBytes_ReturnsMimeContent [4 ms]
  Passed ToMIME_WhenPropertyAccessorReturnsNonByteValue_ReturnsNull [< 1 ms]
  Passed TryMoveAsync_WhenMailItemIsNull_ReturnsNull [1 ms]
  Passed TryMoveAsync_WhenFolderIsNull_ReturnsNull [< 1 ms]
  Passed TryMoveAsync_WhenMoveSucceeds_ReturnsMoveResult [2 ms]
  Passed TryMoveAsync_WhenMoveFailsWithoutRetries_ReturnsNull [3 ms]
  Passed TryMoveAsync_WhenMoveFailsThenRetrySucceeds_ReturnsSuccessfulResult [2 ms]
  Passed IsMailUnReadable_WithKnownUnreadableMessageClass_ReturnsTrue ("IPM.Note.SMIME") [< 1 ms]
  Passed IsMailUnReadable_WithKnownUnreadableMessageClass_ReturnsTrue ("IPM.Note.Secure") [< 1 ms]
  Passed IsMailUnReadable_WithKnownUnreadableMessageClass_ReturnsTrue ("IPM.Note.Secure.Sign") [< 1 ms]
  Passed IsMailUnReadable_WithKnownUnreadableMessageClass_ReturnsTrue ("IPM.Outlook.Recall") [< 1 ms]
  Passed IsMailUnReadable_WithReadableMessageClass_ReturnsFalse [< 1 ms]
  Passed TryResolveMailItem_WithReadableMailItem_ReturnsSameMailItem [< 1 ms]
  Passed TryResolveMailItem_WithUnreadableMailItem_ReturnsNull [< 1 ms]
  Passed TryResolveMailItem_WithNullObject_ReturnsNull [< 1 ms]
  Passed TryResolveMailItem_WithNonMailObject_ReturnsNull [< 1 ms]
  Passed Equals_ShouldReturnTrue_WhenNameAndParentNameMatchIgnoringCase [1 ms]
  Passed Equals_ShouldReturnFalse_WhenNamesDiffer [< 1 ms]
  Passed Equals_ShouldReturnFalse_WhenParentNamesDiffer [< 1 ms]
  Passed Equals_ShouldHandleNullNodesAndMissingParents [< 1 ms]
  Passed Equals_ShouldReturnTrue_WhenBothParentNamesAreNull [< 1 ms]
  Passed Equals_ShouldReturnFalse_WhenOnlyOneParentNameIsNull [< 1 ms]
  Passed Equals_ShouldHandleNullParentValueNodes [< 1 ms]
  Passed GetHashCode_ShouldCombineNameAndParentNameConsistently [< 1 ms]
  Passed Equals_ShouldReturnTrue_WhenNameCountAndSizeMatchIgnoringCase [1 ms]
  Passed Equals_ShouldReturnFalse_WhenCountOrSizeDiffers [< 1 ms]
  Passed Equals_ShouldReturnFalse_WhenEitherOperandIsNull [< 1 ms]
  Passed GetHashCode_ShouldIncludeBoundaryValuesAndIgnoreCase [< 1 ms]
  Passed Equals_ShouldReturnTrue_WhenComparingSameReference [< 1 ms]
  Passed Equals_ShouldReturnTrue_WhenNodeNamesMatchExactly [< 1 ms]
  Passed Equals_ShouldReturnFalse_WhenNamesDifferOrCaseDoesNotMatch [< 1 ms]
  Passed Equals_ShouldReturnFalse_WhenEitherNodeOrFolderNameIsNullOrEmpty [< 1 ms]
  Passed GetHashCode_ShouldUseLowerInvariantName_AndSupportSpecialCharacters [< 1 ms]
  Passed Equals_ShouldReturnTrue_WhenNodesParentsAndChildrenMatch [1 ms]
  Passed Equals_ShouldReturnFalse_WhenParentDiffers [< 1 ms]
  Passed Equals_ShouldReturnFalse_WhenChildCountsDifferAcrossTreeDepths [< 1 ms]
  Passed Equals_ShouldReturnFalse_WhenNodeOrValueIsNull [< 1 ms]
  Passed GetHashCode_ShouldReturnSameValue_ForEquivalentNodes [< 1 ms]
  Passed Equals_ShouldReturnTrue_WhenNodeValuesMatch [< 1 ms]
  Passed Equals_ShouldReturnFalse_WhenNodeValuesDiffer [< 1 ms]
  Passed Equals_ShouldIgnoreChildrenAndReturnFalse_ForNullInputs [< 1 ms]
  Passed GetHashCode_ShouldUseOnlyNodeContents [< 1 ms]
  Passed ToFsFolderpath_WithStringInputs_MapsOutlookBranchIntoFilesystemBranch [1 ms]
  Passed SanitizeFilename_ReplacesInvalidCharactersWithUnderscores [< 1 ms]
  Passed SanitizeFilename_WithNullArgument_ThrowsArgumentNullException [< 1 ms]
  Passed ToFsFolderpath_WhenMappedBranchContainsIllegalCharacters_ThrowsArgumentException [1 ms]
  Passed ResolveOlRoot_WhenBranchIsUnderArchiveRoot_ReturnsArchiveRootPath [1 ms]
  Passed ResolveOlRoot_WhenBranchIsUnderInboxRoot_ReturnsInboxPath [< 1 ms]
  Passed ResolveOlRoot_WhenBranchDoesNotMatchKnownRoots_ThrowsArgumentException [< 1 ms]
  Passed ToFsFolderpath_WithAppGlobalsAndOneDriveFolder_ReturnsMappedFilesystemPath [< 1 ms]
  Passed ToFsFolderpath_WithAppGlobalsAndMissingOneDriveFolder_ReturnsNull [< 1 ms]
  Passed ToFsFolderpath_WithMAPIFolderOverload_MapsOutlookBranchIntoFilesystemBranch [< 1 ms]
  Passed ToFsFolderpath_WithArgumentPathValidation_ThrowsWhenAncestorPathIsNull [< 1 ms]
  Passed InjectedPrompt_IsLegalFolderName_WhenPromptReturnsReplacement_UsesInjectedAlternative [< 1 ms]
  Passed AskUserForAlternatives_WhenDialogReturnsEmpty_KeepsOriginalIllegalName [< 1 ms]
  Passed AskUserForAlternatives_WhenDialogReturnsIllegalThenLegal_RepeatsUntilLegal [< 1 ms]
  Passed DialogAlternatives_BuildAlternativesDictionary_ContainsExpectedChoices [< 1 ms]
  Passed PrivateIsLegalFolderName_WithNullEmptyAndInvalidValues_ReturnsExpectedResults [< 1 ms]
  Passed PrivateIsLegalFolderName_WithAskUserFalse_RetainsIllegalName [< 1 ms]
  Passed DialogAlternatives_BuildAlternativesDictionary_RunsNonInteractiveChoices [1 ms]
  Passed DialogAlternatives_BuildAlternativesDictionary_UsesInjectedInputDialogForManualEntry [< 1 ms]
  Passed ToFsFolderpath_WithOtherNullArguments_ThrowsArgumentNullException [< 1 ms]
  Passed ToFsFolderpath_WithMapiFolderAndMissingOneDrive_ReturnsNull [< 1 ms]
  Passed ToFsFolderpath_WithMapiFolderAndOneDriveFolder_ReturnsMappedFilesystemPath [< 1 ms]
  Passed Constructor_WithFolders_ProjectsNameAndRelativePathFromLazyState [7 ms]
  Passed ToRelativePath_WhenFolderOrRootIsMissing_ReturnsNull [< 1 ms]
  Passed ToRelativePath_WhenFolderMatchesRoot_ReturnsFullFolderPath [< 1 ms]
  Passed ToRelativePath_WhenFolderIsOutsideRoot_ReturnsFullFolderPath [< 1 ms]
  Passed RestoreFromRelativePath_WhenRootIsNullOrRelativePathIsEmpty_LeavesRuntimeFoldersUnset [< 1 ms]
  Passed RestoreFromRelativePath_WhenAllPartsExist_LoadsNestedFolderCaseInsensitively [< 1 ms]
  Passed RestoreFromRelativePath_WhenAnyPartIsMissing_LeavesFolderUnsetButRetainsRoot [< 1 ms]
  Passed RestoreFromRelativePath_WhenUncPathUsesNameSpaceStoreTraversal_LoadsNestedFolder [4 ms]
  Passed RestoreFromRelativePath_WhenUncParentLookupThrows_LeavesFolderUnsetButRetainsRoot [< 1 ms]
  Passed JsonSerialization_RoundTripsSerializedState_AndIgnoresRuntimeOnlyFolderReferences [1 ms]
  Passed GetOutlookFolder_WhenPathStartsWithDoubleSlash_NormalizesAndTraversesFolders [3 ms]
  Passed GetOutlookFolder_WhenRootFolderIsMissing_ReturnsNull [< 1 ms]
  Passed GetOutlookFolder_WhenAnySubFolderLookupReturnsNull_ReturnsNull [< 1 ms]
  Passed OlFolderlist_GetAll_WhenArchiveRootHasNestedChildren_ReturnsFlattenedRelativePaths [2 ms]
  Passed AddSuggestion_ShouldAggregateScoresForExistingFolder [28 ms]
  Passed AddSuggestion_WithNullOrErrorObject_ShouldReturnFalse [< 1 ms]
  Passed ToArray_WithTopN_ShouldTrimToHighestScores [1 ms]
  Passed AddArray_ShouldAddEachFolderAndRespectTopN [< 1 ms]
  Passed Indexer_WhenIndexIsOutOfRange_ShouldThrow [< 1 ms]
  Passed QueryCombined_ShouldMergeDuplicateFolderScoresAndKeepTopResults [15 ms]
  Passed QueryCombined_WithParallelQueries_MergesScores [75 ms]
  Passed QueryAddOlFolderKeys_WhenFolderKeyArrayExists_UsesObjectArrayBranch [41 ms]
  Passed QueryAddOlFolderKeys_WhenFolderKeyIsMissing_ReturnsFalse [< 1 ms]
  Passed QueryFromArray_ShouldReplaceExistingSuggestionsBeforeAddingArrayValues [1 ms]
  Passed AddConversationBasedSuggestions_WhenConversationExists_AddsWeightedMatches [10 ms]
  Passed LoadFromField_WhenFolderKeyIsSingleString_ReturnsTrueAndAddsSuggestion [7 ms]
  Passed QuerySubject_WithSubjectMapSco_GroupsScoresByFolderPath [8 ms]
  Passed QueryFolder_WithSubjectMapSco_GroupsFolderScoresByFolderPath [2 ms]
  Passed QueryFolder_WithParallelQuery_GroupsScoresByFolderPath [28 ms]
  Passed QuerySubject_WithParallelQuery_GroupsAndScoresEntries [9 ms]
  Passed RefreshSuggestions_WhenSubjectIsNull_UsesFolderKeysOnlyAndClearsScores [1 ms]
  Passed LoadFromField_WithMailItemAndFolderKeyArray_ReturnsTrueAndAddsSuggestion [1 ms]
  Passed LoadFromField_WithMailItemAndMissingFolderKey_ReturnsFalse [< 1 ms]
  Passed LoadFromField_WithMailItemHelperAndFolderKeyArray_ReturnsTrueAndAddsSuggestion [< 1 ms]
  Passed LoadFromField_WithMailItemHelperAndMissingFolderKey_ReturnsFalse [< 1 ms]
  Passed RefreshSuggestions_WhenSubjectMapAndEncoderExist_AddsWordSequenceMatches [33 ms]
  Passed AddWordSequenceSuggestions_WithParallelQuery_AddsMatches [13 ms]
  Passed AddWordSequenceSuggestions_WhenEncoderIsMissing_SwallowsExceptionAndLeavesSuggestionsEmpty [< 1 ms]
  Passed AddSuggestion_WithStringObject_ReturnsTrueAndStoresFolder [< 1 ms]
  Passed AddArray_WithObjectOverload_ReturnsExpectedValues [< 1 ms]
  Passed AddArray_WithNullObject_ReturnsFalse [< 1 ms]
  Passed JsonCtor_InitializesSerializedState [< 1 ms]
  Passed Selected_Setter_RaisesPropertyChangedForSelected [< 1 ms]
  Passed SubscribeToPropertyChanged_WhenAllRequested_SetsFullSubscriptionStatus [< 1 ms]
  Passed UnSubscribeToPropertyChanged_WhenSpecificFlagsRequested_ClearsOnlyRequestedFlags [< 1 ms]
  Passed NotifyPropertyChanged_RaisesPropertyChangedForProvidedPropertyName [< 1 ms]
  Passed LoadRelativePath_WhenOlFolderAndOlRootAreNull_ReturnsNull [< 1 ms]
  Passed LoadRelativePath_WhenFolderPathEqualsRootPath_ReturnsFullPath [2 ms]
  Passed LoadRelativePath_WhenFolderPathDoesNotContainRootPath_ReturnsFullPath [< 1 ms]
  Passed RelativePath_WhenFolderPathContainsRootPath_StripsRootAndDirectorySeparator [< 1 ms]
  Passed FolderSize_WhenItemsExposeOnlySizeProperty_UsesFallbackValue [1 ms]
  Passed State_WhenOlFolderChanges_ResetLazyReloadsNameAndRelativePath [< 1 ms]
  Passed LoadItemCountSubFolders_WhenChildrenContainNestedItems_ReturnsRecursiveTotal [< 1 ms]
  Passed LoadLazyAsync_WhenRuntimeFoldersExist_PopulatesLazyState [< 1 ms]
  Passed CalculateItemMatchPercentage_WhenMatchingIsNull_ReturnsZero [< 1 ms]
  Passed CalculateItemMatchPercentage_WhenAllInputsAreEmpty_ReturnsZero [< 1 ms]
  Passed CalculateItemMatchPercentage_WhenAllItemsMatch_ReturnsOne [< 1 ms]
  Passed CalculateItemMatchPercentage_WhenOneMatchesAndTwoDoNot_ReturnsPointFive [< 1 ms]
  Passed CompareItemsAsync_WhenGlobalsIsNull_ThrowsArgumentNullException [2 ms]
  Passed CompareItemsAsync_WhenHelpersAreLoaded_ReturnsMatchingAndExclusiveItems [2 ms]
  Passed CalculateItemMatchPercentageAsync_WhenHelpersAreLoaded_ReturnsExpectedRatio [2 ms]
  Passed CompareMembers_WithFolderWrapperLists_ReturnsIntersectionAndDifferences [1 ms]
  Passed CompareMembers_WithTreeNodeLists_ReturnsIntersectionAndDifferences [1 ms]
  Passed FilterSelected_WhenSomeNodesSelected_ReturnsOnlySelectedSubtree [4 ms]
  Passed Flatten_WithPopulatedTree_ReturnsAllFolderWrappers [< 1 ms]
  Passed SelectionConstructor_WhenSelectionMatchesRelativePath_MarksNodeAsSelected [< 1 ms]
  Passed ProgressConstructor_WhenSelectionsProvided_ReportsCompletionAndAppliesSelection [2 ms]
  Passed Constructor_WithMultipleRoots_RemovesNestedSubsetRoots [2 ms]
  Passed LoadItemCounts_WhenNestedFoldersHaveItems_ComputesRecursiveTotals [1 ms]
  Passed Compare_WhenTreesShareAndDiffer_ReturnsGroupedResults [3 ms]
  Passed SetSelected_WhenIncludeDescendentsIsTrue_SelectsEntireSubtree [1 ms]
  Passed Predictor_returns_highest_ranked_match_from_seed_data [< 1 ms]
  Passed Predictor_returns_controlled_result_when_user_choice_is_cancelled [< 1 ms]
  Passed NormalizePredictionPath_returns_empty_string_for_empty_string_input [< 1 ms]
  Passed InitAsync_WithNoSuggestionsOption_ReturnsSelf [< 1 ms]
  Passed InitAsync_WithUnknownOption_ThrowsArgumentException [1 ms]
  Passed Constructor_WithGlobalsObjectAndOptions_InitializesSuggestionsAndFlags [2 ms]
  Passed InitAsync_WithFromArrayOrString_PopulatesFolderArray [< 1 ms]
  Passed InitAsync_WithFromFieldAndUnsupportedObject_ThrowsArgumentException [1 ms]
  Passed InitAsync_WithRecalculateAndUnsupportedObject_ThrowsArgumentException [< 1 ms]
  Passed InitializeFromEmail_WhenNullPassed_ThrowsArgumentException [< 1 ms]
  Passed FromArrayOrString_WhenNullPassed_ThrowsArgumentException [< 1 ms]
  Passed FromArrayOrString_WhenStringPassed_AddsSuggestionToScorer [1 ms]
  Passed FromArrayOrString_WhenStringArrayPassed_DoesNotThrow [< 1 ms]
  Passed FromArrayOrString_WhenUnsupportedTypePassed_ThrowsArgumentException [< 1 ms]
  Passed FolderArray_WhenSuggestionsAndRecentsExist_ReturnsSuggestionsThenRecents [1 ms]
  Passed AddRecents_WhenRecentsExist_AppendsHeaderAndEntries [< 1 ms]
  Passed AddSuggestions_WhenSuggestionsExist_AppendsHeaderAndTopSuggestions [< 1 ms]
  Passed FindFolder_WhenMatchesSuggestionsAndRecentsExist_ReturnsAllSections [7 ms]
  Passed GetFolder_WhenRootedPathExists_ReturnsNestedFolder [< 1 ms]
  Passed GetFolder_WithThrowExTrue_WhenFolderMissing_ThrowsArgumentException [< 1 ms]
  Passed GetMatchingFolders_WhenSearchMatchesAndParentIsExcludedWithoutChildren_ReturnsChildMatches [1 ms]
  Passed RefreshSuggestions_WhenObjectCannotResolveToMail_ThrowsArgumentException [< 1 ms]
  Passed DefaultPromptAndUiSeams_WhenInjected_UseBaseImplementationHooks [1 ms]
  Passed EnterUiContextAsync_WhenUiSyncContextPostsSynchronously_CompletesUsingDefaultAction [1 ms]
  Passed GetFolder_WithThrowExFalse_WhenFolderMissing_UsesPromptSeamAndReturnsNull [< 1 ms]
  Passed GetMatchingFolders_WhenSearchStringIsWhitespace_ReturnsEmptyList [< 1 ms]
  Passed GetMatchingFolders_WhenFolderIsExcludedWithChildren_SkipsExcludedBranch [< 1 ms]
  Passed GetOlSubpath_WhenAncestorEndsWithSlashOrChildrenExcluded_ReturnsExpectedSegment [< 1 ms]
  Passed CreateFolder_WhenParentBranchStartsWithSeparator_UsesCombinedPathWithoutDoubleSlash [2 ms]
  Passed CreateFolderAsync_WhenParentDoesNotExist_ReturnsNull [1 ms]
  Passed CreateFolderAsync_WhenAsyncValidationRetries_CoversMessagesAndCreatesDirectory [3 ms]
  Passed InjectedPrompt_InputFoldername_WhenNameIsIllegalThenValid_ReturnsValidName [< 1 ms]
  Passed InputFoldername_WhenNameIsTooLongOrDuplicate_PromptsUntilValid [< 1 ms]
  Passed InjectedDirectory_CreateFolder_WhenPromptSuppliesName_CreatesFolderAndDirectoryPath [1 ms]
  Passed CreateFolder_WhenAncestorIsNull_UsesArchiveRootAndCreatesFolder [1 ms]
  Passed InjectedUi_CreateFolderAsync_WhenPromptReturnsNull_DoesNotCreateDirectory [2 ms]
  Passed GuidFields_ShouldMatchKnownConverterSessionIdentifiers [< 1 ms]
  Passed InterfaceAndEnumTypes_ShouldExposeExpectedInteropMetadata [< 1 ms]
  Passed Parse_WithNullOrEmptyFilter_ThrowsArgumentException [< 1 ms]
  Passed Parse_WithSingleExpression_ReturnsLeafNode [< 1 ms]
  Passed Parse_WithTopLevelAndAndNestedOr_PreservesOperatorHierarchy [< 1 ms]
  Passed Parse_WithWrappedExpression_ReturnsParenthesisNode [< 1 ms]
  Passed Parse_WithInvalidSyntaxThatNeverClosesParenthesis_ReturnsLeafNode [< 1 ms]
  Passed PrintTree_WritesIndentedTreeToConsole [< 1 ms]
  Passed GetCurrentItem_WithNullApplication_ThrowsArgumentNullException [< 1 ms]
  Passed GetCurrentItem_WithExplorerWindow_ReturnsSelectedItem [4 ms]
  Passed GetCurrentItem_WithInspectorWindow_ReturnsCurrentItem [10 ms]
  Passed Readable_WithUnreadableMailItem_ReturnsNull [< 1 ms]
  Passed Readable_WithReadableItem_ReturnsOriginalItem [< 1 ms]
  Passed GetTypeName_WithNonDispatchObject_ReturnsNull [< 1 ms]
  Passed GetTypeName_WithDispatchObject_ReturnsComTypeName [2 ms]
  Passed CreateCategory_WhenNameNeedsPrefix_AddsPrefixedCategory [13 ms]
  Passed CreateCategory_WhenNameAlreadyHasPrefix_DoesNotPrefixTwice [< 1 ms]
  Passed CreateCategory_WhenPrefixValueIsEmpty_UsesOriginalCategoryName [< 1 ms]
  Passed CreateCategory_WhenNewNameIsShorterThanPrefix_StillPrefixesName [< 1 ms]
  Passed CreateCategory_WhenAddThrows_ReturnsNull [< 1 ms]
  Passed GetCalendar_WhenCalendarNameMatches_ReturnsMatchingFolder [1 ms]
  Passed GetCalendar_WhenNoCalendarNameMatches_ReturnsNull [< 1 ms]
  Passed GetCalendar_WhenCalendarNameIsNull_MatchesFolderWithNullName [< 1 ms]
  Passed ResolveFolderRoot_WhenFolderPathContainsArchiveRoot_ShouldReturnArchiveRoot [< 1 ms]
  Passed ResolveFolderRoot_WhenFolderPathDoesNotContainArchiveRoot_ShouldReturnInbox [< 1 ms]
  Passed CompressPlainText_ShouldStripConfiguredSectionsAndAppendEndMarker [< 1 ms]
  Passed CompressPlainText_WithNullInput_ReturnsEndMarkerOnly [< 1 ms]
  Passed CompressPlainText_WithShowStrippedLinks_ReplacesLinksWithPlaceholder [< 1 ms]
  Passed CompressPlainText_WithReplyHeaderPreserved_KeepsHeaderAndAppendsEndMarker [< 1 ms]
  Passed Constructor_WithoutArguments_ShouldInitializeAttachmentsInfoLazyField [< 1 ms]
  Passed Constructor_WithMeetingItemAndGlobals_ShouldInitializeLazyFields [1 ms]
  Passed ProtectedConstructor_WithItemInfo_ShouldSurfaceCurrentUnreadProjectionBehavior [3 ms]
  Passed ToSerializableObject_ShouldProjectCurrentFieldValues [2 ms]
  Passed ToggleDark_ShouldInjectAndThenRemoveDarkModeHeader [< 1 ms]
  Passed ToggleDark_WhenAlreadyOn_DoesNotDuplicateDarkModeHeader [< 1 ms]
  Passed ToggleDark_WhenAlreadyOff_LeavesHtmlUnchanged [< 1 ms]
  Passed SetSender_ShouldPopulateSenderCaches [< 1 ms]
  Passed GetHtml_ShouldInjectEmailHeaderInsideBodyTag [1 ms]
  Passed GetHtml_WithoutArgument_ShouldInjectEmailHeaderInsideBodyTag [1 ms]
  Passed LoadRecipients_ShouldPopulateToAndCcRecipientFields [2 ms]
  Passed LoadAll_WhenItemIsNull_ShouldThrowArgumentNullException [< 1 ms]
  Passed LoadAll_WhenLoadTokensIsRequested_ShouldInitializePriorityRecipientsAndTokens [9 ms]
  Passed EmailHeader2_ShouldIncludeProjectedTextFields [< 1 ms]
  Passed PropertySetters_ShouldRoundTripAssignedValues [1 ms]
  Passed PropertyChangedSetters_WhenSubscriberPresent_ShouldRaiseNotifications [< 1 ms]
  Passed GetHeadersExtendedMapi_ShouldReturnPropertyAccessorValue [1 ms]
  Passed Tokenizer_ShouldCacheResolvedInstance [17 ms]
  Passed UnReadSetter_ShouldPersistValueToMeetingItem [< 1 ms]
  Passed LoadInternetCodepage_ShouldReturnAppointmentInternetCodepage [< 1 ms]
  Passed Equals_ShouldThrowNotImplementedException [< 1 ms]
  Passed ToMatchableObject_ShouldProjectMatchRelevantFields [< 1 ms]
  Passed AdjustForMaxPath_WhenPathIsWithinLimit_ReturnsCombinedPath [< 1 ms]
  Passed AdjustForMaxPath_WhenPathWouldExceedLimit_TruncatesFilenameSeed [1 ms]
  Passed CheckParameters_WithNullAttachmentAndOversizedPaths_ReturnsFalseWithAllMessages [1 ms]
  Passed GetAttachmentFilename_WhenFileNameContainsOnlyExtension_TreatsExtensionAsSeed [7 ms]
  Passed Init_WhenByValueAttachment_UsesSanitizedFilenameAndBuildsSaveAndDeletePaths [3 ms]
  Passed Init_WhenOleAttachmentHasNoUsableNames_FallsBackToUnknownSeed [< 1 ms]
  Passed HelperMethods_ReturnDeterministicPrefixAndTimestampSuffixShape [< 1 ms]
  Passed Constructor_WithoutAttachment_LeavesSerializedDefaultsUnset [< 1 ms]
  Passed Constructor_WithAttachment_ProjectsAttachmentMetadataAndReferences [2 ms]
  Passed IsImage_UsesFileExtension_WhenNoExplicitValueWasAssigned [< 1 ms]
  Passed AttachmentDataAndGetStream_WorkWithInMemoryBytesOnly [< 1 ms]
  Passed ParseFileName_SplitsSeedAndExtensionAsExpected ("report.pdf","report",".pdf") [< 1 ms]
  Passed ParseFileName_SplitsSeedAndExtensionAsExpected (".gitignore",".gitignore","") [< 1 ms]
  Passed IsAnImage_WhenPngExtension_ShouldReturnTrue [< 1 ms]
  Passed IsAnImage_WhenImageExtension_ShouldReturnTrue (".jpg") [< 1 ms]
  Passed IsAnImage_WhenImageExtension_ShouldReturnTrue (".jpeg") [< 1 ms]
  Passed IsAnImage_WhenImageExtension_ShouldReturnTrue (".gif") [< 1 ms]
  Passed IsAnImage_WhenImageExtension_ShouldReturnTrue (".bmp") [< 1 ms]
  Passed IsAnImage_WhenPdfExtension_ShouldReturnFalse [< 1 ms]
  Passed IsAnImage_WhenNullExtension_ShouldReturnFalse [< 1 ms]
  Passed TryFromAccessor_WhenAccessorReturnsBytes_ShouldReturnTrueAndSetBytes [1 ms]
  Passed TryFromAccessor_WhenAccessorThrows_ShouldReturnFalse [< 1 ms]
  Passed JsonSerialization_RoundTripsSerializedProperties_AndOmitsRuntimeOnlyReferences [8 ms]
  Passed ExtractLinks_StateUnderTest_ExpectedBehavior [229 ms]
  Passed FilterLinksByDomain_StateUnderTest_ExpectedBehavior [7 ms]
  Passed Constructor_CreatesInstanceWithClient [< 1 ms]
  Passed TryGetUrlStreamAsync_SuccessfulResponse_ReturnsStream [11 ms]
  Passed TryGetUrlStreamAsync_FailedResponse_ReturnsNull [< 1 ms]
  Passed ReadPropertyName_ValidInput_Success [2 ms]
  Passed ReadPropertyName_NullValue_Failure [1 ms]
  Passed ReadPropertyName_WrongType_Failure [< 1 ms]
  Passed ReadPropertyValue_ValidInput_Success [< 1 ms]
  Passed ReadPropertyValue_WrongType_Failure [< 1 ms]
  Passed ExtractFolderPath_WithKnownSpecialFolder_CombinesRelativePath [< 1 ms]
  Passed ExtractFolderPath_WithUnknownSpecialFolder_ReturnsNull [< 1 ms]
  Passed ExtractFolderPath_WithMissingSpecialFolderName_ReturnsNull [< 1 ms]
  Passed ExtractFileName_WhenFileNamePresent_ReturnsValue [< 1 ms]
  Passed ExtractFileName_WhenFileNameMissing_ThrowsJsonReaderException [< 1 ms]
  Passed GetSerializablePath_WithMatchingSpecialFolder_ReturnsNameAndRelativePath [1 ms]
  Passed GetSerializablePath_WithNoMatch_ReturnsNotFoundAndFullPath [< 1 ms]
  Passed ExtractFolderPath_StringOverload_WithNoneSpecialFolder_ReturnsRelativePath [< 1 ms]
  Passed MyTypeBuilderTest [1 ms]
  Passed DefaultConstructor_CreatesInstance [< 1 ms]
  Passed Constructor_WithDerivedInstance_ExtractsComposition [1 ms]
  Passed ToCompositionOld_ExtractsDictionaryEntries [< 1 ms]
  Passed ToCompositionOld_ExtractsAdditionalFields [1 ms]
  Passed ToDerivedOld_RecreatesDictionaryEntries [< 1 ms]
  Passed ToDerivedOld_RestoresAdditionalFields [< 1 ms]
  Passed EmitNewClass_CreatesType [2 ms]
  Passed RoundTrip_ToCompositionAndToDerived_PreservesEntries [< 1 ms]
  Passed TypedConverter_IntegrationTest_SerializeAndDeserialize [37 ms]
  Passed UntypedConverter_IntegrationTest_SerializeAndDeserialize [3 ms]
  Passed UntypedConverter_IntegrationTest_SerializeAndDeserialize_InternalJsonProperty [8 ms]
  Passed WriteJson_StateUnderTest_ExpectedBehavior [2 ms]
  Passed ToComposition_ShouldExtractScDictionaryAndFields [7 ms]
  Passed ToDerived_ShouldRecreateScDictionaryDerivative [3 ms]
  Passed ToComposition_ShouldExtractDictionaryAndAdditionalFields [1 ms]
  Passed ToDerived_ShouldRecreateDerivedInstance [1 ms]
  Passed EndToEnd_ShouldRecreateDerivedInstance [< 1 ms]
  Passed CompileType_ShouldCreateTypeWithAdditionalFields [< 1 ms]
  Passed ConvertToNewClassInstance_ShouldCreateInstanceWithFields [1 ms]
  Passed ReplicateProperty_WithExplicitField_CreatesRoundTrippableProperty [1 ms]
  Passed ReplicateProperty_WhenSetterIsMissing_SkipsSetterAndCreatesReadableProperty [< 1 ms]
  Passed ReplicateProperty_WhenGetterIsMissing_ThrowsInvalidOperationException [< 1 ms]
  Passed GetBackingField_WhenPropertyHasBackingField_ReturnsUnderlyingField [< 1 ms]
  Passed GetBackingField_WhenGetterIsMissing_ThrowsInvalidOperationException [< 1 ms]
  Passed ToComposition_ShouldExtractScDictionaryAndFields [6 ms]
  Passed ToDerived_ShouldRecreateScDictionaryDerivative [1 ms]
  Passed ToComposition_ShouldExtractDictionaryAndAdditionalFields [3 ms]
  Passed ToDerived_ShouldRecreateDerivedInstance [< 1 ms]
  Passed EndToEnd_ShouldRecreateDerivedInstance [< 1 ms]
  Passed CompileType_ShouldCreateTypeWithAdditionalFields [< 1 ms]
  Passed ConvertToNewClassInstance_ShouldCreateInstanceWithFields [< 1 ms]
  Passed ReplicateProperty_WithExplicitField_CreatesRoundTrippableProperty [1 ms]
  Passed ReplicateProperty_WhenSetterIsMissing_ThrowsInvalidOperationException [< 1 ms]
  Passed ReplicateProperty_WhenGetterIsMissing_ThrowsInvalidOperationException [< 1 ms]
  Passed GetBackingField_WhenPropertyHasBackingField_ReturnsUnderlyingField [< 1 ms]
  Passed GetBackingField_WhenGetterIsMissing_ThrowsInvalidOperationException [< 1 ms]
  Passed LevelFilter_DefaultsToVerbose [< 1 ms]
  Passed LevelFilter_CanBeSet [< 1 ms]
  Passed MessageFilter_DefaultsToDeserializedAndSerializedJson [< 1 ms]
  Passed Trace_WhenMessageDoesNotContainFilterTerms_InvokesLog [< 1 ms]
  Passed Trace_WhenMessageContainsFilterTerm_DoesNotInvokeLog [< 1 ms]
  Passed Trace_WhenMessageContainsSerializedJsonFilter_DoesNotInvokeLog [< 1 ms]
  Passed Trace_WhenLogIsNull_DoesNotThrow [< 1 ms]
  Passed Trace_WithExceptionAndNonFilteredMessage_PassesExceptionToLog [< 1 ms]
  Passed MessageFilter_CanBeReplaced [< 1 ms]
  Passed EmitOperand_InlineNone_EmitsWithoutThrow [1 ms]
  Passed EmitOperand_InlineString_EmitsWithoutThrow [< 1 ms]
  Passed EmitOperand_ShortInlineI_Ldc_I4_S_EmitsWithoutThrow [< 1 ms]
  Passed EmitOperand_InlineI_EmitsWithoutThrow [< 1 ms]
  Passed EmitOperand_InlineR_EmitsWithoutThrow [< 1 ms]
  Passed EmitOperand_ShortInlineR_EmitsWithoutThrow [< 1 ms]
  Passed EmitOperand_InlineI8_EmitsWithoutThrow [< 1 ms]
  Passed EmitOperand_InlineType_EmitsWithoutThrow [< 1 ms]
  Passed EmitOperand_InlineMethod_MethodInfo_EmitsWithoutThrow [< 1 ms]
  Passed EmitOperand_InlineMethod_ConstructorInfo_EmitsWithoutThrow [< 1 ms]
  Passed EmitOperand_InlineField_EmitsWithoutThrow [< 1 ms]
  Passed EmitOperand_ShortInlineBrTarget_EmitsWithoutThrow [< 1 ms]
  Passed EmitOperand_InlineSwitch_ThrowsNotImplementedException [< 1 ms]
  Passed EmitOperand_ShortInlineVar_LocalVariable_EmitsWithoutThrow [< 1 ms]
  Passed EmitOperand_ShortInlineVar_NonLocal_ThrowsNotImplementedException [< 1 ms]
  Passed EmitOperand_InlineTok_TypeOperand_EmitsWithoutThrow [< 1 ms]
  Passed CanRead_WhenNotReading_ReturnsTrue [< 1 ms]
  Passed CanWrite_WhenNotWriting_ReturnsTrue [< 1 ms]
  Passed CanConvert_StringType_ReturnsTrue [< 1 ms]
  Passed CanConvert_NonStringType_ReturnsFalse [< 1 ms]
  Passed ReadJson_ValidInput_DelegatesToOnReadJson [< 1 ms]
  Passed WriteJson_ValidInput_DelegatesToOnWriteJson [< 1 ms]
  Passed ReadJson_ResetsGuardAfterRead_CanReadAgain [< 1 ms]
  Passed WriteJson_ResetsGuardAfterWrite_CanWriteAgain [< 1 ms]
  Passed ReadJson_WhenOnReadJsonThrows_GuardIsReset [< 1 ms]
  Passed WriteJson_WhenOnWriteJsonThrows_GuardIsReset [< 1 ms]
  Passed ReadJson_NullExistingValue_HandledCorrectly [< 1 ms]
  Passed WriteJson_NullValue_SerializesAsNull [< 1 ms]
  Passed Constructor_DefaultConstructor_CreatesInstance [1 ms]
  Passed CanRead_Default_ReturnsBaseCanRead [< 1 ms]
  Passed WriteJson_ValidPeopleScoDictionary_ProducesJson [5 ms]
  Passed CanConvert_ObjectType_ReturnsTrue [< 1 ms]
  Passed CanConvert_StringType_ReturnsFalse [< 1 ms]
  Passed CanConvert_IntType_ReturnsFalse [< 1 ms]
  Passed WriteJson_ValidObject_SerializesWithoutError [< 1 ms]
  Passed ReadJson_ValidJson_DeserializesToPeopleScoRemainingObject [8 ms]
  Passed ReadJson_EmptyJson_ReturnsObjectWithNullProperties [< 1 ms]
  Passed WriteJson_NullName_SerializesCorrectly [< 1 ms]
  Passed RoundTrip_ValidObject_PreservesData [< 1 ms]
  Passed Constructor_DefaultConstructor_CreatesInstance [1 ms]
  Passed WriteJson_DictionaryWithEntries_ProducesJson [2 ms]
  Passed WriteJson_EmptyDictionary_ProducesJson [1 ms]
  Passed ReadJson_NullWrapper_ReturnsNull [< 1 ms]
  Passed RoundTrip_DictionaryWithEntries_PreservesData [2 ms]
  Passed Constructor_Default_InitializesCoDictionary [< 1 ms]
  Passed ToComposition_FromPeopleScoDictionary_ExtractsEntries [2 ms]
  Passed ToComposition_SetsRemainingObject [< 1 ms]
  Passed ToDerived_FromWrapper_RecreatesDictionary [< 1 ms]
  Passed ToDerived_WithWrapperParam_RecreatesDictionary [< 1 ms]
  Passed RoundTrip_ToCompositionAndToDerived_PreservesEntries [< 1 ms]
  Passed ToComposition_EmptyDictionary_HandledCorrectly [< 1 ms]
  Passed ToComposition_WithNullDerivedInstance_ThrowsArgumentNullException [< 1 ms]
  Passed ToDerived_WhenCoDictionaryIsNull_ThrowsArgumentNullException [< 1 ms]
  Passed ToDerived_WhenRemainingObjectIsNull_ThrowsArgumentNullException [< 1 ms]
  Passed ToDerived_WhenConfigFieldIsMissing_StillRestoresDictionaryEntries [< 1 ms]
  Passed CompileType_CreatesTypeWithConfigProperty [2 ms]
  Passed CopyTo_WithRemainingObjectType_CopiesConfig [< 1 ms]
  Passed CreateConfigProperty_CreatesReadableConfigPropertyAndBackingField [< 1 ms]
  Passed ReplicateProperty_WithExplicitBackingField_CreatesRoundTrippableProperty [1 ms]
  Passed ReplicateProperty_WhenSetterIsMissing_SkipsSetterAndCreatesReadableProperty [< 1 ms]
  Passed ReplicateProperty_WhenGetterIsMissing_ThrowsInvalidOperationException [< 1 ms]
  Passed GetBackingField_WhenPropertyHasBackingField_ReturnsUnderlyingField [< 1 ms]
  Passed GetBackingField_WhenGetterIsMissing_ThrowsInvalidOperationException [< 1 ms]
  Passed LoadOpCodes_Initializes_SingleByteOpCodes [1 ms]
  Passed LoadOpCodes_Initializes_MultiByteOpCodes [< 1 ms]
  Passed LoadOpCodes_PopulatesKnownSingleByteOpCodes [< 1 ms]
  Passed LoadOpCodes_PopulatesKnownOpCode_Ret [< 1 ms]
  Passed ProcessSpecialTypes_SystemString_ReturnsString [< 1 ms]
  Passed ProcessSpecialTypes_SystemDotstring_ReturnsString [< 1 ms]
  Passed ProcessSpecialTypes_StringAlone_ReturnsString [< 1 ms]
  Passed ProcessSpecialTypes_SystemInt32_ReturnsInt [< 1 ms]
  Passed ProcessSpecialTypes_Int32_ReturnsInt [< 1 ms]
  Passed ProcessSpecialTypes_Int_ReturnsInt [< 1 ms]
  Passed ProcessSpecialTypes_UnknownType_ReturnsSameString [< 1 ms]
  Passed Cache_IsInitialized [< 1 ms]
  Passed DefaultConstructor_CreatesInstance [< 1 ms]
  Passed Code_SetAndGet_ReturnsExpected [< 1 ms]
  Passed Operand_SetAndGet_ReturnsExpected [< 1 ms]
  Passed OperandData_SetAndGet_ReturnsExpected [1 ms]
  Passed Offset_SetAndGet_ReturnsExpected [< 1 ms]
  Passed GetCode_NopNoOperand_ReturnsFormattedString [< 1 ms]
  Passed GetCode_WithStringOperand_ContainsString [< 1 ms]
  Passed GetCode_WithNewlineStringOperand_EscapesNewline [< 1 ms]
  Passed GetCode_WithTypeOperand_ShowsTypeName [< 1 ms]
  Passed GetCode_WithIntOperand_ShowsValue [< 1 ms]
  Passed GetCode_WithBrTargetOperand_ShowsExpandedOffset [< 1 ms]
  Passed GetCode_WithTokenTypeOperand_ShowsFullName [< 1 ms]
  Passed GetCode_WithNullOperand_ReturnsCodeOnly [< 1 ms]
  Passed GetCode_LargeOffset_FormatsCorrectly [< 1 ms]
  Passed GetCode_SmallOffset_PadsWithZeros [< 1 ms]
  Passed GetCode_WithFieldOperand_ShowsFieldSignature [< 1 ms]
  Passed GetCode_WithInstanceMethodOperand_IncludesInstanceKeyword [< 1 ms]
  Passed GetCode_WithStaticMethodOperand_OmitsInstanceKeyword [< 1 ms]
  Passed GetCode_WithConstructorOperand_ShowsInstanceConstructorSignature [< 1 ms]
  Passed GetCode_WithStaticConstructorOperand_OmitsInstanceKeyword [< 1 ms]
  Passed GetCode_WithInvalidInlineMethodOperand_ReturnsOpcodeOnly [< 1 ms]
  Passed GetCode_WithShortInlineVarOperand_AppendsOperandValue [< 1 ms]
  Passed GetCode_WithNonTypeTokenOperand_ShowsNotSupported [< 1 ms]
  Passed GetCode_WithUnsupportedOperandType_ShowsNotSupported [< 1 ms]
  Passed Constructor_WithSimpleMethod_ParsesInstructions [1 ms]
  Passed Constructor_WithMethodWithoutBody_LeavesInstructionsNull [< 1 ms]
  Passed Constructor_WithVoidMethod_ParsesSuccessfully [< 1 ms]
  Passed GetBodyCode_ReturnsConcatenatedInstructions [< 1 ms]
  Passed ConstructInstructions_WithNumericAndVariableOperands_ParsesExpectedOperands [3 ms]
  Passed ConstructInstructions_WithMetadataOperands_ResolvesFieldMethodAndType [1 ms]
  Passed ConstructInstructions_WithInvalidMetadataTokens_LeavesOperandsNull [< 1 ms]
  Passed ConstructInstructions_WithBranchOperands_ComputesAbsoluteTargets [< 1 ms]
  Passed ConstructInstructions_WithSwitchOperand_ParsesWithoutThrowing [< 1 ms]
  Passed GetRefferencedOperand_WithKnownMetadataToken_ReturnsResolvedType [< 1 ms]
  Passed GetRefferencedOperand_WithUnknownMetadataToken_ReturnsNull [2 ms]
  Passed PrivateReadMethods_ReturnExpectedIntegralValues [2 ms]
  Passed PrivateReadMethods_ReturnExpectedFloatingPointValues [1 ms]
  Passed PrivateReadMethods_ReturnExpectedByteValues [2 ms]
  Passed EmitOperand_InlineBrTarget_ThrowsNotImplementedException [1 ms]
  Passed EmitOperand_ShortInlineI_NonLdcI4S_EmitsWithoutThrow [< 1 ms]
  Passed EmitOperand_InlineTok_MethodInfoOperand_EmitsWithoutThrow [< 1 ms]
  Passed EmitOperand_InlineTok_FieldInfoOperand_EmitsWithoutThrow [< 1 ms]
  Passed EmitOperand_InlineTok_InvalidOperand_ThrowsInvalidCastException [< 1 ms]
  Passed EmitOperand_InlineMethod_InvalidOperand_ThrowsInvalidCastException [< 1 ms]
  Passed CreateKey_ReturnsSequentialKeys [< 1 ms]
  Passed SetAndGetInteger_RoundTrips [< 1 ms]
  Passed ContainsInteger_WhenSet_ReturnsTrue [< 1 ms]
  Passed ContainsInteger_WhenNotSet_ReturnsFalse [< 1 ms]
  Passed SetAndGetObject_RoundTrips [< 1 ms]
  Passed ContainsObject_WhenSet_ReturnsTrue [< 1 ms]
  Passed ContainsObject_WhenNotSet_ReturnsFalse [< 1 ms]
  Passed GetColor_WhenNotSet_ReturnsEmptyColor [< 1 ms]
  Passed SetAndGetColor_RoundTrips [< 1 ms]
  Passed GetPadding_WhenNotSet_ReturnsEmptyPadding [< 1 ms]
  Passed SetAndGetPadding_RoundTrips [< 1 ms]
  Passed GetRectangle_WhenNotSet_ReturnsEmptyRectangle [< 1 ms]
  Passed SetAndGetRectangle_RoundTrips [< 1 ms]
  Passed RemoveInteger_WhenKeyExists_DoesNotThrow [< 1 ms]
  Passed RemoveObject_WhenKeyExists_RemovesIt [< 1 ms]
  Passed MultipleKeys_StoreIndependently [< 1 ms]
  Passed GetInteger_WithOutBool_IndicatesFoundStatus [< 1 ms]
  Passed GetObject_WithOutBool_WhenNotSet_FoundIsFalse [< 1 ms]
  Passed DependenciesNotNull_ExpectedState_True [< 1 ms]
  Passed DependenciesNotNull_ExpectedState_False_ParamsIsNull [< 1 ms]
  Passed DependenciesNotNull_ExpectedState_False_ParamsIsEmpty [< 1 ms]
  Passed DependenciesNotNull_ExpectedState_False_MultipleParamsNull [< 1 ms]
  Passed DependenciesNotNull_ExpectedState_Exception_ParamsIsNull [< 1 ms]
  Passed DependenciesNotNull_ExpectedState_Exception_ParamsIsEmpty [< 1 ms]
  Passed DependenciesNotNull_ExpectedState_Exception_MultipleParamsNull [1 ms]
  Passed GetOrLoad_WhenVariableIsDefault_LoadsValueOnlyOnce [< 1 ms]
  Passed GetOrLoad_WithCallback_InvokesCallbackWhenValueIsLoaded [< 1 ms]
  Passed GetOrLoad_WithStrictDependenciesAndMissingDependency_ReturnsDefaultWithoutLoading [< 1 ms]
  Passed GetOrLoad_WithDefaultValue_WhenLoaderThrows_SetsDefaultAndInvokesSaver [< 1 ms]
  Passed SetAndSave_WhenConditionIsTrue_UpdatesVariableAndInvokesSetterAndSaver [< 1 ms]
  Passed SetAndSave_WhenConditionIsFalse_UpdatesVariableWithoutCallingDelegates [< 1 ms]
  Passed SetAndSave_WithStrictTrueAndNullSetter_ThrowsArgumentNullException [< 1 ms]
  Passed DependenciesNotNull_WhenCalledConcurrentlyWithValidDependencies_ReturnsTrueForAllCalls [4 ms]
  Passed GetOrLoad_WithIsInitializedPredicate_SkipsLoaderWhenAlreadyInitialized [< 1 ms]
  Passed GetOrLoad_WithIsInitializedPredicate_LoadsWhenNotInitialized [< 1 ms]
  Passed DependenciesNotNull_WithNullDependencies_AndStrictTrue_ThrowsArgumentNullException [< 1 ms]
  Passed DependenciesNotNull_WithEmptyDependencies_AndStrictFalse_ReturnsFalse [< 1 ms]
  Passed DependenciesNotNull_WithSomeNullElements_AndStrictFalse_ReturnsFalse [< 1 ms]
  Passed Load_WithStrictAndValidDependencies_InvokesLoader [< 1 ms]
  Passed Load_WithMissingDependencies_ReturnsDefault [< 1 ms]
  Passed Load_WithDefaultValue_WhenDependenciesNull_ReturnsDefaultValue [< 1 ms]
  Passed Load_WithDefaultValue_WhenDependenciesValid_InvokesLoader [< 1 ms]
  Passed SetAndSave_WithObjectSetterOnly_SetsVariableAndCallsSetter [< 1 ms]
  Passed SetAndSave_WithoutRef_JustCallsSetter [< 1 ms]
  Passed GetOrLoad_WithDefaultValue_WhenLoaderReturnsDefault_SetsDefaultValue [< 1 ms]
  Passed GetOrLoad_WithDefaultValue_WhenNoDependencies_SetsDefaultValue [< 1 ms]
  Passed SetAndSave_RefWithConditionNoSaver_WhenConditionTrue_CallsSetter [< 1 ms]
  Passed SetAndSave_RefWithConditionNoSaver_WhenConditionFalse_SkipsSetter [< 1 ms]
  Passed SetAndSave_ValueOnlyWithCondition_WhenConditionTrue_CallsSetter [< 1 ms]
  Passed SetAndSave_ValueOnlyWithCondition_WhenConditionFalse_SkipsSetter [< 1 ms]
  Passed SetAndSave_ValueOnlyWithSaverAndCondition_WhenConditionNull_CallsSetterAndSaver [< 1 ms]
  Passed SetAndSave_ValueOnlyWithSaverAndCondition_WhenSetterNull_NonStrict_SkipsSetter [< 1 ms]
  Passed SetAndSave_ValueOnlyWithSaverAndCondition_WhenSaverNull_NonStrict_SkipsSaver [< 1 ms]
  Passed DependenciesNotNull_EmptyDependencies_StrictTrue_ThrowsArgumentNullException [< 1 ms]
  Passed DependenciesNotNull_SomeNullElements_StrictTrue_ThrowsArgumentNullException [< 1 ms]
  Passed DependenciesNotNull_AllValid_ReturnsTrue [< 1 ms]
  Passed GetOrLoad_WithIsInitializedAndDeps_WhenDepsNull_ReturnsCurrentVariable [< 1 ms]
  Passed GetOrLoad_WithIsInitializedAndDeps_WhenDepsValid_LoadsValue [< 1 ms]
  Passed GetOrLoad_WithCallbackAndDeps_WhenDepsValid_InvokesCallbackAndLoads [< 1 ms]
  Passed GetOrLoad_WithCallbackAndDeps_WhenDepsNull_ReturnsDefault [< 1 ms]
  Passed GetOrLoad_WithDefaultAndSaver_WhenLoaderReturnsValue_DoesNotCallSaver [< 1 ms]
  Passed GetOrLoad_WithDefaultAndSaver_WhenLoaderReturnsNull_CallsSaver [< 1 ms]
  Passed GetOrLoad_WithDefaultAndSaver_WhenNoDeps_ReturnsDefault [< 1 ms]
  Passed GetOrLoad_WithDefaultNonNull_WhenLoaderReturnsDefault_FallsBackToDefault [< 1 ms]
  Passed SetAndSave_ValueOnly_WithNullSetter_NonStrict_DoesNotThrow [< 1 ms]
  Passed MergeSort_SortsEmptySingleSortedReverseAndDuplicateSequences [3 ms]
  Passed MergeSort_InPlaceOverload_ReturnsNullAndMutatesOriginalList [< 1 ms]
  Passed MergeSort_SortsLargeSequenceAndDifferentTypes [1 ms]
  Passed Clone_WhenSourceIsNull_ReturnsNull [< 1 ms]
  Passed Clone_WhenTypeIsNotSerializable_ThrowsArgumentException [< 1 ms]
  Passed Clone_WhenSourceHasNestedObjects_CreatesDeepCopy [< 1 ms]
  Passed Clone_WhenSourceContainsCollection_CopiesCollectionIndependently [< 1 ms]
  Passed Clone_WhenSourceContainsCircularReference_PreservesCycleInClone [< 1 ms]
  Passed ParamArray_AnyNull_StaticAndInstanceHandleEmptySingleMultipleAndNullArguments [< 1 ms]
  Passed ParamArrayOfT_AnyNull_StaticAndInstanceHandleReferenceTypeArguments [< 1 ms]
  Passed ParamArrayOfT_AnyNullOrEmpty_StaticAndInstanceHandleEmptyAndValueTypeArguments [< 1 ms]
  Passed GetObjectSize_ReturnsZeroForNullAndObjectsWithoutFields [< 1 ms]
  Passed GetObjectSize_ReturnsMarshalSizeForPrimitiveValueTypes [< 1 ms]
  Passed GetObjectSize_ReturnsCharacterCountTimesTwoForStrings [< 1 ms]
  Passed GetObjectSize_SumsCollectionItemsAndAvoidsDoubleCountingSharedReferences [< 1 ms]
  Passed GetObjectSize_TraversesComplexReferenceGraphs [< 1 ms]
  Passed GetAllClassesInSolution_ReturnsKnownProjectTypesAndFiltersNestedPrivateTypes [581 ms]
  Passed GetAllContainedTypes_ReturnsEmptyListForNullInput [< 1 ms]
  Passed GetAllContainedTypes_CollectsRootNestedGenericAndInterfaceBackedTypesWithoutRepeatingCycles [2 ms]
  Passed GetAllFields_ReturnsDeclaredInstanceFieldsFromDerivedAndBaseTypes [< 1 ms]
  Passed GetAllDerivedFields_ReturnsOnlyFieldsBelowSpecifiedBaseType [1 ms]
  Passed StartAndStop_ReturnSameInstance_AndResetClearsElapsed [32 ms]
  Passed LogDuration_CapturesMultipleNamedSegments [73 ms]
  Passed GroupByActionName_ReturnsGroupedCopy_AndCanReplaceDurationsInPlace [12 ms]
  Passed MergeDurations_AndGroupDurations_CombineDurationsByActionName [4 ms]
  Passed GetDurations_FormatsReportAndWriteToLogCanClearDurations [3 ms]
  Passed BitwiseOperations_HandleAndOrXorAndNotForIntFlags [2 ms]
  Passed SequenceOverloads_CombineFlagsIncludingZeroAndDuplicates [1 ms]
  Passed All_ReturnsCombinationOfAllDefinedByteFlagsIncludingHighBit [3 ms]
  Passed Operations_WorkWithLongBackedEnumsAndBoundaryBitValues [3 ms]
  Passed DeepDifferences_NullFirstObject_ThrowsArgumentNullException [1 ms]
  Passed DeepDifferences_NullSecondObject_ThrowsArgumentNullException [< 1 ms]
  Passed DeepDifferences_PlainEqualObjects_ThrowsInvalidCastException [< 1 ms]
  Passed DeepDifferences_PlainDifferentValues_ThrowsInvalidCastException [< 1 ms]
  Passed DeepDifferences_PlainNestedCollectionAndCircularObjects_ThrowInvalidCastException [< 1 ms]
  Passed DeepDifferences_BothNull_ThrowsArgumentNullException [< 1 ms]
  Passed DeepDifferences_StringValues_ThrowsInvalidCastException [< 1 ms]
  Passed Constructor_WhenDirectoryInfoIsNull_ThrowsArgumentNullException [< 1 ms]
  Passed Properties_ShouldMirrorWrappedDirectoryInfo [< 1 ms]
  Passed GetDirectoriesAndGetFiles_ShouldReturnWrappedEntries [3 ms]
  Passed EnumerateFileSystemInfos_ShouldWrapDirectoriesAndFiles [1 ms]
  Passed ToString_ShouldDelegateToWrappedDirectoryInfo [< 1 ms]
  Passed Constructor_WhenFileInfoIsNull_ThrowsArgumentNullException [< 1 ms]
  Passed Properties_ShouldMirrorWrappedFileInfo [< 1 ms]
  Passed ExplicitDirectoryCast_ShouldReturnWrappedContainingDirectory [< 1 ms]
  Passed OpenRead_ShouldReturnReadableStreamForWrappedFile [< 1 ms]
  Passed ToString_ShouldDelegateToWrappedFileInfo [< 1 ms]
  Passed Constructor_ShouldEnableAutoFlushAndExposeWritableStream [< 1 ms]
  Passed WriteLine_ShouldAcceptNullEmptyAndTextMessagesWithoutThrowing [< 1 ms]
  Passed BaseStream_ShouldThrowForUnsupportedReadSeekAndLengthOperations [< 1 ms]
  Passed Write_ShouldWriteBytesWithoutThrowing [< 1 ms]
  Passed Write_WithVariousCharSequences_ShouldNotThrow [< 1 ms]
  Passed DebugTextWriter_Constructor_ShouldEnableAutoFlushAndExposeWritableStream [< 1 ms]
  Passed DebugTextWriter_BaseStream_ShouldThrowForUnsupportedOperationsAndAllowWrites [1 ms]
  Passed GetMethodCallLogString_ShouldIncludeCallerMethodAndParameters [< 1 ms]
  Passed GetMethodTraceString_ShouldIncludeCurrentCallChain [1 ms]
  Passed TryGetMyTraceString_WhenTraceIsNull_ReturnsFallback [< 1 ms]
  Passed GetMyTraceString_WithCurrentTrace_ReturnsProjectTrace [< 1 ms]
  Passed GetAssembly_ShouldReturnDeclaringAssemblyForInstanceMethod [< 1 ms]
  Passed TryGetMyTraceString_WithValidTrace_ReturnsNonEmptyString [< 1 ms]
  Passed GetCallerParameters_ShouldReturnParameterInfoArray [< 1 ms]
  Passed GetMethodTraceString_ExtensionOnStackTrace_ReturnsChain [< 1 ms]
  Passed GetMethodCallLogString_WithoutParams_StillReturnsTrace [< 1 ms]
  Passed LogMethodCallOld_MatchingAndMismatchedParameters_DoNotThrow [< 1 ms]
  Passed LogMethodCallAndLogMethodTrace_DoNotThrow [< 1 ms]
  Passed GetAssembly_ShouldReturnModuleAssemblyForStaticMethod [< 1 ms]
  Passed GetCallerMethod_WithOutOfRangeFrameLevel_ReturnsNull [< 1 ms]
  Passed GetMyFrames_WithCurrentTrace_ReturnsOnlyProjectMethods [2 ms]
  Passed InternalIsMine_ShouldReturnFalseForFrameworkAssembly [< 1 ms]
  Passed InternalIsMine_ShouldReturnTrueForProjectAssembly [< 1 ms]
  Passed ProjectNames_ShouldContainKnownProjectNames [< 1 ms]
  Passed GetMyMethodNames_WithCurrentTrace_ReturnsNonEmptyArray [< 1 ms]
  Passed GetClassName_ForStaticMethod_ReturnsModuleName [< 1 ms]
  Passed GetClassName_ForInstanceMethod_ReturnsDeclaringTypeName [< 1 ms]
  Passed GetCallerMethod_WithRefFrameLevel_IncrementsLevel [< 1 ms]
  Passed GetCallerParameters_WithRefFrameLevel_ReturnsParameterInfo [< 1 ms]
  Passed TryGetMyTraceString_NoArgs_ReturnsNonEmptyString [< 1 ms]
  Passed GetMethodCallLogString_NoParams_ReturnsUpdateMessage [< 1 ms]
  Passed GetMethodTraceString_StackTraceExtension_WithMatchingParams_ContainsParamValues [< 1 ms]
  Passed Constructor_ShouldInitializeKnownMethodsAsNonVerbose [2 ms]
  Passed SetVerbose_ShouldEnableSingleMethodAndEnumerableMethods [< 1 ms]
  Passed IsVerbose_ShouldReturnFalseForUnknownMember [< 1 ms]
  Passed VerboseAction_ShouldOnlyExecuteWhenMemberIsVerbose [< 1 ms]
  Passed LogAndLogObject_ShouldAllowNullEmptyAndStructuredInputsWithoutThrowing [< 1 ms]
  Passed Enqueue_StateUnderTest_ExpectedBehavior [7 ms]
  Passed EnqueueAsync_StateUnderTest_ExpectedBehavior [1 ms]
  Passed StartTimer_StateUnderTest_ExpectedBehavior [< 1 ms]
  Passed StartTimer_StateUnderTest_NoDiskWriter [< 1 ms]
  Passed StopTimer_StateUnderTest_ExpectedBehavior [< 1 ms]
  Passed TryStartTimer_StateUnderTest_ExpectedBehavior [< 1 ms]
  Passed TryStartTimer_StateUnderTest_NoDiskWriter [< 1 ms]
  Passed Configuration_PropertyChanged_StateUnderTest_ExpectedBehavior [6 ms]
  Passed OnTimedEvent_StateUnderTest_ExpectedBehavior [2 ms]
  Passed OnTimedEvent_StateUnderTest_4EmptyCallsDoesNotStopTimer [< 1 ms]
  Passed OnTimedEvent_StateUnderTest_5EmptyCallsStopTimer [< 1 ms]
  Passed ToJustifiedText_NullOrWhitespaceInput_ReturnsPaddedText [< 1 ms]
  Passed ToJustifiedText_WithNonPositiveWidth_ThrowsArgumentOutOfRangeException [< 1 ms]
  Passed ToFormattedText_WithEmptyJaggedArrayAndNoHeadersOrTitle_ReturnsEmptyObjectMessage [< 1 ms]
  Passed ToFormattedText_WithHeadersAndAggregatorRow_FormatsTitleHeadersAndDivider [< 1 ms]
  Passed ToFormattedText_ForGenericDictionary_UsesConvertersAndTitle [3 ms]
  Passed ToFormattedText_ForNumericDictionaries_FormatsExpectedDecimalPlaces [3 ms]
  Passed ArrayToDatatable_WithHeadersAndNestedValues_BuildsExpectedTable [21 ms]
  Passed ArrayToDatatable_WithHeaderLengthMismatch_ThrowsArgumentException [< 1 ms]
  Passed ToFormattedTextAndMarkdown_ForTwoDimensionalArray_RenderAllPrimitiveCells [< 1 ms]
  Passed DataFramePrettyHelpers_RenderRowsMarkdownAndConsoleOutput [7 ms]
  Passed ArrayToDatatable_WithoutHeaders_BuildsDefaultColumns [< 1 ms]
  Passed ToFormattedText_WithTitleOnlyAndLongTitle_WrapsInsertedEmptyMessageRow [< 1 ms]
  Passed ToFormattedText_WithHeadersOnly_UsesWideEmptyMessageAndHeaderDivider [< 1 ms]
  Passed ToFormattedText_WithNullCellsAndImplicitJustifications_CoversWidthNormalization [< 1 ms]
  Passed ReflectionHelpers_CoverInternalFormattingBranches [10 ms]
  Passed ToJustifiedText_AddSpacing_Test [< 1 ms]
  Passed ToJustifiedText_Truncate_Test [< 1 ms]
  Passed Trace_TraceLevel_Error [10 ms]
  Passed Trace_TraceLevel_Warning [< 1 ms]
  Passed Trace_TraceLevel_Info [< 1 ms]
  Passed Trace_TraceLevel_Verbose [< 1 ms]
  Passed GetImageIndex_ReturnsImageIndexForFile [31 ms]
  Passed GetImageIndex_ReturnsImageIndexForDirectory [3 ms]
  Passed SmallImageCollection_ReturnsSmallImageCollection [< 1 ms]
  Passed LargeImageCollection_ReturnsLargeImageCollection [< 1 ms]
  Passed SmallImageList_ReturnsSmallImageList [< 1 ms]
  Passed LargeImageList_ReturnsLargeImageList [< 1 ms]
  Passed GetStrippedText_WithAsciiText_ReturnsUnchanged [< 1 ms]
  Passed GetStrippedText_WithNonAsciiCharacters_RemovesThem [< 1 ms]
  Passed GetStrippedText_WithEmptyString_ReturnsEmpty [< 1 ms]
  Passed GetStrippedText_WithTabsAndNewlines_RemovesThem [< 1 ms]
  Passed GetStrippedText_ClosingBraceAtBoundary_KeepsIt [< 1 ms]
  Passed GetStrippedText_WithOnlyNonAscii_ReturnsEmpty [< 1 ms]
  Passed DefaultConstructor_ShouldInitializeEmptyProperties [< 1 ms]
  Passed Constructor_WithFileNameAndFolderPath_ShouldSetFilePath [< 1 ms]
  Passed FromSeed_ShouldBuildFileNameFromParts [< 1 ms]
  Passed Exists_WhenFilePathIsEmpty_ShouldReturnFalse [< 1 ms]
  Passed Exists_WhenFileDoesNotExist_ShouldReturnFalse [< 1 ms]
  Passed GetLastWriteTimeUtc_WhenFileDoesNotExist_ShouldReturnDefault [< 1 ms]
  Passed StemInitialized_WhenSeedIsNull_ShouldReturnFalse [< 1 ms]
  Passed CalcMaxSeedLength_WhenNotInitialized_ShouldReturnMaxPath [< 1 ms]
  Passed CalcMaxSeedLength_WhenInitialized_ShouldSubtractComponentLengths [< 1 ms]
  Passed ExtractStemAndExtension_ShouldSplitFileName [< 1 ms]
  Passed ExtractStemAndExtension_WhenNoExtension_ShouldReturnEmptyExtension [< 1 ms]
  Passed TryParseFileStem_WhenEmpty_ShouldReturnFalse [< 1 ms]
  Passed TryParseFileStem_WhenSeedAndSuffixEmpty_ShouldSetSeedToFileStem [< 1 ms]
  Passed TryParseFileName_WhenEmpty_ShouldReturnFalse [< 1 ms]
  Passed TryParseFileName_WhenValid_ShouldSetStemAndExtension [< 1 ms]
  Passed Clone_ShouldReturnShallowCopy [< 1 ms]
  Passed DeepCopy_ShouldCreateIndependentCopy [< 1 ms]
  Passed CopyFrom_ShouldOverwriteAllFields [< 1 ms]
  Passed PropertyChanged_FileName_ShouldRecomputeFilePath [< 1 ms]
  Passed PropertyChanged_FolderPath_ShouldRecomputeFilePath [< 1 ms]
  Passed PropertyChanged_FilePath_ShouldSplitIntoFolderAndFile [< 1 ms]
  Passed PropertyChanged_FilePath_WhenEmpty_ShouldClearFolderAndFile [< 1 ms]
  Passed AdjustForMaxPath_Static_ShouldTruncateSeedWhenPathExceedsMax [< 1 ms]
  Passed AdjustForMaxPath_Instance_WhenNotInitialized_ShouldReturnFalse [< 1 ms]
  Passed CopyChanged_ShouldReturnListOfChangedProperties [< 1 ms]
  Passed Constructor_WhenNull_ShouldThrowArgumentNullException [1 ms]
  Passed Name_ShouldDelegateToUnderlyingFileSystemInfo [< 1 ms]
  Passed FullName_ShouldDelegateToUnderlyingFileSystemInfo [< 1 ms]
  Passed Extension_ShouldDelegateToUnderlyingFileSystemInfo [< 1 ms]
  Passed Exists_ShouldDelegateToUnderlyingFileSystemInfo [< 1 ms]
  Passed Attributes_Getter_ShouldDelegateToUnderlyingFileSystemInfo [< 1 ms]
  Passed CreationTime_ShouldDelegateToUnderlyingFileSystemInfo [< 1 ms]
  Passed LastAccessTime_ShouldDelegateToUnderlyingFileSystemInfo [< 1 ms]
  Passed LastWriteTime_ShouldDelegateToUnderlyingFileSystemInfo [< 1 ms]
  Passed Refresh_ShouldNotThrow [< 1 ms]
  Passed Tokenize_DefaultOverload_WithEmptyInput_ReturnsNoTokens [< 1 ms]
  Passed Tokenize_DefaultOverload_WithSingleAndShortWords_OnlyReturnsEligibleSingleToken [< 1 ms]
  Passed Tokenize_DefaultOverload_WithWhitespaceAndMultipleTokens_NormalizesToLowercase [< 1 ms]
  Passed Tokenize_MinimumLengthOverload_FiltersShorterTokens [< 1 ms]
  Passed Tokenize_CustomCharacterOverload_KeepsQuotedAndDelimitedWordsTogether [< 1 ms]
  Passed Tokenize_RegexOverload_UsesProvidedPatternForDelimiterControl [< 1 ms]
  Passed AsTokenPattern_WithCustomCharactersAndMinimumLength_ReturnsExpandedPattern [< 1 ms]
  Passed GetRegex_DefaultAndCustomOverloads_ReturnExpectedPatterns [< 1 ms]
  Passed GetTokenPattern_WithMinZeroOrOne_UsesSingleRequiredWordPattern [< 1 ms]
  Passed AsRegexWord_WithNullEmptyAndCustomCharacters_ReturnsExpectedWordPatterns [< 1 ms]
  Passed MakeSearchPattern_WithWildcardsAndSpecialCharacters_EscapesLiteralsAndPreservesWildcards [< 1 ms]
  Passed MakeSearchPattern_WithEmptyPattern_ReturnsAnchoredEmptyExpression [< 1 ms]
  Passed MakeSearchPattern_WithNullInput_ThrowsNullReferenceException [< 1 ms]
  Passed MakeReplacePattern_WithNoWildcards_ReturnsEmptyReplacement [< 1 ms]
  Passed MakeRegex_CreatesCaseInsensitiveRegexAndReturnsPattern [< 1 ms]
  Passed GetRegexGroups_WhenInputMatches_ReturnsAllWildcardGroups [< 1 ms]
  Passed GetRegexGroups_WhenInputDoesNotMatch_ReturnsEmptyArray [< 1 ms]
  Passed GetRegexGroups_WithNullInput_ThrowsArgumentNullException [< 1 ms]
  Passed GetRegexGroups_CanBeUsedAcrossMultipleMatchesIndependently [< 1 ms]
  Passed CanRead_ReturnsTrue [3 ms]
  Passed CanSeek_ReturnsTrue [< 1 ms]
  Passed CanWrite_ReturnsTrue [< 1 ms]
  Passed Position_SetAndGet [< 1 ms]
  Passed Flush_CallsCommitOnSource [< 1 ms]
  Passed SetLength_CallsSetSizeOnSource [< 1 ms]
  Passed Write_WithOffset_ThrowsNotImplemented [< 1 ms]
  Passed Write_ZeroOffset_CallsWriteOnSource [1 ms]
  Passed Read_WithOffset_ThrowsNotImplemented [< 1 ms]
  Passed ImplementsIDispatch_RegularObject_ReturnsFalse [< 1 ms]
  Passed ImplementsIDispatch_String_ReturnsFalse [< 1 ms]
  Passed Invoke_ByMemberName_InvokesToString [< 1 ms]
  Passed Invoke_NullObject_ThrowsArgumentNullException [< 1 ms]
  Passed Invoke_ByDispId_WithValidMember_InvokesSuccessfully [< 1 ms]
  Passed Constructor_CreatesInstance [< 1 ms]
  Passed GetFileType_ExeExtension_ReturnsNonEmptyString [2 ms]
  Passed Execute_NonexistentPath_ReturnsErrorCode [1 ms]
  Passed Execute_WithOperation_ReturnsResult [< 1 ms]
  Passed Area_Rectangle_CalculatesCorrectly [< 1 ms]
  Passed Area_RectangleF_CalculatesCorrectly [< 1 ms]
  Passed Area_ZeroSizedRectangle_ReturnsZero [< 1 ms]
  Passed Area_NegativeDimension_ReturnsNegative [< 1 ms]
  Passed InsertSpecificRow_NegativeIndex_ThrowsArgumentOutOfRange [< 1 ms]
  Passed InsertSpecificRow_ZeroInsertCount_ThrowsArgumentOutOfRange [< 1 ms]
  Passed InsertSpecificRow_ValidIndex_IncreasesRowCount [1 ms]
  Passed Constructor_WithForm_CreatesInstance [< 1 ms]
  Passed FormClicked_EventCanBeSubscribed [< 1 ms]
  Passed GetEncoder_PngFormat_ReturnsEncoder [1 ms]
  Passed GetEncoder_JpegFormat_ReturnsEncoder [< 1 ms]
  Passed GetEncoder_UnknownFormat_ReturnsNull [< 1 ms]
  Passed DefaultConstructor_CreatesInstance [< 1 ms]
  Passed ParameterizedConstructor_SetsAllProperties [< 1 ms]
  Passed Left_SetAndGet [< 1 ms]
  Passed Top_SetAndGet [< 1 ms]
  Passed Width_SetAndGet [< 1 ms]
  Passed Height_SetAndGet [< 1 ms]
  Passed Margin_SetAndGet [< 1 ms]
  Passed Padding_SetAndGet [< 1 ms]
  Passed FromTemplate_CellZeroZero_ReturnsTemplatePosition [< 1 ms]
  Passed FromTemplate_CellOneZero_OffsetsVertically [< 1 ms]
  Passed FromTemplate_CellZeroOne_OffsetsHorizontally [< 1 ms]
  Passed Set_WithControlPosition_SetsControlProperties [< 1 ms]
  Passed CreateTemplate_FromControl_CapturesProperties [< 1 ms]
  Passed Constructor_CreatesInstance [< 1 ms]
  Passed FindAllControls_WithNestedControls_PopulatesDict [1 ms]
  Passed ResizeAllControls_AfterFind_DoesNotThrow [1 ms]
  Passed SetResizeDimensions_KnownControl_ReturnsTrue [< 1 ms]
  Passed SetResizeDimensions_UnknownControl_ReturnsFalse [< 1 ms]
  Passed ResizeDimensions_EnumValues [< 1 ms]
  Passed DefaultConstructor_CreatesInstance [< 1 ms]
  Passed Constructor_WithNameAndControlGroups_SetsProperties [< 1 ms]
  Passed Constructor_NullControlGroups_ThrowsArgumentNullException [< 1 ms]
  Passed NavBackColor_SetAndGet [< 1 ms]
  Passed NavForeColor_SetAndGet [< 1 ms]
  Passed Constructor_OneField_CreatesInstance [< 1 ms]
  Passed Constructor_OneField_NullControls_ThrowsArgumentNullException [< 1 ms]
  Passed Constructor_OneField_EmptyControls_ThrowsArgumentOutOfRange [< 1 ms]
  Passed Constructor_TwoField_CreatesInstance [< 1 ms]
  Passed Constructor_TwoField_NullControls_ThrowsArgumentNullException [< 1 ms]
  Passed Constructor_TwoField_EmptyControls_ThrowsArgumentOutOfRange [< 1 ms]
  Passed Constructor_TwoFieldAlt_CreatesInstance [< 1 ms]
  Passed Constructor_TwoFieldAltHover_CreatesInstance [< 1 ms]
  Passed ToStringArray_2DArray_ConvertsValuesAndNullsToStrings [2 ms]
  Passed ToStringArray_1DArray_WithNullReplacement_UsesReplacementForNullEntries [< 1 ms]
  Passed ToStringArray_1DArray_WhenArrayIsNull_ThrowsNullReferenceException [< 1 ms]
  Passed SliceRowAndSliceColumn_ReturnExpectedSequences [< 1 ms]
  Passed To2D_RectangularJaggedArray_Returns2DArray [1 ms]
  Passed To2D_WhenSourceIsNull_ThrowsArgumentNullException [< 1 ms]
  Passed To2D_WhenRowsAreNullOrNonRectangular_ThrowsInvalidOperationException [< 1 ms]
  Passed IsInitialized_ReturnsExpectedResultsForFullyAndPartiallyInitializedArrays [< 1 ms]
  Passed SearchArry4Str_ReturnsExpectedResultsForSupportedOptions [1 ms]
  Passed FlattenArrayTree_ReturnsFlattenedValuesForNestedTypedArrays [1 ms]
  Passed FlattenArrayTree_WhenStrictAndEncounteringInvalidNode_ThrowsArgumentException [< 1 ms]
  Passed TryFlattenArrayTree_WhenNodeCannotBeFlattened_ReturnsNull [< 1 ms]
  Passed IsArrayHelpers_DetectArraysAndElementTypes [< 1 ms]
  Passed SentenceJoin_FormatsEmptySingleDoubleAndMultipleInputs [1 ms]
  Passed FlattenStringTree_FlattensNestedStringArraysAndCanReturnErrorForInvalidNodes [< 1 ms]
  Passed ToStringArray_1DArray_ConvertsNonNullValuesToStrings [< 1 ms]
  Passed ToStringArray_2DArray_WithNullReplacement_UsesReplacementForNullEntries [< 1 ms]
  Passed To2D_EmptyJaggedArray_ReturnsEmpty2DArray [< 1 ms]
  Passed IsInitialized_1DArrayPartially_WithAllNulls_ReturnsFalse [< 1 ms]
  Passed IsInitialized_2DArrayPartially_WithAllNulls_ReturnsFalse [< 1 ms]
  Passed SentenceJoin_CharArrayEdgeCases_FormatsCorrectly [< 1 ms]
  Passed SentenceJoin_IEnumerableOverload_EmptyAndSingleCases [< 1 ms]
  Passed TryFlattenArrayTree_WithValidNestedArray_ReturnsFlattenedArray [< 1 ms]
  Passed ArrayIsAllocated_ReturnsExpectedValuesForArrayAndStringArrayOverloads [< 1 ms]
  Passed ToMbString_ShouldFormatBytesAsMegabytes [< 1 ms]
  Passed MB_Constant_ShouldBeOneMillion [< 1 ms]
  Passed CopyToAsync_WithIProgress_ShouldCopyAndReportProgress [7 ms]
  Passed CopyToAsync_WithNullProgress_ThrowsNullReference [4 ms]
  Passed CopyToAsync_WithZeroBufferSize_UsesDefaultBuffer [< 1 ms]
  Passed CopyToAsync_WithNegativeSourceLength_InfersLengthFromStream [< 1 ms]
  Passed CopyToAsync_ShouldCopyStreamAndReportProgress [213 ms]
  Passed CopyToAsync_ShouldThrowWhenCancellationIsRequestedBeforeCopy [1 ms]
  Passed CopyToAsync_ShouldSupportEmptyStreams [2 ms]
  Passed CallerArgumentExpressionAttribute_StoresProvidedParameterName [< 1 ms]
  Passed CallerArgumentExpressionAttribute_HasExpectedUsageMetadata [< 1 ms]
  Passed ContentEquals_TreatsNullAndEmptyDictionariesAsEquivalentAndDetectsMissingKeys [4 ms]
  Passed ContentEquals_ReturnsTrueForEquivalentDictionariesRegardlessOfOrder [< 1 ms]
  Passed ToSortedDictionary_FromKeyValuePairs_ReturnsSortedDictionaryWithExpectedContents [7 ms]
  Passed ToDictionary_FromKeyValuePairs_ReturnsEmptyDictionaryForNullAndConvertsSingleEntry [7 ms]
  Passed ToDictionary_FromKeyValuePairs_WhenDuplicateKeysExist_ThrowsInvalidOperationException [< 1 ms]
  Passed ToDictionary_FromDictionaryEntries_CastsKeysAndValues [5 ms]
  Passed ToConcurrentDictionary_WhenDuplicateKeysExist_ThrowsInvalidOperationException [1 ms]
  Passed ToConcurrentDictionary_WithDistinctKeys_CreatesConcurrentDictionary [< 1 ms]
  Passed ToSortedDictionary_FromDictionary_CopiesExistingEntries [1 ms]
  Passed SearchSortedDictKeys_FiltersKeysContainingSearchString [12 ms]
  Passed TryAddValuesAndTrySubtractValues_UpdateExistingValueAndReturnFalseForMissingKey [5 ms]
  Passed TryOperateValues_UsesProvidedOperationAndReturnsFalseForMissingKey [1 ms]
  Passed TryAddValuesAsync_UpdatesExistingValue [2 ms]
  Passed UpdateOrRemove_RemovesOrUpdatesBasedOnCondition [3 ms]
  Passed HasAnyFlags_ReturnsExpectedResultsForDefinedAndUndefinedValues [2 ms]
  Passed HasAllFlags_ReturnsFalseForNullOrEmptyAndTrueWhenAllFlagsPresent [4 ms]
  Passed AddFlagsAndToCombined_CombineEnumeratedFlagsIntoSingleValue [1 ms]
  Passed ToArray_WhenBase1SimulationIsEnabled_PrependsDefaultValue [10 ms]
  Passed ExtToChar_CurrentlyExposesNoPublicMethods [< 1 ms]
  Passed GetLineNumber_WhenExceptionIsNull_ThrowsArgumentNullException [< 1 ms]
  Passed GetLineNumber_ReturnsSourceLineForThrownException [3 ms]
  Passed GetLineNumber_CanReadInnerExceptionLineNumbers [< 1 ms]
  Passed GetLineNumber_CanReadAggregateInnerExceptionLineNumbers [< 1 ms]
  Passed FrexpTest [13 ms]
  Passed Zip_ShouldZipTwoSequences_StoppingAtShorterSequence [17 ms]
  Passed WithProgressReporting_ShouldReportProgressAndReturnAllValues [10 ms]
  Passed WithProgressReporting_ShouldThrowArgumentNullException_WhenSourceIsNull [< 1 ms]
  Passed ToSortedListAsync_ShouldSortBySelectedKey [8 ms]
  Passed ToConcurrentDictionaryAsync_ShouldCreateDictionaryFromSource [11 ms]
  Passed ToSortedListAsync_WithComparer_SortsInDescendingOrder [< 1 ms]
  Passed ToSortedListAsync_WithElementSelector_TransformsValues [3 ms]
  Passed ToSortedListAsync_WhenSourceIsNull_ThrowsArgumentNullException [< 1 ms]
  Passed ToSortedListAsync_WhenKeySelectorIsNull_ThrowsArgumentNullException [< 1 ms]
  Passed ToConcurrentDictionaryAsync_FromKeyValuePairs_CreatesDictionary [8 ms]
  Passed ToConcurrentDictionaryAsync_WithComparer_UsesCaseInsensitivity [2 ms]
  Passed Zip_BothEmpty_ReturnsEmptySequence [4 ms]
  Passed CastNullSafe_ReturnsTypedSequenceAndConvertsNullElementsToDefault [1 ms]
  Passed CastNullSafe_WhenSourceIsNull_ThrowsArgumentNullException [< 1 ms]
  Passed CompareTo_HandlesNullEmptyAndDifferenceScenarios [4 ms]
  Passed CompareTo_WhenSequencesMatch_ReturnsNoDifferences [< 1 ms]
  Passed IsSubsetOf_ReturnsFalseForNullAndTrueForContainedValues [< 1 ms]
  Passed SelectGroupAndStringJoin_ReturnExpectedMatchesAndFormatting [5 ms]
  Passed ToStack_PreservesLifoBehaviorForSingleAndMultipleItems [< 1 ms]
  Passed GetProgressMessage_WhenNoItemsAreComplete_UsesZeroRate [< 1 ms]
  Passed GetProgressMessage_WhenItemsAreComplete_UsesMeasuredRate [34 ms]
  Passed ToList_InternalHelper_ConsumesEnumerableAndReportsProgress [1 s]
  Passed WithProgressReporting_ReportsProgressOnlyWhenEnumerated [< 1 ms]
  Passed WithProgressReporting_WithCompletedAndTotalCallback_ReturnsLargeSequenceAndReportsCounts [3 ms]
  Passed WithProgressReporting_WhenEnumerableIsNull_ThrowsArgumentNullException [< 1 ms]
  Passed WithAction_IsDeferredAndInvokesActionPerItem [< 1 ms]
  Passed ToDataTable_CreatesColumnsAndRowsFromObjectProperties [3 ms]
  Passed Unzip_SeparatesPairsAndTriplesIntoIndependentSequences [7 ms]
  Passed Transpose_ConvertsRectangularSequencesIntoColumns [2 ms]
  Passed Chunk_ValidatesArgumentsAndSplitsEmptySingleAndLargeSequences [1 ms]
  Passed SplitTestTrain_ValidatesInputAndReturnsAStablePartitionOfTheSource [26 ms]
  Passed WithAction_WhenEnumerableIsNull_ThrowsArgumentNullException [< 1 ms]
  Passed StringJoin_WithDefaultSeparator_JoinsWithComma [< 1 ms]
  Passed StringJoin_Chars_WithDefaultSeparator_JoinsWithEmpty [< 1 ms]
  Passed AddRange_ThrowsForNullArgumentsAndAppendsToListImplementations [1 ms]
  Passed TryAddRange_ReturnsExpectedResultsForNullValidAndReadOnlyLists [< 1 ms]
  Passed ContainsExistsAndFind_ReturnExpectedMatchesForStringsAndPredicates [1 ms]
  Passed CompareTo_HandlesNullListsSingleItemsAndDifferences [< 1 ms]
  Passed FindIndices_ReturnsExpectedBoundaryResultsAndValidatesArguments [1 ms]
  Passed FindIndex_ReturnsExpectedMatchesAndBoundaryValidation [< 1 ms]
  Passed FindMaxAndTryFindMax_HandleEmptyListsSelectorsAndTypeVariations [3 ms]
  Passed IsNullOrEmptyAndSplit_ReturnExpectedValuesForEmptyAndDuplicateLists [< 1 ms]
  Passed Deserialize_DeserializesValidJsonIntoReferenceType [< 1 ms]
  Passed Deserialize_ReturnsDefaultValuesForEmptyObjectAndThrowsForNullOrMalformedJson [< 1 ms]
  Passed Deserialize_WhenTargetTypeDoesNotMatchJsonToken_ThrowsJsonSerializationException [< 1 ms]
  Passed ToJsonText_ReturnsCanonicalJsonForNestedStructures [< 1 ms]
  Passed ToJsonText_WhenReaderIsNull_ThrowsArgumentNullException [< 1 ms]
  Passed DeepCopy_ForJsonSerializer_CopiesSettingsAndConverters [3 ms]
  Passed DeepCopy_ForJsonSerializerSettings_CopiesSettingsAndConverters [< 1 ms]
  Passed ExtractSettings_ReturnsEquivalentSettingsAndSupportsRoundTripSerialization [1 ms]
  Passed DeepCopyAndExtractSettings_WhenSerializerArgumentsAreNull_ThrowExpectedExceptions [< 1 ms]
  Passed ToLazy_AndAsFunc_ForReferenceTypes_PreserveDeferredAndRealizedValues [< 1 ms]
  Passed ToLazyValue_AndToLazyTryValue_ForValueTypes_ReturnWrappedValues [< 1 ms]
  Passed ToLazyTry_ForReferenceTypes_ReturnsOriginalValueIncludingNullReference [< 1 ms]
  Passed ToAsyncLazy_ForReferenceTypes_ReturnsOriginalValueIncludingNullReferenceAsync [1 ms]
  Passed ThrowIfNull_ReturnsOriginalValueForReferenceAndValueTypes [< 1 ms]
  Passed ThrowIfNull_WhenArgumentIsNull_ThrowsArgumentNullException [1 ms]
  Passed IsNullOrEmpty_ReturnsExpectedValuesForNullEmptyAndPopulatedSequences [< 1 ms]
  Passed ThrowIfNullOrEmpty_ForEnumerable_ReturnsSequenceOrThrowsForNullAndEmpty [1 ms]
  Passed ThrowIfNullOrEmpty_ForCollectionsAndStrings_UsesCallerParameterName [2 ms]
  Passed DequeueChunk_WhenQueueIsNull_ThrowsNullReferenceExceptionOnEnumeration [< 1 ms]
  Passed DequeueChunk_ReturnsEmptySequenceForEmptyQueueAndZeroChunkSize [< 1 ms]
  Passed DequeueChunk_DequeuesSingleAndMultipleItemsUpToRequestedBoundary [< 1 ms]
  Passed IsNullOrEmpty_ReturnsExpectedValuesForNullEmptyWhitespaceAndText [< 1 ms]
  Passed Split_WithCharSeparator_CanTrimOrPreserveWhitespace [< 1 ms]
  Passed Split_WithStringDelimiter_SupportsSingleCharacterUnicodeAndTrim [< 1 ms]
  Passed Split_WhenSourceIsNull_ThrowsNullReferenceException [< 1 ms]
  Passed SearchDelimitedString_FiltersAndTransformsDelimitedContent [< 1 ms]
  Passed FirstDiffIndex_ReturnsExpectedIndexesForEqualDifferentAndBoundaryLengths [< 1 ms]
  Passed PadToCenter_ReturnsOriginalForBoundaryWidthsAndPadsSymmetricallyOtherwise [< 1 ms]
  Passed TryCopyToAsyncWithTimeout_ShouldCopyMemoryStreamContents_WhenCopyCompletesInTime [2 ms]
  Passed TryCopyToAsyncWithTimeout_ShouldReturnFalse_WhenCancellationIsAlreadyRequested [< 1 ms]
  Passed TryCopyToAsyncWithTimeout_ShouldStillReturnTrue_WhenCopyIsSlowButCancellationDoesNotOccur [233 ms]
  Passed GetCallerByName_ReturnsMatchingMethodAndHandlesEmptySpecialAndMissingNames [< 1 ms]
  Passed GetCallerByName_WhenStackTraceIsNull_ReturnsNull [< 1 ms]
  Passed GetParameterNameAndNames_ReturnExpectedValuesForValidMethods [< 1 ms]
  Passed GetParameterName_ThrowsForNegativeOutOfRangeAndParameterlessMethods [< 1 ms]
  Passed TryGetParameterName_ReturnsEmptyStringForInvalidIndexOrNullMethod [< 1 ms]
  Passed Multiply_ShouldScalePointBySizeDimensions [< 1 ms]
  Passed MultiplyRound_Point_ShouldScaleAndRound [< 1 ms]
  Passed MultiplyRound_Size_ShouldScaleAndRound [< 1 ms]
  Passed Multiply_WithZeroSize_ShouldReturnOrigin [< 1 ms]
  Passed MultiplyRound_WithUnitScale_ShouldReturnSameValues [< 1 ms]
  Passed GenerateHistogram_ShouldReturnPixelColorCounts [4 ms]
  Passed ToRGB_ShouldConvertToFormat24bppRgb [1 ms]
  Passed ToRGB_WhenWidthIsZero_ShouldThrowException [< 1 ms]
  Passed ToByte_ShouldReturnNonEmptyByteArray [4 ms]
  Passed GenerateHistogram_SinglePixel_ShouldReturnOneEntry [< 1 ms]
  Passed ForAllControls_Action_VisitsAllControls [< 1 ms]
  Passed ForAllControls_IEnumerable_VisitsAll [< 1 ms]
  Passed ForAllControls_WithExcept_SkipsExcludedControls [< 1 ms]
  Passed GetAllChildren_ReturnsAllDescendants [1 ms]
  Passed GetAllChildren_WithExcept_SkipsExcluded [< 1 ms]
  Passed GetAncestor_FormParent_ReturnsForm [< 1 ms]
  Passed GetAncestor_NoMatchingParent_ReturnsNull [< 1 ms]
  Passed GetAncestor_Strict_NoMatch_ThrowsArgumentOutOfRange [< 1 ms]
  Passed ForAllControls_FuncTransform_PropagatesValue [1 ms]
  Passed PythonIntegrationTest [29 ms]
  Passed Constructor_InitializesEmptyClassifiers [< 1 ms]
  Passed Train_NewTag_CreatesClassifier [< 1 ms]
  Passed TrainMultiTag_MultipleTags_CreatesAllClassifiers [< 1 ms]
  Passed UnTrain_ExistingTag_ReducesOrRemoves [2 ms]
  Passed UnTrain_MissingTag_NoOp [< 1 ms]
  Passed UnTrainMultiTag_ReducesCountAndTokenBase [1 ms]
  Passed TrainMultiTagAsync_SameAsSync [1 ms]
  Passed UnTrainMultiTagAsync_SameAsSync [1 ms]
  Passed AddToEmailCount_IncrementsTotal [< 1 ms]
  Passed Classify_TokenArray_ReturnsResults [30 ms]
  Passed Classify_TokenIncidence_ReturnsResults [1 ms]
  Passed ClassifyAsync_TokenArray_ReturnsResults [40 ms]
  Passed MinimumProbability_SetAndGet_Works [< 1 ms]
  Passed SharedTokenBase_SetAndGet_Works [< 1 ms]
  Passed RebuildClassifier_ReplacesExistingClassifier [2 ms]
  Passed GetReportMessage_WithCompletedItems_IncludesSpeed [13 ms]
  Passed GetReportMessage_WithZeroCompleted_NoSpeed [< 1 ms]
  Passed GetMatchProbability_StateUnderTest_ExpectedBehavior [26 ms]
  Passed GetProbabilityList_MultiCase_ExpectedBehavior [7 ms]
  Passed GetProbabilityList_NullCase_ExpectedBehavior [< 1 ms]
  Passed GetProbabilityList_EmptyCase_ExpectedBehavior [< 1 ms]
  Passed GetProbabilityList_AllNew_ExpectedBehavior [< 1 ms]
  Passed CombineProbabilities_01ExcludeEntriesAfterInterestingWordCount_ExpectedBehavior [1 ms]
  Passed CombineProbabilities_02FewEntries_ExpectedBehavior [< 1 ms]
  Passed CombineProbabilities_03NoEntries_ExpectedBehavior [< 1 ms]
  Passed FromTokenBaseAsync_StateUnderTest_ExpectedBehavior [8 ms]
  Passed AddTokens_IntegrationTest_ExpectedBehavior [6 ms]
  Passed GetMatchProbability_StateUnderTest_ExpectedBehavior [8 ms]
  Passed GetInterestingList_MultiCase_ExpectedBehavior [3 ms]
  Passed GetInterestingList_NullCase_ExpectedBehavior [< 1 ms]
  Passed GetInterestingList_EmptyCase_ExpectedBehavior [< 1 ms]
  Passed GetInterestingList_AllNew_ExpectedBehavior [< 1 ms]
  Passed CombineProbabilities_01ExcludeEntriesAfterInterestingWordCount_ExpectedBehavior [< 1 ms]
  Passed CombineProbabilities_02FewEntries_ExpectedBehavior [< 1 ms]
  Passed CombineProbabilities_03NoEntries_ExpectedBehavior [< 1 ms]
  Passed Train_01BuildFromEmpty_ExpectedBehavior [8 ms]
  Passed Train_01BuildFromEmptyAsync_ExpectedBehavior [3 ms]
  Passed Train_02AddIncremental_ExpectedBehavior [1 ms]
  Passed FromTokenBaseAsync_01AddToParent_False [1 ms]
  Passed FromTokenBaseAsync_02AddToParent_True [1 ms]
  Passed FromTokenBaseAsync_03NullParent [1 ms]
  Passed FromTokenBaseAsync_04NullTag [1 ms]
  Passed FromTokenBaseAsync_05AllNull [< 1 ms]
  Passed FromTokenBaseAsync_06EmailCountOutOfRange [1 ms]
  Passed Constructor_ShouldInitializeParent [< 1 ms]
  Passed FilterViewAsync_ShouldCallFilterView [14 ms]
  Passed FilterView_ShouldCallFilterViewWithTriageValues [2 ms]
  Passed FilterView_WithTriageValues_ShouldApplyFilter [4 ms]
  Passed ParseAndStripFilter_ShouldReturnStrippedFilter [< 1 ms]
  Passed ParseAndStripFilter_ShouldReturnStrippedFilter2 [< 1 ms]
  Passed TrainSelectionAsync_ShouldTrainSelection [< 1 ms]
  Passed ParseAndStripFilter_WithEmptyString_ShouldReturnEmpty [< 1 ms]
  Passed ParseAndStripFilter_WithNoTriageReferences_ShouldReturnOriginal [< 1 ms]
  Passed ParseAndStripFilter_WithSingleTriageEquals_ShouldRemoveIt [< 1 ms]
  Passed StripFilter_WithNullParent_ShouldReturnNull [< 1 ms]
  Passed StripFilter_WithNoMatch_ShouldReturnOriginalTree [< 1 ms]
  Passed StripFilter_WithMatchAndParent_ShouldRemoveNode [< 1 ms]
  Passed FilterView_WithEmptyTriageValues_ShouldNotThrow [1 ms]
  Passed FilterView_WhenExplorerIsNull_ShouldReturnGracefully [< 1 ms]
  Passed Constructor_WithNoArguments_InitializesDefaults [< 1 ms]
  Passed Constructor_WithMaxFoldersPerConversation_SetsMaxAndInitializesCollections [< 1 ms]
  Passed Constructor_WithValues_PreservesProvidedState [< 1 ms]
  Passed Constructor_WithNullAndNegativeValues_AllowsValuesWithoutValidation [< 1 ms]
  Passed PropertySetters_UpdateAllMutableState [< 1 ms]
  Passed Equals_ReturnsReferenceEqualitySemantics [< 1 ms]
  Passed CompareTo_ThrowsNotImplementedException [< 1 ms]
  Passed Constructor_WithNoArguments_StartsEmpty [< 1 ms]
  Passed FindID_WhenConversationExists_ReturnsMatchingIndex [< 1 ms]
  Passed FindID_WhenConversationIsMissing_ReturnsMinusOne [< 1 ms]
  Passed CTF_Incidence_SET_PopulatesRequestedPosition [< 1 ms]
  Passed CTF_Incidence_INIT_ResetsTrackedSlotsToSentinels [< 1 ms]
  Passed CtfIncidencePositionAdd_WhenCountBelongsInMiddle_InsertsInDescendingOrder [< 1 ms]
  Passed CtfIncidencePositionAdd_WhenEntryOnlyBeatsLastSlot_ReplacesLastSlot [< 1 ms]
  Passed CtfIncidencePositionAdd_WhenMaxFoldersIsOne_UpdatesSecondSlotWhenEntryWins [< 1 ms]
  Passed InheritedListOperations_AllowAddRemoveAndDuplicateEntries [< 1 ms]
  Passed TryDequeueIncidence_WithOverflowCount_ReturnsNull [< 1 ms]
  Passed ArrayToQueue_SkipsHeaderLine [< 1 ms]
  Passed ReadFileToArray_WhenFileIsMissing_ThrowsFileNotFoundException [< 1 ms]
  Passed ReadTextFile_WhenFileIsMissing_ThrowsFileNotFoundException [< 1 ms]
  Passed CTF_Incidence_Text_File_WRITE_WithInvalidFolderPath_ThrowsArgumentException [< 1 ms]
  Passed ReadFileToArray_WhenPathIsInvalid_ThrowsArgumentException [< 1 ms]
  Passed CreateProperties_ReturnsAllPropertiesWhenNoNamesAreExcluded [< 1 ms]
  Passed CreateProperties_ExcludesConfiguredPropertyNames [< 1 ms]
  Passed CreateProperties_WithNullType_ThrowsArgumentNullException [< 1 ms]
  Passed JsonSerialization_UsesResolverToExcludeConfiguredProperties [< 1 ms]
  Passed Constructor_WithNoArguments_StartsEmpty [< 1 ms]
  Passed Constructor_WithEnumerable_SeedsEntriesInOrder [2 ms]
  Passed TopEntriesById_WhenMapIsEmpty_ReturnsEmptyArray [< 1 ms]
  Passed TopEntriesById_WithSingleMatch_ReturnsOnlyMatchingEntry [< 1 ms]
  Passed ContainsId_WhenConversationExists_ReturnsTrue [< 1 ms]
  Passed ContainsId_WhenConversationIsMissing_ReturnsFalse [< 1 ms]
  Passed FindId_WhenConversationExists_ReturnsIndex [< 1 ms]
  Passed FindId_WhenConversationIsMissing_ReturnsMinusOne [< 1 ms]
  Passed Add_WhenEntryAlreadyExists_AccumulatesEmailCount [< 1 ms]
  Passed Add_WhenEntryDoesNotExist_CreatesNewEntry [< 1 ms]
  Passed TopEntriesById_WithMultipleMatches_ReturnsTopNByEmailCountDescending [< 1 ms]
  Passed ProcessQueue_WithValidEntries_ReturnsAllEntries [< 1 ms]
  Passed TryDequeueEntry_WithValidEntry_ReturnsEntry [< 1 ms]
  Passed TryDequeueEntry_WithInvalidIntegerFormat_ReturnsNull [< 1 ms]
  Passed IsEntryID_WithValid32CharString_ReturnsTrue [< 1 ms]
  Passed IsEntryID_WithSpacesOrBackslash_ReturnsFalse [< 1 ms]
  Passed IsEntryID_WhenLengthIsNot32_ReturnsFalse [< 1 ms]
  Passed DequeueToNextRecord_SkipsLinesUntilEntryIdFound [< 1 ms]
  Passed TryDequeueEntry_WithOverflowInteger_ReturnsNull [< 1 ms]
  Passed PrivateHelpers_ArrayToQueueAndReadFileToArray_CoverRemainingFileBranches [< 1 ms]
  Passed ReadTextFile_WhenFileIsMissing_ThrowsFileNotFoundException [< 1 ms]
  Passed TopEntriesById_StateUnderTest_ExpectedBehavior [< 1 ms]
  Passed Add_StateUnderTest_AddNew [< 1 ms]
  Passed Add_StateUnderTest_AddToExisting [< 1 ms]
  Passed ProcessQueue_StateUnderTest_ExpectedBehavior [< 1 ms]
  Passed ProcessQueue_StateUnderTest_MalformedEntry1 [< 1 ms]
  Passed ProcessQueue_StateUnderTest_MalformedEntry2 [< 1 ms]
  Passed TryDequeueEntry_StateUnderTest_ExpectedBehavior [< 1 ms]
  Passed TryDequeueEntry_StateUnderTest_IncompleteQueue [< 1 ms]
  Passed TryDequeueEntry_StateUnderTest_IncorrectType1 [< 1 ms]
  Passed TryDequeueEntry_StateUnderTest_IncorrectType2 [< 1 ms]
  Passed DequeueToNextRecord_StateUnderTest_Remove0 [< 1 ms]
  Passed DequeueToNextRecord_StateUnderTest_Remove2 [< 1 ms]
  Passed DequeueToNextRecord_StateUnderTest_RemoveAll [< 1 ms]
  Passed IsEntryID_StateUnderTest_ExpectedBehavior [< 1 ms]
  Passed IsEntryID_StateUnderTest_Folder [< 1 ms]
  Passed IsEntryID_StateUnderTest_TextWithSpaces [< 1 ms]
  Passed IsEntryID_StateUnderTest_FewerCharacters [< 1 ms]
  Passed StripCommonWords_WithSentenceAndList_RemovesKnownWordsCaseInsensitively [< 1 ms]
  Passed StripCommonWords_WithCustomTokenizer_UsesProvidedRegex [< 1 ms]
  Passed StripCommonWords_WithEmptyTokenArray_ReturnsEmptyArray [< 1 ms]
  Passed StripCommonWords_WithSerializableListOverload_DelegatesToListImplementation [< 1 ms]
  Passed StripCommonWords_WithNullSentence_ThrowsArgumentNullException [< 1 ms]
  Passed StripAccents_RemovesAccentedMarks [< 1 ms]
  Passed StripAccents2_RemovesCombiningMarks [< 1 ms]
  Passed TokenizeObject_WithStringArray_ReturnsSameArray [< 1 ms]
  Passed TokenizeAsync_WithStringArray_ReturnsTokens [1 ms]
  Passed TokenizeObject_WithNullObject_ThrowsArgumentNullException [< 1 ms]
  Passed TokenizeObject_WithUnsupportedType_ThrowsArgumentException [< 1 ms]
  Passed TokenizeMessage_WithTypicalMetadataAndBody_ReturnsHeaderAndBodyTokens [20 ms]
  Passed TokenizeMessage_WhenBodyIsNull_YieldsControlToken [< 1 ms]
  Passed TokenizeMessage_WithHtmlBody_DoesNotPreventTokenization [3 ms]
  Passed TokenizeObject_WithDerivedMailItemHelper_UsesMailItemHelperBranch [1 ms]
  Passed InternalHelpers_CoverFilenameWordAndEntityBranches [2 ms]
  Passed InternalHelpers_CoverTextHtmlAndImageBranches [6 ms]
  Passed Constructor_WithNullCategoryString_NormalizesToEmptyFlags [1 ms]
  Passed Constructor_WithCategoryString_ParsesKnownFlagsAndExposesTranslators [1 ms]
  Passed Constructor_WithCategoryList_NormalizesCategoryNamesFromParsedFlags [< 1 ms]
  Passed Constructor_WithOutlookCategoryList_PopulatesOlCategoriesAndSelection [3 ms]
  Passed CategoryNames_Setter_RaisesPropertyChangedAndReparsesFlags [< 1 ms]
  Passed SelectionToOlCategories_FiltersConfiguredCategoriesByCurrentCategoryNames [< 1 ms]
  Passed Clone_ReturnsDistinctInstanceWithEquivalentVisibleState [< 1 ms]
  Passed TodayAndBullpin_Setters_ProxyToUnderlyingFlags [< 1 ms]
  Passed Constructor_WithNoArguments_InitializesEmptyDefaults [< 1 ms]
  Passed Constructor_WithPrefix_PopulatesPrefixedRepresentationsWhenListChanges [< 1 ms]
  Passed ListSetter_WithPrefixedValues_StripsPrefixAndRaisesCollectionChanged [< 1 ms]
  Passed ListSetter_WithNullValue_ClearsExistingItems [< 1 ms]
  Passed ListWithPrefix_WhenMutated_UpdatesListWithoutPrefixes [< 1 ms]
  Passed CloneAndDeepCopy_PreserveValuesWhileDeepCopyDetachesCollections [< 1 ms]
  Passed Analyze_WithUnsupportedEngine_ReturnsEmptyResult [< 1 ms]
  Passed Analyze_WithNoParts_ReturnsEmptyResult [< 1 ms]
  Passed PilDecodeParts_WithNullAttachmentData_AddsInvalidImageToken [3 ms]
  Passed PilDecodeParts_WithOversizedAttachment_AddsBigImageToken [< 1 ms]
  Passed PilDecodeParts_WithNullParts_ThrowsArgumentNullException [< 1 ms]
  Passed PilDecodeParts_WithMixedContent_ConcatenatesImagesIntoSingleBitmap [3 ms]
  Passed Imconcattb_WithValidBitmaps_ReturnsCombinedBitmap [< 1 ms]
  Failed Imconcattb_WithZeroDimension_ReturnsTop [5 ms]
  Error Message:
   Test method UtilitiesCS.Test.EmailIntelligence.ImageStripper_Tests.Imconcattb_WithZeroDimension_ReturnsTop threw exception:
System.ArgumentException: Parameter is not valid.
  Stack Trace:
     at System.Drawing.Bitmap..ctor(Int32 width, Int32 height, PixelFormat format)
   at UtilitiesCS.Test.EmailIntelligence.ImageStripper_Tests.Imconcattb_WithZeroDimension_ReturnsTop() in C:\Users\DanMoisan\repos\TaskMaster\UtilitiesCS.Test\EmailIntelligence\ImageStripper_Tests.cs:line 151

  Passed Imconcatlr_WithValidBitmaps_ReturnsCombinedBitmap [< 1 ms]
  Passed ExtractOcrInfo_WithEmptyBitmapList_ReturnsEmptyResult [< 1 ms]
  Passed GetStream_WithBytes_ReturnsMemoryStream [< 1 ms]
  Passed GetImage_WithValidStream_ReturnsImage [< 1 ms]
  Passed Constructor_WithCacheFile_DoesNotThrow [< 1 ms]
  Passed Analyze_WithTesseractAndAttachment_WhenNoImagesExtracted_ReturnsTokensOnly [< 1 ms]
  Passed PilDecodeParts_WithEmptyAttachmentData_AddsInvalidImageToken [< 1 ms]
  Passed Constructor_WithNoArguments_LeavesPropertiesAtDefaults [< 1 ms]
  Passed Constructor_WithItemInfo_MapsAllSupportedProperties [2 ms]
  Passed Clone_ReturnsDistinctInstanceWithSharedReferenceMembers [< 1 ms]
  Passed DeepCopy_CreatesNewArraysWhilePreservingValues [< 1 ms]
  Passed JsonRoundTrip_WithNullFields_PreservesSerializableState [2 ms]
  Passed Constructor_WithNoArguments_LeavesDefaultsAndIsNotReady [< 1 ms]
  Passed Properties_WhenAssigned_PreserveValues [< 1 ms]
  Passed NotNull_WhenAnyParameterIsNull_ReturnsFalse [< 1 ms]
  Passed NotNull_WhenAllParametersHaveValues_ReturnsTrue [< 1 ms]
  Passed MailItemGetter_WhenMailItemWasAssigned_ReturnsSameReference [< 1 ms]
  Passed FolderOldGetter_WhenFolderWasAssigned_ReturnsSameReference [< 1 ms]
  Passed IsReadyToUndoMove_WhenMailItemAndFolderOldExist_ReturnsTrue [< 1 ms]
  Passed UndoMove_WhenMoveIsNotReady_ReturnsNull [< 1 ms]
  Passed JsonSerializeObject_OmitsJsonIgnoredComProperties [< 1 ms]
  Passed IsReadyToUndoMove_WhenOnlyMailItemSet_ReturnsFalse [< 1 ms]
  Passed IsReadyToUndoMove_WhenOnlyFolderOldSet_ReturnsFalse [< 1 ms]
  Passed NotNull_WhenAllParametersNonNull_ReturnsTrue [< 1 ms]
  Passed NotNull_EmptyParams_ReturnsTrue [< 1 ms]
  Passed Constructor_WithFolderSubjectCountAndCommonWords_InitializesNormalizedState [< 1 ms]
  Passed Folderpath_Setter_UpdatesFolderNameAndWordLengths [< 1 ms]
  Passed EmailSubject_Setter_WithNull_ClearsSubjectState [< 1 ms]
  Passed Equals_ReturnsTrueOnlyWhenFolderAndSubjectMatch [< 1 ms]
  Passed ReadyToEncode_WithEncoder_AugmentsTokenDictionary [4 ms]
  Passed Encode_WithEncoderAndTokens_ReturnsEncodedValues [1 ms]
  Passed Constructor_WhenCommonWordsStripAllTokens_ThrowsInvalidOperationException [< 1 ms]
  Passed Constructors_WithRegexOverloads_InitializeExpectedState [2 ms]
  Passed FolderpathAndEmailSubject_WithEncoder_EncodeValuesAndSupportPropertyRoundTrip [9 ms]
  Passed EncodeOverloads_AndScalarProperties_CoverAdditionalPublicBranches [4 ms]
  Passed ReflectionHelpers_CoverInternalNullRepairAndValidationBranches [5 ms]
  Passed ReflectionHelpers_WhenRequiredStateIsMissing_ThrowExpectedExceptions [1 ms]
  Passed CalculateScore_IntArrays_IdenticalSequences_ReturnsPositiveScore [< 1 ms]
  Passed CalculateScore_IntArrays_CompletelyDifferentSequences_ReturnsZero [< 1 ms]
  Passed CalculateScore_WithLogThreshold_ReturnsScoreAndLogs [< 1 ms]
  Passed CalculateScore_WithLogThresholdNegative_DoesNotLog [< 1 ms]
  Passed CalculateMatrixTuple_ReturnsMatrixAndScore [< 1 ms]
  Passed CalculateScore_IntArrays_NullWordsX_ThrowsArgumentNullException [< 1 ms]
  Passed CalculateScore_IntArrays_MismatchedLengths_ThrowsArgumentException [< 1 ms]
  Passed CalculateScore_IntArrays_EmptyArrays_ReturnsZero [< 1 ms]
  Passed GetFormattedMatrixText_ReturnsNonEmptyString [< 1 ms]
  Passed CalculateScore_IntArrays_PartialOverlap_ReturnsPartialScore [< 1 ms]
  Passed Max_WithSingleValue_ReturnsThatValue [< 1 ms]
  Passed Max_WithMultipleValues_ReturnsLargest [< 1 ms]
  Passed Max_WithNegativeValues_ReturnsLeastNegative [< 1 ms]
  Passed Max_WithAllZeros_ReturnsZero [< 1 ms]
  Passed LogMatrixState_WithMatrix_DoesNotThrow [< 1 ms]
  Passed LogMatrixState_WithMatrixAndStrings_DoesNotThrow [< 1 ms]
  Failed CalculateScore_StringOverload_WithMockedSettings_ReturnsScore [1 ms]
  Error Message:
   Test method UtilitiesCS.Test.EmailIntelligence.SmithWaterman_Tests.CalculateScore_StringOverload_WithMockedSettings_ReturnsScore threw exception:
System.IndexOutOfRangeException: Index was outside the bounds of the array.
  Stack Trace:
     at UtilitiesCS.SmithWaterman.CalculateScore(String Str_X, String Str_Y, Object[,]& Matrix, IAppAutoFileObjects AFSettings, SW_Options SWOptions) in C:\Users\DanMoisan\repos\TaskMaster\UtilitiesCS\EmailIntelligence\OlFolderTools\OlFolderHelper\SmithWaterman.cs:line 78
   at UtilitiesCS.Test.EmailIntelligence.SmithWaterman_Tests.CalculateScore_StringOverload_WithMockedSettings_ReturnsScore() in C:\Users\DanMoisan\repos\TaskMaster\UtilitiesCS.Test\EmailIntelligence\SmithWaterman_Tests.cs:line 340

  Failed CalculateScore_StringOverload_ByLetters_ReturnsScore [< 1 ms]
  Error Message:
   Test method UtilitiesCS.Test.EmailIntelligence.SmithWaterman_Tests.CalculateScore_StringOverload_ByLetters_ReturnsScore threw exception:
System.IndexOutOfRangeException: Index was outside the bounds of the array.
  Stack Trace:
     at UtilitiesCS.SmithWaterman.CalculateScore(String Str_X, String Str_Y, Object[,]& Matrix, IAppAutoFileObjects AFSettings, SW_Options SWOptions) in C:\Users\DanMoisan\repos\TaskMaster\UtilitiesCS\EmailIntelligence\OlFolderTools\OlFolderHelper\SmithWaterman.cs:line 78
   at UtilitiesCS.Test.EmailIntelligence.SmithWaterman_Tests.CalculateScore_StringOverload_ByLetters_ReturnsScore() in C:\Users\DanMoisan\repos\TaskMaster\UtilitiesCS.Test\EmailIntelligence\SmithWaterman_Tests.cs:line 364

  Failed CalculateScore_StringOverload_DifferentStrings_ReturnsNonNegative [< 1 ms]
  Error Message:
   Test method UtilitiesCS.Test.EmailIntelligence.SmithWaterman_Tests.CalculateScore_StringOverload_DifferentStrings_ReturnsNonNegative threw exception:
System.IndexOutOfRangeException: Index was outside the bounds of the array.
  Stack Trace:
     at UtilitiesCS.SmithWaterman.CalculateScore(String Str_X, String Str_Y, Object[,]& Matrix, IAppAutoFileObjects AFSettings, SW_Options SWOptions) in C:\Users\DanMoisan\repos\TaskMaster\UtilitiesCS\EmailIntelligence\OlFolderTools\OlFolderHelper\SmithWaterman.cs:line 78
   at UtilitiesCS.Test.EmailIntelligence.SmithWaterman_Tests.CalculateScore_StringOverload_DifferentStrings_ReturnsNonNegative() in C:\Users\DanMoisan\repos\TaskMaster\UtilitiesCS.Test\EmailIntelligence\SmithWaterman_Tests.cs:line 388

  Passed GetFormattedMatrixText_WithLargerMatrix_ContainsAllValues [< 1 ms]
  Passed CalculateScore_IntArrays_NullWordsY_ThrowsArgumentNullException [< 1 ms]
  Passed CalculateScore_IntArrays_NullWordLengthX_ThrowsArgumentNullException [< 1 ms]
  Passed CalculateScore_IntArrays_MismatchedYLengths_ThrowsArgumentException [< 1 ms]
  Passed CalculateScore_IntArrays_SingleElement_ReturnsExpectedScore [< 1 ms]
  Passed DefaultConstructor_InitializesEmptyProperties [< 1 ms]
  Passed Constructor_WithNameFoldersAndCategories_SetsProperties [< 1 ms]
  Passed Constructor_WithAllParameters_SetsAllProperties [< 1 ms]
  Passed Clone_ReturnsDistinctCopyWithSameValues [< 1 ms]
  Passed Clone_ModifyingClone_DoesNotAffectOriginal [< 1 ms]
  Passed RevertToCopy_RestoresAllFields [< 1 ms]
  Passed Properties_CanBeSetAndRetrieved [< 1 ms]
  Passed TestOutcome_PropertiesRoundTrip [< 1 ms]
  Passed VerboseTestOutcome_PropertiesRoundTrip [1 ms]
  Passed ClassCounts_PropertiesRoundTrip [< 1 ms]
  Passed VerboseClassCounts_VerboseOutcomes_JsonSerialization [13 ms]
  Passed TestScores_PropertiesRoundTrip [< 1 ms]
  Passed VerboseTestScores_VerboseOutcomes_JsonIgnored [1 ms]
  Passed GroupedTestOutcome_PropertiesRoundTrip [< 1 ms]
  Passed VerboseGroupedTestOutcome_PropertiesRoundTrip [< 1 ms]
  Passed ClassificationErrors_DefaultConstructor_LeavesDefaults [< 1 ms]
  Passed ClassificationErrors_JsonConstructor_SetsAllProperties [< 1 ms]
  Passed ClassificationErrors_JsonSerialization_RoundTrips [8 ms]
  Passed ThresholdMetric_PropertiesRoundTrip [< 1 ms]
  Passed VerboseOutcomeClass_CanBeInstantiated [< 1 ms]
  Passed DefaultConstructor_LeavesPropertiesNull [< 1 ms]
  Passed Constructor_WithParameters_SetsAllProperties [< 1 ms]
  Passed Properties_CanBeSetAndRetrieved [< 1 ms]
  Passed Equals_WithSameTokenAndFolder_ReturnsTrue [< 1 ms]
  Passed Equals_WithDifferentToken_ReturnsFalse [< 1 ms]
  Passed Equals_WithDifferentFolder_ReturnsFalse [< 1 ms]
  Passed Equals_WithNull_ReturnsFalse [< 1 ms]
  Passed PropertyChanged_CanBeSubscribedAndUnsubscribed [< 1 ms]
  Passed DefaultConstructor_InitializesDefaultValues [< 1 ms]
  Passed Constructor_WithAllParameters_SetsAllProperties [< 1 ms]
  Passed Properties_CanBeSetAndRetrieved [< 1 ms]
  Passed IsDeleteRelevant_WhenFolderIsInbox_ReturnsFalse [< 1 ms]
  Passed IsDeleteRelevant_WhenFolderIsChildOfAncestor_ReturnsTrue [< 1 ms]
  Passed IsDeleteRelevant_WhenFolderIsAncestorItself_ReturnsFalse [< 1 ms]
  Passed Constructor_StateUnderTest_ExpectedBehavior [42 ms]
  Passed TryProjectMailItemMembers_NullSource_ReturnsEmptyProjection [1 ms]
  Passed TryProjectMailItemMembers_ValidMailItem_ReturnsProjected [< 1 ms]
  Passed TryProjectMailItemMembers_ObjectWithoutProperties_ReturnsEmpty [< 1 ms]
  Passed CompressPlainText_NullTextAndPrefix_ReturnsEomMarker [< 1 ms]
  Passed CompressPlainText_SimpleText_CompressesWhitespace [< 1 ms]
  Passed CompressPlainText_StripWarning_RemovesPrefix [4 ms]
  Passed CompressPlainText_StripLinks_RemovesHttpLinks [1 ms]
  Passed CompressPlainText_StripLinksShowStripped_ReplacesWithLinkTag [< 1 ms]
  Passed CompressPlainText_StripFormatting_CollapsesWhitespace [< 1 ms]
  Passed CompressPlainText_StripReplyHeader_RemovesReplyBlock [< 1 ms]
  Passed CompressPlainText_StripReplyHeaderShowStripped_IncludesEomChain [< 1 ms]
  Passed CompressPlainText_StripReplyBodyOnly_PreservesHeader [< 1 ms]
  Passed ToggleDark_InitiallyOff_TogglesOn [< 1 ms]
  Passed ToggleDark_OnThenOff_RemovesDarkModeHeader [< 1 ms]
  Passed ToggleDark_AlreadyOn_DesiredOn_NoDoubleInsert [< 1 ms]
  Passed ToggleDark_AlreadyOff_DesiredOff_NoChange [1 ms]
  Passed Equals_NullOther_ReturnsFalse [< 1 ms]
  Passed Equals_SameReference_ReturnsTrue [1 ms]
  Passed Equals_DifferentSize_ReturnsFalse [1 ms]
  Passed Equals_DifferentSentDate_ReturnsFalse [1 ms]
  Passed Equals_DifferentSubject_ReturnsFalse [1 ms]
  Passed Equals_DifferentBody_ReturnsFalse [1 ms]
  Passed Equals_DifferentSender_ReturnsFalse [1 ms]
  Passed RecipientsEquivalent_BothNull_ReturnsTrue [< 1 ms]
  Passed RecipientsEquivalent_SourceNull_ReturnsFalse [< 1 ms]
  Passed RecipientsEquivalent_OtherNull_ReturnsFalse [< 1 ms]
  Passed RecipientsEquivalent_DifferentLength_ReturnsFalse [1 ms]
  Passed RecipientsEquivalent_MatchingRecipients_ReturnsTrue [< 1 ms]
  Passed RecipientsEquivalent_NoMatch_ReturnsFalse [1 ms]
  Passed PropertyChanged_CcRecipientsHtml_RaisesEvent [< 1 ms]
  Passed PropertyChanged_CcRecipientsName_RaisesEvent [< 1 ms]
  Passed PropertyChanged_ToRecipientsHtml_RaisesEvent [< 1 ms]
  Passed PropertyChanged_ToRecipientsName_RaisesEvent [< 1 ms]
  Passed SetSender_ValidRecipient_SetsSenderFields [< 1 ms]
  Passed LoadRecipients_WithMockedRecipients_SetsProperties [3 ms]
  Passed LoadRecipientsForce_ForcesLazyEvaluation [1 ms]
  Passed LoadPriorityForce_ForcesLazyFieldEvaluation [1 ms]
  Passed ToSerializableObject_ReturnsItemInfo [1 ms]
  Passed ToMatchableObject_ReturnsItemInfoWithKeyFields [1 ms]
  Passed EmailHeader2_ContainsSenderAndRecipientInfo [1 ms]
  Passed EmailHeader_ContainsHtmlStructure [< 1 ms]
  Passed EmailHeader_CalledTwice_ReturnsCachedValue [< 1 ms]
  Passed GetHtml_InsertsEmailHeader [1 ms]
  Passed GetHtml_WithHtmlBody_InsertsEmailHeader [1 ms]
  Passed MailItemProjection_Constructor_SetsProperties [< 1 ms]
  Passed MailItemProjection_NullSubject_DefaultsToEmpty [< 1 ms]
  Passed Properties_SetAndGet_WorkCorrectly [1 ms]
  Passed PlainTextOptions_SetAndGet_WorkCorrectly [< 1 ms]
  Passed DefaultConstructor_WithProjection_InitializesSafeDefaults [1 ms]
  Passed ResolveFolderRoot_ArchivePath_ReturnsArchiveRoot [1 ms]
  Passed ResolveFolderRoot_InboxPath_ReturnsInbox [< 1 ms]
  Passed UnRead_SetValue_UpdatesMailItem [1 ms]
  Passed Tokenizer_DefaultsToEmailTokenizer [< 1 ms]
  Passed TokenizeAsync_ReturnsTokens [2 ms]
  Passed ConstructorTest [13 ms]
  Passed commonprefix_Test [< 1 ms]
  Passed commonsuffix_Test [< 1 ms]
  Passed Constructor_AssignsClassAndProbability [< 1 ms]
  Passed PropertySetters_AllowMutationIncludingNullClassAndZeroProbability [< 1 ms]
  Passed CompareTo_ReturnsPositiveWhenOtherIsNull [< 1 ms]
  Passed CompareTo_OrdersByProbability [< 1 ms]
  Passed CompareTo_HandlesBoundaryProbabilityValues [< 1 ms]
  Passed ShallowClone_Expected [< 1 ms]
  Passed DeepClone_Expected [< 1 ms]
  Passed DefaultConstructor_ShouldCreateInstanceWithNullDelegates [< 1 ms]
  Passed Constructor_WithDelegates_ShouldSetAllFunctions [< 1 ms]
  Passed Constructor_NullGetStrFunc_ShouldThrowArgumentNullException [< 1 ms]
  Passed Constructor_NullSetStrFunc_ShouldThrowArgumentNullException [< 1 ms]
  Passed Constructor_NullGetListFunc_ShouldThrowArgumentNullException [< 1 ms]
  Passed Constructor_NullSetListFunc_ShouldThrowArgumentNullException [< 1 ms]
  Passed Identifier_SetAndGet_ShouldWork [< 1 ms]
  Passed AsStringNoPrefix_Get_ShouldCallGetStrFuncWithFalse [< 1 ms]
  Passed AsStringWithPrefix_Get_ShouldCallGetStrFuncWithTrue [< 1 ms]
  Passed AsStringNoPrefix_Set_ShouldCallSetStrFuncWithFalse [< 1 ms]
  Passed AsStringWithPrefix_Set_ShouldCallSetStrFuncWithTrue [< 1 ms]
  Passed AsListNoPrefix_Get_ShouldCallGetListFuncWithFalse [< 1 ms]
  Passed AsListWithPrefix_Get_ShouldCallGetListFuncWithTrue [< 1 ms]
  Passed ToString_ShouldReturnAsStringNoPrefix [< 1 ms]
  Passed AsString_ShouldReturnAsStringNoPrefix [< 1 ms]
  Passed DefaultConstructor_ShouldCreateEmptyDictionary [< 1 ms]
  Passed Constructor_WithGlobals_ShouldSetGlobals [1 ms]
  Passed Prefix_SetAndGet_ShouldWork [< 1 ms]
  Passed IsPeopleCategory_WhenStringStartsWithPrefix_ShouldReturnTrue [< 1 ms]
  Passed IsPeopleCategory_WhenStringDoesNotStartWithPrefix_ShouldReturnFalse [< 1 ms]
  Passed IsPeopleCategory_WhenNull_ShouldReturnFalse [< 1 ms]
  Passed IsPeopleCategory_WhenShorterThanPrefix_ShouldReturnFalse [< 1 ms]
  Passed AddPrefix_WhenSeedDoesNotStartWithPrefix_ShouldPrepend [< 1 ms]
  Passed AddPrefix_WhenSeedAlreadyStartsWithPrefix_ShouldReturnUnchanged [< 1 ms]
  Passed AddPrefix_WhenSeedIsNull_ShouldThrowArgumentNullException [< 1 ms]
  Passed AddPrefix_WhenPrefixIsNull_ShouldThrowArgumentNullException [< 1 ms]
  Passed DefaultConstructor_ShouldCreateEmptyListWithDefaultMax [< 1 ms]
  Passed Constructor_WithList_ShouldInitializeWithItems [< 1 ms]
  Passed Constructor_WithEnumerable_ShouldInitializeWithItems [< 1 ms]
  Passed Max_SetAndGet_ShouldWork [< 1 ms]
  Passed Constructor_WithEnumerableAndMax_ShouldSetMax [< 1 ms]
  Passed DefaultConstructor_CreatesInstance [< 1 ms]
  Passed GetRemapList_NoRoots_ReturnsEmpty [< 1 ms]
  Passed MappedTo_SetAndGet [1 ms]
  Passed DefaultConstructor_CreatesInstance [< 1 ms]
  Passed Constructor_WithConfig_SetsConfig [< 1 ms]
  Passed Config_SetAndGet_RoundTrips [< 1 ms]
  Passed MailHelpers_SetAndGet_RoundTrips [< 1 ms]
  Passed Constructor_WithGlobals_CreatesInstance [< 1 ms]
  Passed CreateClassifierGroupAsync_WithEmptyCollection_ShouldReturnGroupWithZeroCounts [1 ms]
  Passed CreateClassifierGroupAsync_WithTokens_ShouldBuildSharedTokenBase [< 1 ms]
  Passed CreateClassifierGroupAsync_WithMinimumCountFilter_ShouldFilterTokens [< 1 ms]
  Passed Globals_ShouldReturnInjectedGlobals [< 1 ms]
  Passed Deserialize_WhenAppDataFolderNotConfigured_ShouldReturnDefault [< 1 ms]
  Passed DefaultConstructor_CreatesInstance [< 1 ms]
  Passed Constructor_WithGlobals_SetsProperties [< 1 ms]
  Passed Constructor_WithGlobals_SetsProbabilityThreshold [< 1 ms]
  Passed InitAsync_GroupNotInManager_ReturnsNull [2 ms]
  Passed InitAsync_GroupInManager_ReturnsSelf [1 ms]
  Passed GetMatchingCategories_WithClassifierGroup_ReturnsFiltered [6 ms]
  Passed IsActivated_NoClassifierGroup_ReturnsFalse [< 1 ms]
  Passed IsActivated_WithClassifierGroup_ReturnsTrue [< 1 ms]
  Passed CreateEngineAsync_GroupNotInManager_ReturnsNull [1 ms]
  Passed CreateEngineAsync_GroupInManager_ReturnsEngine [1 ms]
  Passed InitAsync_GroupInManager_SetsAsyncActionAndCondition [1 ms]
  Passed GetMatchingCategoriesAsync_WithClassifierGroup_ReturnsFiltered [1 ms]
  Passed BuildClassifiersAsync_NullCollection_ReturnsFalse [1 ms]
  Passed BuildClassifiersAsync_EmptyActionableCollection_ReturnsFalse [< 1 ms]
  Passed Constructor_WithGlobals_CreatesInstance [< 1 ms]
  Passed InitAsync_GroupNotInManager_ReturnsNull [1 ms]
  Passed InitAsync_GroupInManager_ReturnsSelf [1 ms]
  Passed CreateEngineAsync_GroupNotInManager_ReturnsNull [1 ms]
  Passed IsActivated_NoClassifierGroup_ReturnsFalse [< 1 ms]
  Passed IsActivated_WithClassifierGroup_ReturnsTrue [< 1 ms]
  Passed ProbabilityThreshold_Default_Is0_8 [< 1 ms]
  Passed Message_HasExpectedValue [< 1 ms]
  Passed Engine_ReturnsSelf [< 1 ms]
  Passed EngineInitializer_IsNotNull [< 1 ms]
  Passed TypedItem_SetAndGet [< 1 ms]
  Passed Serialize_WithClassifierGroup_DoesNotThrow [< 1 ms]
  Passed AsyncAction_IsNotNull [< 1 ms]
  Passed AsyncCondition_IsNotNull [< 1 ms]
  Passed Config_ReturnsClassifierGroupConfig [< 1 ms]
  Passed GetMatchingCategories_WithClassifierGroup_ReturnsResults [1 ms]
  Passed GetMatchingCategoriesAsync_WithClassifierGroup_ReturnsResults [1 ms]
  Passed ExplodeMailsByCategory_NullCategories_ReturnsSelf [< 1 ms]
  Passed BuildClassifierAsync_WithGroup_RebuildClassifier [2 ms]
  Passed Constructor_WithGlobals_CreatesInstance [< 1 ms]
  Passed Constructor_WithGlobals_CreatesCgUtilities [< 1 ms]
  Passed LoadStaging_NoPythonStagingKey_ReturnsNull [1 ms]
  Passed CreateClassifierGroupAsync_WithCollection_ReturnsGroup [1 ms]
  Passed BuildClassifierAsync_WithGroup_RebuildClassifier [1 ms]
  Passed BuildFolderClassifiersAsync_EmptyCollection_ReturnsFalse [4 ms]
  Passed GetOrCreateClassifierGroupAsync_CreatesNew [1 ms]
  Passed DefaultConstructor_CreatesInstance [< 1 ms]
  Passed ParameterizedConstructor_SetsAllProperties [< 1 ms]
  Passed Properties_SetAndGet_RoundTrip [< 1 ms]
  Passed Serialize_WithEngineSet_InvokesAction [< 1 ms]
  Passed Serialize_WithoutEngine_DoesNotThrow [< 1 ms]
  Passed Config_SetAndGet [< 1 ms]
  Passed EngineInitializer_SetAndGet [< 1 ms]
  Passed Constructor_SetsValues [< 1 ms]
  Passed GetTristate_AboveMinTrue_ReturnsTrue [< 1 ms]
  Passed GetTristate_BelowMaxFalse_ReturnsFalse [< 1 ms]
  Passed GetTristate_InBetween_ReturnsNull [< 1 ms]
  Passed Train_WithTokenizer_CallsTrainOnTokens [< 1 ms]
  Passed Train_WithCallback_InvokesCallback [< 1 ms]
  Passed Train_NullTokenizer_Throws [< 1 ms]
  Passed Train_NullItem_WithTokenizer_Completes [< 1 ms]
  Passed TrainAsync_WithTokenizer_CallsTrainAsync [1 ms]
  Passed TrainAsync_WithCallback_InvokesCallbackAsync [< 1 ms]
  Passed Properties_SetAndGet_RoundTrip [< 1 ms]
  Passed SpamBayes_Constructor_WithGlobals_CreatesInstance [< 1 ms]
  Passed SpamBayes_IsActivated_FalseByDefault [< 1 ms]
  Passed SpamBayes_ClassNames_ContainsSpamAndHam [< 1 ms]
  Passed SpamBayes_GroupName_IsSpam [< 1 ms]
  Passed SpamBayes_CreateNewClassifier_ReturnsGroupWithClassifiers [< 1 ms]
  Passed SpamBayes_ValidatePathsSet_NullGlobals_ReturnsFalse [< 1 ms]
  Passed SpamBayes_ValidatePathsSet_ValidPaths_ReturnsTrue [< 1 ms]
  Passed SpamBayes_ValidateSpamClassifierAsync_ValidValidator_ReturnsTrue [1 ms]
  Passed SpamBayes_ValidateSpamClassifierAsync_InvalidValidator_CallsAction [< 1 ms]
  Passed SpamBayes_MissingHandler_SkipTreatment_ReturnsFalse [1 ms]
  Passed SpamBayes_MissingHandler_ThrowTreatment_ThrowsArgumentNullException [< 1 ms]
  Passed SpamBayes_MissingHandler_InvalidTreatment_ThrowsOutOfRange [< 1 ms]
  Passed SpamBayes_CreateSpamClassifiersAsync_ReturnsGroup [< 1 ms]
  Passed SpamBayes_ClassifierGroup_SetAndGet [< 1 ms]
  Passed SpamBayes_GetDestinationFolder_NullMailItem_ReturnsNull [< 1 ms]
  Passed SpamBayes_GetDestinationFolder_IsSpamFalse_ReturnsNull [< 1 ms]
  Passed SpamBayes_HasValidSpamClassifierAsync_NullAF_ReturnsFalse [2 ms]
  Passed SpamBayes_HasValidSpamClassifierAsync_NoSpamGroup_ReturnsFalse [< 1 ms]
  Passed SpamBayes_HasValidSpamClassifierAsync_ValidGroup_ReturnsTrue [1 ms]
  Passed Constructor_WithGlobals_SetsGlobals [< 1 ms]
  Passed IsActivated_NoClassifierGroup_ReturnsFalse [< 1 ms]
  Passed IsActivated_WithClassifierGroup_ReturnsTrue [< 1 ms]
  Passed ProbabilityThreshold_DefaultIs0_8 [< 1 ms]
  Passed EngineName_SetAndGet [< 1 ms]
  Passed Engine_ReturnsSelf [< 1 ms]
  Passed Message_HasDefaultValue [< 1 ms]
  Passed AsyncAction_SetAndGet [< 1 ms]
  Passed AsyncCondition_SetAndGet [< 1 ms]
  Passed Serialize_CallsClassifierGroupSerialize [< 1 ms]
  Passed Condition_MailItem_WithIPMNote_ReturnsTrue [1 ms]
  Passed Condition_MailItem_NonIPMNote_ReturnsFalse [1 ms]
  Passed CreateEngineAsync_GroupNotInManager_ReturnsDefault [1 ms]
  Passed CreateEngineAsync_GroupInManager_ReturnsEngine [1 ms]
  Passed Config_ReturnsClassifierGroupConfig [< 1 ms]
  Passed TypedItem_SetAndGet [< 1 ms]
  Passed EngineInitializer_IsNotNull [< 1 ms]
  Passed InitAsync_ClassifierGroupNotInManager_ReturnsDefault [< 1 ms]
  Passed Constructor_WithGlobals_SetsProperties [< 1 ms]
  Passed Constructor_WithToken_SetsToken [< 1 ms]
  Passed ClassNames_ContainsABC [< 1 ms]
  Passed UnknownClassMarker_IsU [< 1 ms]
  Passed CreateClassifier_ReturnsGroupWithThreeClassifiers [< 1 ms]
  Passed CreateTriageClassifiersAsync_ReturnsClassifierGroup [1 ms]
  Passed ValidateTriageManagerAsync_ValidValidator_ReturnsTrue [1 ms]
  Passed ValidateTriageManagerAsync_InvalidValidator_CallsAction [< 1 ms]
  Passed HasValidTriageManagerAsync_NullGlobals_ReturnsFalse [1 ms]
  Passed HasValidTriageManagerAsync_ManagerMissingTriageGroup_ReturnsFalse [< 1 ms]
  Passed HasValidTriageManagerAsync_ManagerWithTriageGroup_ReturnsTrue [1 ms]
  Passed TriageMissingHandlerAsync_SkipTreatment_ReturnsFalse [1 ms]
  Passed TriageMissingHandlerAsync_CreateTreatment_AppliesStoredTriageConfig [25 ms]
  Passed TriageMissingHandlerAsync_ThrowTreatment_ThrowsArgumentNullException [< 1 ms]
  Passed TriageMissingHandlerAsync_InvalidTreatment_ThrowsArgumentOutOfRange [< 1 ms]
  Passed EngineName_IsTriage [< 1 ms]
  Passed Engine_ReturnsSelf [< 1 ms]
  Passed Message_ContainsTriage [< 1 ms]
  Passed AsyncAction_ReturnsDelegate [< 1 ms]
  Passed AsyncCondition_ReturnsDelegate [< 1 ms]
  Passed ClassifierGroup_SetAndGet [< 1 ms]
  Passed TokenizeAsync_SetAndGet [< 1 ms]
  Passed CallbackAsync_SetAndGet [< 1 ms]
  Passed ManagerAsyncLazy_Constructor_SetsGlobals [< 1 ms]
  Passed ManagerAsyncLazy_ResetConfigAsyncLazy_ResetsConfiguration [< 1 ms]
  Passed ManagerAsyncLazy_InitAsync_DoesNotThrow [3 ms]
  Passed ManagerAsyncLazy_TryGetValue_MissingKey_ReturnsFalse [< 1 ms]
  Passed ManagerAsyncLazy_AddAndRetrieve_Works [< 1 ms]
  Passed Triage_CreateClassifier_SetsMinimumProbability [< 1 ms]
  Passed Triage_Serialize_WithClassifierGroup_DoesNotThrow [< 1 ms]
  Passed Triage_Config_ReturnsClassifierGroupConfig [< 1 ms]
  Passed Triage_TrainAsync_WithTokens_TrainsClassifier [1 ms]
  Passed Triage_TypedItem_SetAndGet [< 1 ms]
  Passed Triage_EngineInitializer_Throws [< 1 ms]
  Passed CreateClassifier_ReturnsGroupWithClassifiersABC [3 ms]
  Passed CreateClassifier_ReturnsGroupWithNonNullSharedTokenBase [< 1 ms]
  Passed GroupAndCount_DistinctTokens_ReturnsOneEach [< 1 ms]
  Passed GroupAndCount_DuplicateTokens_SumsCorrectly [< 1 ms]
  Passed GroupAndCount_EmptyCollection_ReturnsEmpty [< 1 ms]
  Passed GroupAndCountAsync_ReturnsCorrectCounts [1 ms]
  Passed ToClassifierAsync_WithTokenEnumerable_ReturnsClassifier [1 ms]
  Passed ToClassifierAsync_WithDictionary_ReturnsClassifier [1 ms]
  Passed Constructor_SetsGlobals [1 ms]
  Passed SaveWip_DefaultsToTrue [< 1 ms]
  Passed SaveWip_SetAndGet_Works [< 1 ms]
  Passed Serialization_IsSetInConstructor [< 1 ms]
  Passed Constructor_SetsGlobals [< 1 ms]
  Passed DefaultConstructor_CreatesEmptyCorpus [< 1 ms]
  Passed Constructor_WithTokens_GroupsAndCounts [< 1 ms]
  Passed Constructor_WithKeyValuePairs_StoresAllEntries [< 1 ms]
  Passed Constructor_WithComparer_UsesCustomComparer [< 1 ms]
  Passed Constructor_WithPairsAndComparer_Works [< 1 ms]
  Passed Constructor_ConcurrencyAndCapacity_CreatesEmpty [< 1 ms]
  Passed AddOrIncrementToken_NewToken_AddsWithCount1 [< 1 ms]
  Passed AddOrIncrementToken_ExistingToken_IncrementsCount [< 1 ms]
  Passed AddOrIncrementTokens_MultipleSameTokens_SumsCorrectly [< 1 ms]
  Passed DecrementOrRemoveToken_CountAboveZero_Decrements [< 1 ms]
  Passed DecrementOrRemoveToken_CountReachesZero_RemovesToken [< 1 ms]
  Passed DecrementOrRemoveToken_MissingToken_ReturnsFalse [< 1 ms]
  Passed AddTokenOrSumValues_NewToken_AddsValue [< 1 ms]
  Passed AddTokenOrSumValues_ExistingToken_SumsValues [< 1 ms]
  Passed AddTokenOrSumValues_Collection_AddsAll [< 1 ms]
  Passed SubtractOrRemoveValue_ReducesCount [< 1 ms]
  Passed SubtractOrRemoveValue_CountGoesBelowZero_RemovesToken [< 1 ms]
  Passed SubtractOrRemoveValues_Collection_SubtractsAll [< 1 ms]
  Passed AddTokenCount_IncrementsCount [< 1 ms]
  Passed Indicator_SetAndGet_Works [< 1 ms]
  Passed Clone_ReturnsIndependentCopy [< 1 ms]
  Passed OperatorPlus_MergesCorpora [< 1 ms]
  Passed OperatorMinus_SubtractsCorpora [< 1 ms]
  Passed SubtractAsync_SubtractsCorpora [4 ms]
  Passed SubtractFilter_FiltersAndSubtracts [< 1 ms]
  Passed DefaultConstructor_CreatesEmptyDictionary [< 1 ms]
  Passed Constructor_WithCollection_InitializesEntries [< 1 ms]
  Passed Constructor_WithComparer_UsesCustomComparer [< 1 ms]
  Passed Constructor_WithCollectionAndComparer_Works [< 1 ms]
  Passed Constructor_ConcurrencyAndCapacity_CreatesEmpty [< 1 ms]
  Passed Id_SetAndGet_Works [< 1 ms]
  Passed Indicator_SetAndGet_Works [< 1 ms]
  Passed AddOrIncrementToken_NewToken_AddsEntry [< 1 ms]
  Passed AddOrIncrementTokens_AddsMultiple [< 1 ms]
  Passed DecrementOrRemoveToken_CountReachesZero_Removes [< 1 ms]
  Passed DecrementOrRemoveToken_MissingToken_NoOp [< 1 ms]
  Passed FilePath_SetAndGet_Works [< 1 ms]
  Passed FileName_SetAndGet_Works [< 1 ms]
  Passed FolderPath_SetAndGet_Works [< 1 ms]
  Passed Serialize_WithNoPath_IsNoOp [< 1 ms]
  Passed ComputerInfo_PropertyTests [32 ms]
  Passed CheckboxClick_WithUnprefixedOptionAndPrefix_DoesNotReconstructMissingKey [334 ms]

Test Run Failed.
Total tests: 2673
     Passed: 2667
     Failed: 4
    Skipped: 2
 Total time: 17.5565 Seconds
