<?xml version="1.0" encoding="utf-8"?>
<TestRun id="e4658c74-7f82-424a-8ccc-e6d41859e085" name="REDACTED-USER@REDACTED-HOST 2026-08-26 10:23:51" runUser="REDACTED-HOST\REDACTED-USER" xmlns="http://microsoft.com/schemas/VisualStudio/TeamTest/2010">
  <Times creation="2026-08-26T10:23:51.0922488-04:00" queuing="2026-08-26T10:23:51.0922488-04:00" start="2026-08-26T10:23:48.8385321-04:00" finish="2026-08-26T10:23:51.2035302-04:00" />
  <TestSettings name="default" id="cb737c18-4aaa-45f6-8919-49ce91a27e50">
    <Deployment runDeploymentRoot="REDACTED-USER_REDACTED-HOST_2026-08-26_10_23_51" />
  </TestSettings>
  <Results>
    <UnitTestResult executionId="470627f6-bb5f-45c3-b79e-d22560fdbcc0" testId="18c33db4-8c93-84bb-8da7-a1c772c1af0f" testName="CaptureItemSettings_WhenCellStatesPopulated_StoresStates" computerName="REDACTED-HOST" duration="00:00:00.0245079" startTime="2026-08-26T10:23:51.0677700-04:00" endTime="2026-08-26T10:23:51.0932532-04:00" testType="13cdc9d9-ddb5-4fa4-a97d-d965ccfc6d4b" outcome="Passed" testListId="8c84fa94-04c1-424b-9868-57a2d4851a1d" relativeResultsDirectory="470627f6-bb5f-45c3-b79e-d22560fdbcc0">
      <Output>
        <StdOut>Debug Trace:&#xD;
﻿</StdOut>
      </Output>
    </UnitTestResult>
    <UnitTestResult executionId="32f739e9-423c-4653-b12d-f4e85e079c49" testId="1be91666-f425-869c-9d7a-a79be2821ab4" testName="UndoConsumer_EveryIdleIteration_InvokesTimeProviderDelay" computerName="REDACTED-HOST" duration="00:00:00.0069537" startTime="2026-08-26T10:23:51.1019346-04:00" endTime="2026-08-26T10:23:51.1090278-04:00" testType="13cdc9d9-ddb5-4fa4-a97d-d965ccfc6d4b" outcome="Passed" testListId="8c84fa94-04c1-424b-9868-57a2d4851a1d" relativeResultsDirectory="32f739e9-423c-4653-b12d-f4e85e079c49">
      <Output>
        <StdOut>Debug Trace:&#xD;
﻿</StdOut>
      </Output>
    </UnitTestResult>
    <UnitTestResult executionId="03f69268-37db-4cea-9731-43769bea29d6" testId="1e9ab114-156a-8641-8d81-47ae564c8140" testName="SkipClicked_WhenRaised_TogglesSkipButtonTextAndEnabled" computerName="REDACTED-HOST" duration="00:00:00.0115386" startTime="2026-08-26T10:23:51.0457662-04:00" endTime="2026-08-26T10:23:51.0575909-04:00" testType="13cdc9d9-ddb5-4fa4-a97d-d965ccfc6d4b" outcome="Passed" testListId="8c84fa94-04c1-424b-9868-57a2d4851a1d" relativeResultsDirectory="03f69268-37db-4cea-9731-43769bea29d6">
      <Output>
        <StdOut>Debug Trace:&#xD;
﻿</StdOut>
      </Output>
    </UnitTestResult>
    <UnitTestResult executionId="464f323b-fa2b-4fd5-a5c3-3ed358802bbe" testId="197d4ff2-ce1d-8918-990b-e2dc5c70706a" testName="UndoClicked_WhenRaised_RoutesToControllerWithoutThrowing" computerName="REDACTED-HOST" duration="00:00:00.0014914" startTime="2026-08-26T10:23:51.0379189-04:00" endTime="2026-08-26T10:23:51.0392411-04:00" testType="13cdc9d9-ddb5-4fa4-a97d-d965ccfc6d4b" outcome="Passed" testListId="8c84fa94-04c1-424b-9868-57a2d4851a1d" relativeResultsDirectory="464f323b-fa2b-4fd5-a5c3-3ed358802bbe">
      <Output>
        <StdOut>Debug Trace:&#xD;
﻿</StdOut>
      </Output>
    </UnitTestResult>
    <UnitTestResult executionId="7a155a75-73d0-4b13-8f94-a20cb0dee151" testId="1f0a7673-0d94-8dfa-b0a3-65a036112324" testName="UndoConsumer_SuccessfulTake_ResetsIdleTimer" computerName="REDACTED-HOST" duration="00:00:00.0084058" startTime="2026-08-26T10:23:51.1167638-04:00" endTime="2026-08-26T10:23:51.1245741-04:00" testType="13cdc9d9-ddb5-4fa4-a97d-d965ccfc6d4b" outcome="Passed" testListId="8c84fa94-04c1-424b-9868-57a2d4851a1d" relativeResultsDirectory="7a155a75-73d0-4b13-8f94-a20cb0dee151">
      <Output>
        <StdOut>Debug Trace:&#xD;
﻿</StdOut>
      </Output>
    </UnitTestResult>
    <UnitTestResult executionId="b7f25902-efac-4865-98e0-9273ce54a052" testId="1c2a6d6a-1c7e-8e34-aefa-01148867e87b" testName="ButtonSkipHandler_WhenInvoked_TogglesSkipButtonTextAndEnabled" computerName="REDACTED-HOST" duration="00:00:00.0017411" startTime="2026-08-26T10:23:51.0575909-04:00" endTime="2026-08-26T10:23:51.0595937-04:00" testType="13cdc9d9-ddb5-4fa4-a97d-d965ccfc6d4b" outcome="Passed" testListId="8c84fa94-04c1-424b-9868-57a2d4851a1d" relativeResultsDirectory="b7f25902-efac-4865-98e0-9273ce54a052">
      <Output>
        <StdOut>Debug Trace:&#xD;
﻿</StdOut>
      </Output>
    </UnitTestResult>
    <UnitTestResult executionId="c6b60df6-4842-470f-90e6-2473b8cfcee6" testId="138b0628-a7b0-8f82-bdff-a5e8a1bc43c7" testName="CaptureItemSettings_WhenCellStatesNull_StoresNullAndHides" computerName="REDACTED-HOST" duration="00:00:00.0011326" startTime="2026-08-26T10:23:51.0932532-04:00" endTime="2026-08-26T10:23:51.0932532-04:00" testType="13cdc9d9-ddb5-4fa4-a97d-d965ccfc6d4b" outcome="Passed" testListId="8c84fa94-04c1-424b-9868-57a2d4851a1d" relativeResultsDirectory="c6b60df6-4842-470f-90e6-2473b8cfcee6">
      <Output>
        <StdOut>Debug Trace:&#xD;
﻿</StdOut>
      </Output>
    </UnitTestResult>
    <UnitTestResult executionId="346a9590-61aa-4c34-b9ea-dcf352023359" testId="19fb3866-816d-8d7f-9950-24332071f99f" testName="CancelClicked_WhenRaised_CancelsParentTokenSource" computerName="REDACTED-HOST" duration="00:00:00.0063063" startTime="2026-08-26T10:23:51.0303967-04:00" endTime="2026-08-26T10:23:51.0374160-04:00" testType="13cdc9d9-ddb5-4fa4-a97d-d965ccfc6d4b" outcome="Passed" testListId="8c84fa94-04c1-424b-9868-57a2d4851a1d" relativeResultsDirectory="346a9590-61aa-4c34-b9ea-dcf352023359">
      <Output>
        <StdOut>Debug Trace:&#xD;
﻿</StdOut>
      </Output>
    </UnitTestResult>
    <UnitTestResult executionId="1a53f1c9-0615-463d-b451-c1d6a88087a9" testId="1b20f7f9-e12b-896f-988e-97ff843f5ae4" testName="LoadItemsAsync_MailItemPath_DoesNotApplyPostDisplayHighConfidenceRemoval" computerName="REDACTED-HOST" duration="00:00:00.0070068" startTime="2026-08-26T10:23:51.0947568-04:00" endTime="2026-08-26T10:23:51.1019346-04:00" testType="13cdc9d9-ddb5-4fa4-a97d-d965ccfc6d4b" outcome="Passed" testListId="8c84fa94-04c1-424b-9868-57a2d4851a1d" relativeResultsDirectory="1a53f1c9-0615-463d-b451-c1d6a88087a9">
      <Output>
        <StdOut>Debug Trace:&#xD;
﻿</StdOut>
      </Output>
    </UnitTestResult>
    <UnitTestResult executionId="062913cd-d9c2-4c20-8e1a-8eae980b9445" testId="10138c2b-500b-8d4a-9c13-ed72b70cc87b" testName="RegisterFormEventHandlers_WiresAllIntentCommandEvents" computerName="REDACTED-HOST" duration="00:00:00.3843060" startTime="2026-08-26T10:23:50.4491654-04:00" endTime="2026-08-26T10:23:50.9850931-04:00" testType="13cdc9d9-ddb5-4fa4-a97d-d965ccfc6d4b" outcome="Passed" testListId="8c84fa94-04c1-424b-9868-57a2d4851a1d" relativeResultsDirectory="062913cd-d9c2-4c20-8e1a-8eae980b9445">
      <Output>
        <StdOut>Debug Trace:&#xD;
﻿</StdOut>
      </Output>
    </UnitTestResult>
    <UnitTestResult executionId="929a12f0-e640-4698-9d96-a36445567eeb" testId="1c62f5eb-d211-8b26-8ef1-1fb2c8a3fb2e" testName="CaptureItemSettings_WhenRowStylesNull_ReturnsEarly" computerName="REDACTED-HOST" duration="00:00:00.0006140" startTime="2026-08-26T10:23:51.0932532-04:00" endTime="2026-08-26T10:23:51.0947568-04:00" testType="13cdc9d9-ddb5-4fa4-a97d-d965ccfc6d4b" outcome="Passed" testListId="8c84fa94-04c1-424b-9868-57a2d4851a1d" relativeResultsDirectory="929a12f0-e640-4698-9d96-a36445567eeb">
      <Output>
        <StdOut>Debug Trace:&#xD;
﻿</StdOut>
      </Output>
    </UnitTestResult>
    <UnitTestResult executionId="0d03f6fc-b0fd-4362-b480-1283c441da40" testId="106e4b7b-f565-86eb-9129-f6ebf5c4aeb3" testName="ItemsPerLoadValueChanged_WhenRaised_RoutesToSpinnerHandler" computerName="REDACTED-HOST" duration="00:00:00.0064356" startTime="2026-08-26T10:23:51.0392411-04:00" endTime="2026-08-26T10:23:51.0457662-04:00" testType="13cdc9d9-ddb5-4fa4-a97d-d965ccfc6d4b" outcome="Passed" testListId="8c84fa94-04c1-424b-9868-57a2d4851a1d" relativeResultsDirectory="0d03f6fc-b0fd-4362-b480-1283c441da40">
      <Output>
        <StdOut>Debug Trace:&#xD;
﻿</StdOut>
      </Output>
    </UnitTestResult>
    <UnitTestResult executionId="a8a92d32-35c6-44e9-a8b5-5838e8a9b1c4" testId="14588b3f-9685-8608-9509-7fa0ede44ea5" testName="UndoConsumer_IdleBeyondThreshold_Completes" computerName="REDACTED-HOST" duration="00:00:00.0067022" startTime="2026-08-26T10:23:51.1090278-04:00" endTime="2026-08-26T10:23:51.1167638-04:00" testType="13cdc9d9-ddb5-4fa4-a97d-d965ccfc6d4b" outcome="Passed" testListId="8c84fa94-04c1-424b-9868-57a2d4851a1d" relativeResultsDirectory="a8a92d32-35c6-44e9-a8b5-5838e8a9b1c4">
      <Output>
        <StdOut>Debug Trace:&#xD;
﻿</StdOut>
      </Output>
    </UnitTestResult>
    <UnitTestResult executionId="03b64277-746b-4460-9229-d4c93be24474" testId="1a44cb20-f6f0-8557-b2b8-b933a93311c8" testName="RegisterFormEventHandlers_UsesExclusionControlsFromFormViewer" computerName="REDACTED-HOST" duration="00:00:00.0008789" startTime="2026-08-26T10:23:50.9935447-04:00" endTime="2026-08-26T10:23:50.9961816-04:00" testType="13cdc9d9-ddb5-4fa4-a97d-d965ccfc6d4b" outcome="Passed" testListId="8c84fa94-04c1-424b-9868-57a2d4851a1d" relativeResultsDirectory="03b64277-746b-4460-9229-d4c93be24474">
      <Output>
        <StdOut>Debug Trace:&#xD;
﻿</StdOut>
      </Output>
    </UnitTestResult>
    <UnitTestResult executionId="9f066201-3749-4c68-ab8d-beed26a32bde" testId="1815ec11-d7cd-8d47-a429-45b071c8214a" testName="OkClicked_WhenRaised_RoutesToControllerWithoutThrowing" computerName="REDACTED-HOST" duration="00:00:00.0347878" startTime="2026-08-26T10:23:50.9961816-04:00" endTime="2026-08-26T10:23:51.0303967-04:00" testType="13cdc9d9-ddb5-4fa4-a97d-d965ccfc6d4b" outcome="Passed" testListId="8c84fa94-04c1-424b-9868-57a2d4851a1d" relativeResultsDirectory="9f066201-3749-4c68-ab8d-beed26a32bde">
      <Output>
        <StdOut>Debug Trace:&#xD;
﻿     Warning:&#xD;
     The component "Fluent Assertions" is governed by the rules defined in the Xceed License Agreement and&#xD;
     the Xceed Fluent Assertions Community License. You may use Fluent Assertions free of charge for&#xD;
     non-commercial use only. An active subscription is required to use Fluent Assertions for commercial use.&#xD;
&#xD;
     Please contact Xceed Sales mailto:sales@xceed.com to acquire a subscription at a very low cost.&#xD;
&#xD;
     A paid commercial license supports the development and continued increasing support of&#xD;
     Fluent Assertions users under both commercial and community licenses. Help us&#xD;
     keep Fluent Assertions at the forefront of unit testing.&#xD;
&#xD;
     For more information, visit https://xceed.com/products/unit-testing/fluent-assertions/&#xD;
     Warning:&#xD;
     The component "Fluent Assertions" is governed by the rules defined in the Xceed License Agreement and&#xD;
     the Xceed Fluent Assertions Community License. You may use Fluent Assertions free of charge for&#xD;
     non-commercial use only. An active subscription is required to use Fluent Assertions for commercial use.&#xD;
&#xD;
     Please contact Xceed Sales mailto:sales@xceed.com to acquire a subscription at a very low cost.&#xD;
&#xD;
     A paid commercial license supports the development and continued increasing support of&#xD;
     Fluent Assertions users under both commercial and community licenses. Help us&#xD;
     keep Fluent Assertions at the forefront of unit testing.&#xD;
&#xD;
     For more information, visit https://xceed.com/products/unit-testing/fluent-assertions/</StdOut>
      </Output>
    </UnitTestResult>
    <UnitTestResult executionId="9067da36-639d-4153-be59-0a893447ebab" testId="1c981561-3f08-825e-8a05-82492c508039" testName="UndoConsumer_OnExit_ResetsUndoConsumerTask" computerName="REDACTED-HOST" duration="00:00:00.0091425" startTime="2026-08-26T10:23:51.1245741-04:00" endTime="2026-08-26T10:23:51.1396606-04:00" testType="13cdc9d9-ddb5-4fa4-a97d-d965ccfc6d4b" outcome="Passed" testListId="8c84fa94-04c1-424b-9868-57a2d4851a1d" relativeResultsDirectory="9067da36-639d-4153-be59-0a893447ebab">
      <Output>
        <StdOut>Debug Trace:&#xD;
﻿</StdOut>
      </Output>
    </UnitTestResult>
  </Results>
  <TestDefinitions>
    <UnitTest name="UndoConsumer_SuccessfulTake_ResetsIdleTimer" storage="REDACTED-REPO-ROOT\quickfiler.test\bin\debug\quickfiler.test.dll" id="1f0a7673-0d94-8dfa-b0a3-65a036112324">
      <Execution id="7a155a75-73d0-4b13-8f94-a20cb0dee151" />
      <TestMethod codeBase="REDACTED-REPO-ROOT\QuickFiler.Test\bin\Debug\QuickFiler.Test.dll" adapterTypeName="executor://mstestadapter/v4" className="QuickFiler.Controllers.Tests.QfcFormControllerSeamTests" name="UndoConsumer_SuccessfulTake_ResetsIdleTimer" />
    </UnitTest>
    <UnitTest name="SkipClicked_WhenRaised_TogglesSkipButtonTextAndEnabled" storage="REDACTED-REPO-ROOT\quickfiler.test\bin\debug\quickfiler.test.dll" id="1e9ab114-156a-8641-8d81-47ae564c8140">
      <Execution id="03f69268-37db-4cea-9731-43769bea29d6" />
      <TestMethod codeBase="REDACTED-REPO-ROOT\QuickFiler.Test\bin\Debug\QuickFiler.Test.dll" adapterTypeName="executor://mstestadapter/v4" className="QuickFiler.Controllers.Tests.QfcFormControllerSeamTests" name="SkipClicked_WhenRaised_TogglesSkipButtonTextAndEnabled" />
    </UnitTest>
    <UnitTest name="RegisterFormEventHandlers_WiresAllIntentCommandEvents" storage="REDACTED-REPO-ROOT\quickfiler.test\bin\debug\quickfiler.test.dll" id="10138c2b-500b-8d4a-9c13-ed72b70cc87b">
      <Execution id="062913cd-d9c2-4c20-8e1a-8eae980b9445" />
      <TestMethod codeBase="REDACTED-REPO-ROOT\QuickFiler.Test\bin\Debug\QuickFiler.Test.dll" adapterTypeName="executor://mstestadapter/v4" className="QuickFiler.Controllers.Tests.QfcFormControllerSeamTests" name="RegisterFormEventHandlers_WiresAllIntentCommandEvents" />
    </UnitTest>
    <UnitTest name="OkClicked_WhenRaised_RoutesToControllerWithoutThrowing" storage="REDACTED-REPO-ROOT\quickfiler.test\bin\debug\quickfiler.test.dll" id="1815ec11-d7cd-8d47-a429-45b071c8214a">
      <Execution id="9f066201-3749-4c68-ab8d-beed26a32bde" />
      <TestMethod codeBase="REDACTED-REPO-ROOT\QuickFiler.Test\bin\Debug\QuickFiler.Test.dll" adapterTypeName="executor://mstestadapter/v4" className="QuickFiler.Controllers.Tests.QfcFormControllerSeamTests" name="OkClicked_WhenRaised_RoutesToControllerWithoutThrowing" />
    </UnitTest>
    <UnitTest name="ItemsPerLoadValueChanged_WhenRaised_RoutesToSpinnerHandler" storage="REDACTED-REPO-ROOT\quickfiler.test\bin\debug\quickfiler.test.dll" id="106e4b7b-f565-86eb-9129-f6ebf5c4aeb3">
      <Execution id="0d03f6fc-b0fd-4362-b480-1283c441da40" />
      <TestMethod codeBase="REDACTED-REPO-ROOT\QuickFiler.Test\bin\Debug\QuickFiler.Test.dll" adapterTypeName="executor://mstestadapter/v4" className="QuickFiler.Controllers.Tests.QfcFormControllerSeamTests" name="ItemsPerLoadValueChanged_WhenRaised_RoutesToSpinnerHandler" />
    </UnitTest>
    <UnitTest name="UndoConsumer_OnExit_ResetsUndoConsumerTask" storage="REDACTED-REPO-ROOT\quickfiler.test\bin\debug\quickfiler.test.dll" id="1c981561-3f08-825e-8a05-82492c508039">
      <Execution id="9067da36-639d-4153-be59-0a893447ebab" />
      <TestMethod codeBase="REDACTED-REPO-ROOT\QuickFiler.Test\bin\Debug\QuickFiler.Test.dll" adapterTypeName="executor://mstestadapter/v4" className="QuickFiler.Controllers.Tests.QfcFormControllerSeamTests" name="UndoConsumer_OnExit_ResetsUndoConsumerTask" />
    </UnitTest>
    <UnitTest name="CaptureItemSettings_WhenCellStatesNull_StoresNullAndHides" storage="REDACTED-REPO-ROOT\quickfiler.test\bin\debug\quickfiler.test.dll" id="138b0628-a7b0-8f82-bdff-a5e8a1bc43c7">
      <Execution id="c6b60df6-4842-470f-90e6-2473b8cfcee6" />
      <TestMethod codeBase="REDACTED-REPO-ROOT\QuickFiler.Test\bin\Debug\QuickFiler.Test.dll" adapterTypeName="executor://mstestadapter/v4" className="QuickFiler.Controllers.Tests.QfcFormControllerSeamTests" name="CaptureItemSettings_WhenCellStatesNull_StoresNullAndHides" />
    </UnitTest>
    <UnitTest name="RegisterFormEventHandlers_UsesExclusionControlsFromFormViewer" storage="REDACTED-REPO-ROOT\quickfiler.test\bin\debug\quickfiler.test.dll" id="1a44cb20-f6f0-8557-b2b8-b933a93311c8">
      <Execution id="03b64277-746b-4460-9229-d4c93be24474" />
      <TestMethod codeBase="REDACTED-REPO-ROOT\QuickFiler.Test\bin\Debug\QuickFiler.Test.dll" adapterTypeName="executor://mstestadapter/v4" className="QuickFiler.Controllers.Tests.QfcFormControllerSeamTests" name="RegisterFormEventHandlers_UsesExclusionControlsFromFormViewer" />
    </UnitTest>
    <UnitTest name="CancelClicked_WhenRaised_CancelsParentTokenSource" storage="REDACTED-REPO-ROOT\quickfiler.test\bin\debug\quickfiler.test.dll" id="19fb3866-816d-8d7f-9950-24332071f99f">
      <Execution id="346a9590-61aa-4c34-b9ea-dcf352023359" />
      <TestMethod codeBase="REDACTED-REPO-ROOT\QuickFiler.Test\bin\Debug\QuickFiler.Test.dll" adapterTypeName="executor://mstestadapter/v4" className="QuickFiler.Controllers.Tests.QfcFormControllerSeamTests" name="CancelClicked_WhenRaised_CancelsParentTokenSource" />
    </UnitTest>
    <UnitTest name="LoadItemsAsync_MailItemPath_DoesNotApplyPostDisplayHighConfidenceRemoval" storage="REDACTED-REPO-ROOT\quickfiler.test\bin\debug\quickfiler.test.dll" id="1b20f7f9-e12b-896f-988e-97ff843f5ae4">
      <Execution id="1a53f1c9-0615-463d-b451-c1d6a88087a9" />
      <TestMethod codeBase="REDACTED-REPO-ROOT\QuickFiler.Test\bin\Debug\QuickFiler.Test.dll" adapterTypeName="executor://mstestadapter/v4" className="QuickFiler.Controllers.Tests.QfcFormControllerSeamTests" name="LoadItemsAsync_MailItemPath_DoesNotApplyPostDisplayHighConfidenceRemoval" />
    </UnitTest>
    <UnitTest name="ButtonSkipHandler_WhenInvoked_TogglesSkipButtonTextAndEnabled" storage="REDACTED-REPO-ROOT\quickfiler.test\bin\debug\quickfiler.test.dll" id="1c2a6d6a-1c7e-8e34-aefa-01148867e87b">
      <Execution id="b7f25902-efac-4865-98e0-9273ce54a052" />
      <TestMethod codeBase="REDACTED-REPO-ROOT\QuickFiler.Test\bin\Debug\QuickFiler.Test.dll" adapterTypeName="executor://mstestadapter/v4" className="QuickFiler.Controllers.Tests.QfcFormControllerSeamTests" name="ButtonSkipHandler_WhenInvoked_TogglesSkipButtonTextAndEnabled" />
    </UnitTest>
    <UnitTest name="UndoClicked_WhenRaised_RoutesToControllerWithoutThrowing" storage="REDACTED-REPO-ROOT\quickfiler.test\bin\debug\quickfiler.test.dll" id="197d4ff2-ce1d-8918-990b-e2dc5c70706a">
      <Execution id="464f323b-fa2b-4fd5-a5c3-3ed358802bbe" />
      <TestMethod codeBase="REDACTED-REPO-ROOT\QuickFiler.Test\bin\Debug\QuickFiler.Test.dll" adapterTypeName="executor://mstestadapter/v4" className="QuickFiler.Controllers.Tests.QfcFormControllerSeamTests" name="UndoClicked_WhenRaised_RoutesToControllerWithoutThrowing" />
    </UnitTest>
    <UnitTest name="UndoConsumer_EveryIdleIteration_InvokesTimeProviderDelay" storage="REDACTED-REPO-ROOT\quickfiler.test\bin\debug\quickfiler.test.dll" id="1be91666-f425-869c-9d7a-a79be2821ab4">
      <Execution id="32f739e9-423c-4653-b12d-f4e85e079c49" />
      <TestMethod codeBase="REDACTED-REPO-ROOT\QuickFiler.Test\bin\Debug\QuickFiler.Test.dll" adapterTypeName="executor://mstestadapter/v4" className="QuickFiler.Controllers.Tests.QfcFormControllerSeamTests" name="UndoConsumer_EveryIdleIteration_InvokesTimeProviderDelay" />
    </UnitTest>
    <UnitTest name="CaptureItemSettings_WhenCellStatesPopulated_StoresStates" storage="REDACTED-REPO-ROOT\quickfiler.test\bin\debug\quickfiler.test.dll" id="18c33db4-8c93-84bb-8da7-a1c772c1af0f">
      <Execution id="470627f6-bb5f-45c3-b79e-d22560fdbcc0" />
      <TestMethod codeBase="REDACTED-REPO-ROOT\QuickFiler.Test\bin\Debug\QuickFiler.Test.dll" adapterTypeName="executor://mstestadapter/v4" className="QuickFiler.Controllers.Tests.QfcFormControllerSeamTests" name="CaptureItemSettings_WhenCellStatesPopulated_StoresStates" />
    </UnitTest>
    <UnitTest name="CaptureItemSettings_WhenRowStylesNull_ReturnsEarly" storage="REDACTED-REPO-ROOT\quickfiler.test\bin\debug\quickfiler.test.dll" id="1c62f5eb-d211-8b26-8ef1-1fb2c8a3fb2e">
      <Execution id="929a12f0-e640-4698-9d96-a36445567eeb" />
      <TestMethod codeBase="REDACTED-REPO-ROOT\QuickFiler.Test\bin\Debug\QuickFiler.Test.dll" adapterTypeName="executor://mstestadapter/v4" className="QuickFiler.Controllers.Tests.QfcFormControllerSeamTests" name="CaptureItemSettings_WhenRowStylesNull_ReturnsEarly" />
    </UnitTest>
    <UnitTest name="UndoConsumer_IdleBeyondThreshold_Completes" storage="REDACTED-REPO-ROOT\quickfiler.test\bin\debug\quickfiler.test.dll" id="14588b3f-9685-8608-9509-7fa0ede44ea5">
      <Execution id="a8a92d32-35c6-44e9-a8b5-5838e8a9b1c4" />
      <TestMethod codeBase="REDACTED-REPO-ROOT\QuickFiler.Test\bin\Debug\QuickFiler.Test.dll" adapterTypeName="executor://mstestadapter/v4" className="QuickFiler.Controllers.Tests.QfcFormControllerSeamTests" name="UndoConsumer_IdleBeyondThreshold_Completes" />
    </UnitTest>
  </TestDefinitions>
  <TestEntries>
    <TestEntry testId="18c33db4-8c93-84bb-8da7-a1c772c1af0f" executionId="470627f6-bb5f-45c3-b79e-d22560fdbcc0" testListId="8c84fa94-04c1-424b-9868-57a2d4851a1d" />
    <TestEntry testId="1be91666-f425-869c-9d7a-a79be2821ab4" executionId="32f739e9-423c-4653-b12d-f4e85e079c49" testListId="8c84fa94-04c1-424b-9868-57a2d4851a1d" />
    <TestEntry testId="1e9ab114-156a-8641-8d81-47ae564c8140" executionId="03f69268-37db-4cea-9731-43769bea29d6" testListId="8c84fa94-04c1-424b-9868-57a2d4851a1d" />
    <TestEntry testId="197d4ff2-ce1d-8918-990b-e2dc5c70706a" executionId="464f323b-fa2b-4fd5-a5c3-3ed358802bbe" testListId="8c84fa94-04c1-424b-9868-57a2d4851a1d" />
    <TestEntry testId="1f0a7673-0d94-8dfa-b0a3-65a036112324" executionId="7a155a75-73d0-4b13-8f94-a20cb0dee151" testListId="8c84fa94-04c1-424b-9868-57a2d4851a1d" />
    <TestEntry testId="1c2a6d6a-1c7e-8e34-aefa-01148867e87b" executionId="b7f25902-efac-4865-98e0-9273ce54a052" testListId="8c84fa94-04c1-424b-9868-57a2d4851a1d" />
    <TestEntry testId="138b0628-a7b0-8f82-bdff-a5e8a1bc43c7" executionId="c6b60df6-4842-470f-90e6-2473b8cfcee6" testListId="8c84fa94-04c1-424b-9868-57a2d4851a1d" />
    <TestEntry testId="19fb3866-816d-8d7f-9950-24332071f99f" executionId="346a9590-61aa-4c34-b9ea-dcf352023359" testListId="8c84fa94-04c1-424b-9868-57a2d4851a1d" />
    <TestEntry testId="1b20f7f9-e12b-896f-988e-97ff843f5ae4" executionId="1a53f1c9-0615-463d-b451-c1d6a88087a9" testListId="8c84fa94-04c1-424b-9868-57a2d4851a1d" />
    <TestEntry testId="10138c2b-500b-8d4a-9c13-ed72b70cc87b" executionId="062913cd-d9c2-4c20-8e1a-8eae980b9445" testListId="8c84fa94-04c1-424b-9868-57a2d4851a1d" />
    <TestEntry testId="1c62f5eb-d211-8b26-8ef1-1fb2c8a3fb2e" executionId="929a12f0-e640-4698-9d96-a36445567eeb" testListId="8c84fa94-04c1-424b-9868-57a2d4851a1d" />
    <TestEntry testId="106e4b7b-f565-86eb-9129-f6ebf5c4aeb3" executionId="0d03f6fc-b0fd-4362-b480-1283c441da40" testListId="8c84fa94-04c1-424b-9868-57a2d4851a1d" />
    <TestEntry testId="14588b3f-9685-8608-9509-7fa0ede44ea5" executionId="a8a92d32-35c6-44e9-a8b5-5838e8a9b1c4" testListId="8c84fa94-04c1-424b-9868-57a2d4851a1d" />
    <TestEntry testId="1a44cb20-f6f0-8557-b2b8-b933a93311c8" executionId="03b64277-746b-4460-9229-d4c93be24474" testListId="8c84fa94-04c1-424b-9868-57a2d4851a1d" />
    <TestEntry testId="1815ec11-d7cd-8d47-a429-45b071c8214a" executionId="9f066201-3749-4c68-ab8d-beed26a32bde" testListId="8c84fa94-04c1-424b-9868-57a2d4851a1d" />
    <TestEntry testId="1c981561-3f08-825e-8a05-82492c508039" executionId="9067da36-639d-4153-be59-0a893447ebab" testListId="8c84fa94-04c1-424b-9868-57a2d4851a1d" />
  </TestEntries>
  <TestLists>
    <TestList name="Results Not in a List" id="8c84fa94-04c1-424b-9868-57a2d4851a1d" />
    <TestList name="All Loaded Results" id="19431567-8539-422a-85d7-44ee4e166bda" />
  </TestLists>
  <ResultSummary outcome="Completed">
    <Counters total="16" executed="16" passed="16" failed="0" error="0" timeout="0" aborted="0" inconclusive="0" passedButRunAborted="0" notRunnable="0" notExecuted="0" disconnected="0" warning="0" completed="0" inProgress="0" pending="0" />
    <Output>
      <StdOut>Test Parallelization enabled for REDACTED-REPO-ROOT\QuickFiler.Test\bin\Debug\QuickFiler.Test.dll (Workers: 24, Scope: ClassLevel)&#xD;
</StdOut>
    </Output>
  </ResultSummary>
</TestRun>