<?xml version="1.0" encoding="utf-8"?>
<TestRun id="0df17f60-252e-4aac-8e75-a23543805adc" name="REDACTED@REDACTED 2026-09-03 23:38:59" runUser="REDACTED\REDACTED" xmlns="http://microsoft.com/schemas/VisualStudio/TeamTest/2010">
  <Times creation="2026-09-03T23:38:59.0584320-04:00" queuing="2026-09-03T23:38:59.0584320-04:00" start="2026-09-03T23:38:57.7613577-04:00" finish="2026-09-03T23:38:59.2283804-04:00" />
  <TestSettings name="default" id="1a55f02e-f801-4c09-b43b-cf3b81a0b1c3">
    <Deployment runDeploymentRoot="REDACTED_REDACTED_2026-09-03_23_38_59" />
  </TestSettings>
  <Results>
    <UnitTestResult executionId="c6b712e4-5147-4efd-a69b-b1726e315703" testId="1eef43c9-db4f-83d6-9792-82aec0701edf" testName="ArchiveRootFailureDiagnostic_DoesNotContainTheArchivePathOrMailboxAddress" computerName="REDACTED" duration="00:00:00.0017620" startTime="2026-09-03T23:38:59.0155834-04:00" endTime="2026-09-03T23:38:59.0170947-04:00" testType="13cdc9d9-ddb5-4fa4-a97d-d965ccfc6d4b" outcome="Passed" testListId="8c84fa94-04c1-424b-9868-57a2d4851a1d" relativeResultsDirectory="c6b712e4-5147-4efd-a69b-b1726e315703" />
    <UnitTestResult executionId="23fb07a7-a8c9-4e0f-939c-258c40f9b9fa" testId="1f4a3747-df86-89ad-b49e-3fa103dee4b2" testName="WithTrashRow_AppliedTwice_YieldsExactlyOneTrashRow" computerName="REDACTED" duration="00:00:00.0028053" startTime="2026-09-03T23:38:59.1607418-04:00" endTime="2026-09-03T23:38:59.1643198-04:00" testType="13cdc9d9-ddb5-4fa4-a97d-d965ccfc6d4b" outcome="Passed" testListId="8c84fa94-04c1-424b-9868-57a2d4851a1d" relativeResultsDirectory="23fb07a7-a8c9-4e0f-939c-258c40f9b9fa" />
    <UnitTestResult executionId="061b0370-52dc-4b81-a829-58fb42c9dc98" testId="1cdfafb1-bc79-8436-8f6c-80e5b466a779" testName="FormActiveTheme_OnAllFieldsNullController_ReturnsBackingFieldAndDoesNotThrow" computerName="REDACTED" duration="00:00:00.0013901" startTime="2026-09-03T23:38:59.0740074-04:00" endTime="2026-09-03T23:38:59.0760105-04:00" testType="13cdc9d9-ddb5-4fa4-a97d-d965ccfc6d4b" outcome="Passed" testListId="8c84fa94-04c1-424b-9868-57a2d4851a1d" relativeResultsDirectory="061b0370-52dc-4b81-a829-58fb42c9dc98" />
    <UnitTestResult executionId="4c4e91fb-1342-428d-bd5b-170bbffc7148" testId="1fdcc729-bf9c-8c97-bca3-cd38bda6c807" testName="MatchesForSearchText_WithRepresentativeInput_ReturnsExpectedMatches" computerName="REDACTED" duration="00:00:00.0105825" startTime="2026-09-03T23:38:59.1508670-04:00" endTime="2026-09-03T23:38:59.1607418-04:00" testType="13cdc9d9-ddb5-4fa4-a97d-d965ccfc6d4b" outcome="Passed" testListId="8c84fa94-04c1-424b-9868-57a2d4851a1d" relativeResultsDirectory="4c4e91fb-1342-428d-bd5b-170bbffc7148" />
    <UnitTestResult executionId="245ff316-4074-4220-8dee-109d1568f953" testId="15efe720-c5cf-88b6-a104-58a9060fed2e" testName="BoundaryErrorSink_DefaultDelegate_InvokesWithoutThrowing" computerName="REDACTED" duration="00:00:00.0003182" startTime="2026-09-03T23:38:59.1498670-04:00" endTime="2026-09-03T23:38:59.1498670-04:00" testType="13cdc9d9-ddb5-4fa4-a97d-d965ccfc6d4b" outcome="Passed" testListId="8c84fa94-04c1-424b-9868-57a2d4851a1d" relativeResultsDirectory="245ff316-4074-4220-8dee-109d1568f953" />
    <UnitTestResult executionId="12dad163-4bd3-4f8d-82da-4d25480e5663" testId="10fa7ee1-1f59-89ec-bb6b-844b1b29f90a" testName="IsBannerRow_NullOrShortRow_ReturnsFalseWithoutThrowing" computerName="REDACTED" duration="00:00:00.0002504" startTime="2026-09-03T23:38:59.1703254-04:00" endTime="2026-09-03T23:38:59.1713240-04:00" testType="13cdc9d9-ddb5-4fa4-a97d-d965ccfc6d4b" outcome="Passed" testListId="8c84fa94-04c1-424b-9868-57a2d4851a1d" relativeResultsDirectory="12dad163-4bd3-4f8d-82da-4d25480e5663" />
    <UnitTestResult executionId="cf783ef6-3623-459c-b03c-ec5933eafcff" testId="15f6bdcf-a6a4-8a38-b5bd-802734c1d035" testName="AsyncVoidBoundary_WhenFaulted_LogsOnceAndDoesNotThrow (&quot;ButtonCancelClickAsync&quot;)" computerName="REDACTED" duration="00:00:00.0021774" startTime="2026-09-03T23:38:59.0987069-04:00" endTime="2026-09-03T23:38:59.1468582-04:00" testType="13cdc9d9-ddb5-4fa4-a97d-d965ccfc6d4b" outcome="Passed" testListId="8c84fa94-04c1-424b-9868-57a2d4851a1d" relativeResultsDirectory="cf783ef6-3623-459c-b03c-ec5933eafcff" />
    <UnitTestResult executionId="11376ca3-ae38-4db1-9d0c-2460155f4328" testId="14c46de4-d0e2-873a-8867-1efecb62ffd2" testName="AsyncVoidBoundary_WhenFaulted_LogsOnceAndDoesNotThrow (&quot;ButtonCreateClickAsync&quot;)" computerName="REDACTED" duration="00:00:00.0007930" startTime="2026-09-03T23:38:59.1478640-04:00" endTime="2026-09-03T23:38:59.1488670-04:00" testType="13cdc9d9-ddb5-4fa4-a97d-d965ccfc6d4b" outcome="Passed" testListId="8c84fa94-04c1-424b-9868-57a2d4851a1d" relativeResultsDirectory="11376ca3-ae38-4db1-9d0c-2460155f4328" />
    <UnitTestResult executionId="96a0b8e3-f7a7-489e-9f26-5fcfb3350d38" testId="1ec6a617-0982-8837-a5a2-f16df74440bc" testName="ActionDeleteAsync_AwaitedTwice_LeavesExactlyOneTrashRowInFolderRows" computerName="REDACTED" duration="00:00:00.0024767" startTime="2026-09-03T23:38:59.1643198-04:00" endTime="2026-09-03T23:38:59.1693166-04:00" testType="13cdc9d9-ddb5-4fa4-a97d-d965ccfc6d4b" outcome="Passed" testListId="8c84fa94-04c1-424b-9868-57a2d4851a1d" relativeResultsDirectory="96a0b8e3-f7a7-489e-9f26-5fcfb3350d38" />
    <UnitTestResult executionId="8f56605b-0763-432e-87aa-3c69345e8978" testId="1aa7c8b3-26cf-83b2-9de1-f50217f93a9e" testName="AsyncVoidBoundary_WhenFaulted_LogsOnceAndDoesNotThrow (&quot;ButtonDeleteClickAsync&quot;)" computerName="REDACTED" duration="00:00:00.0005105" startTime="2026-09-03T23:38:59.1488670-04:00" endTime="2026-09-03T23:38:59.1498670-04:00" testType="13cdc9d9-ddb5-4fa4-a97d-d965ccfc6d4b" outcome="Passed" testListId="8c84fa94-04c1-424b-9868-57a2d4851a1d" relativeResultsDirectory="8f56605b-0763-432e-87aa-3c69345e8978" />
    <UnitTestResult executionId="72f2a967-f8ce-4da8-b0c0-32cbcd58686e" testId="1bda68ff-946e-85f1-bc3f-09153b991fd0" testName="MoveToFolderAsync_WhenArchiveRootIsCrossStoreUnresolvable_ReturnsFalseInsteadOfThrowing" computerName="REDACTED" duration="00:00:00.0011408" startTime="2026-09-03T23:38:59.0080677-04:00" endTime="2026-09-03T23:38:59.0105844-04:00" testType="13cdc9d9-ddb5-4fa4-a97d-d965ccfc6d4b" outcome="Passed" testListId="8c84fa94-04c1-424b-9868-57a2d4851a1d" relativeResultsDirectory="72f2a967-f8ce-4da8-b0c0-32cbcd58686e" />
    <UnitTestResult executionId="d54ae5ca-97d1-435f-9607-50c20bc03fff" testId="12905a65-5e20-80dd-8c82-5cd4919215e6" testName="FormDarkMode_OnAllFieldsNullController_ReturnsFalseAndDoesNotThrow" computerName="REDACTED" duration="00:00:00.0012454" startTime="2026-09-03T23:38:59.0730033-04:00" endTime="2026-09-03T23:38:59.0740074-04:00" testType="13cdc9d9-ddb5-4fa4-a97d-d965ccfc6d4b" outcome="Passed" testListId="8c84fa94-04c1-424b-9868-57a2d4851a1d" relativeResultsDirectory="d54ae5ca-97d1-435f-9607-50c20bc03fff" />
    <UnitTestResult executionId="b71c75ae-16e3-40da-acb7-a4721bf3e7fb" testId="1a8ade18-5cac-876a-b37d-2994dcf5ac51" testName="MoveToFolderAsync_WhenArchiveRootIsUnresolvable_ReturnsFalseInsteadOfThrowing" computerName="REDACTED" duration="00:00:00.1269094" startTime="2026-09-03T23:38:58.7674792-04:00" endTime="2026-09-03T23:38:59.0080677-04:00" testType="13cdc9d9-ddb5-4fa4-a97d-d965ccfc6d4b" outcome="Passed" testListId="8c84fa94-04c1-424b-9868-57a2d4851a1d" relativeResultsDirectory="b71c75ae-16e3-40da-acb7-a4721bf3e7fb" />
    <UnitTestResult executionId="69d6beb9-29c7-4c20-92ed-b0d1b3b0eff8" testId="1ea728b1-c272-89f9-8d18-d65941e417a1" testName="OpenOlFolderAsync_WhenOneDriveIsMissing_ReturnsWithoutReadingArchiveRoot" computerName="REDACTED" duration="00:00:00.0006975" startTime="2026-09-03T23:38:59.0408011-04:00" endTime="2026-09-03T23:38:59.0418024-04:00" testType="13cdc9d9-ddb5-4fa4-a97d-d965ccfc6d4b" outcome="Passed" testListId="8c84fa94-04c1-424b-9868-57a2d4851a1d" relativeResultsDirectory="69d6beb9-29c7-4c20-92ed-b0d1b3b0eff8" />
    <UnitTestResult executionId="c2355f1d-2b6c-4151-b4b8-b4ca22c2463c" testId="1cbef776-6ac6-8597-a153-70cbc1f50c56" testName="FormLoadTheme_OnAllFieldsNullController_DoesNotThrow" computerName="REDACTED" duration="00:00:00.0002046" startTime="2026-09-03T23:38:59.0760105-04:00" endTime="2026-09-03T23:38:59.0760105-04:00" testType="13cdc9d9-ddb5-4fa4-a97d-d965ccfc6d4b" outcome="Passed" testListId="8c84fa94-04c1-424b-9868-57a2d4851a1d" relativeResultsDirectory="c2355f1d-2b6c-4151-b4b8-b4ca22c2463c" />
    <UnitTestResult executionId="584259f4-e226-485b-a30a-e7a31eaed135" testId="1ed6059b-feee-8ba2-b3ad-bda04ea1f355" testName="OpenFsFolderAsync_WhenOneDriveIsMissing_ReturnsWithoutReadingArchiveRoot" computerName="REDACTED" duration="00:00:00.0007054" startTime="2026-09-03T23:38:59.0418024-04:00" endTime="2026-09-03T23:38:59.0448024-04:00" testType="13cdc9d9-ddb5-4fa4-a97d-d965ccfc6d4b" outcome="Passed" testListId="8c84fa94-04c1-424b-9868-57a2d4851a1d" relativeResultsDirectory="584259f4-e226-485b-a30a-e7a31eaed135" />
    <UnitTestResult executionId="9fcc73af-e732-4cc0-b3e6-d04fb721dc01" testId="1b805695-1246-8c0c-9730-5f571322b32c" testName="IsBannerRow_ClassifiesByTheFourCharacterPrefix" computerName="REDACTED" duration="00:00:00.0017533" startTime="2026-09-03T23:38:59.1693166-04:00" endTime="2026-09-03T23:38:59.1703254-04:00" testType="13cdc9d9-ddb5-4fa4-a97d-d965ccfc6d4b" outcome="Passed" testListId="8c84fa94-04c1-424b-9868-57a2d4851a1d" relativeResultsDirectory="9fcc73af-e732-4cc0-b3e6-d04fb721dc01" />
    <UnitTestResult executionId="340bd32a-2803-49a9-8722-d57d3fcfeaad" testId="1d537941-1382-8ef4-9782-f593d7951eed" testName="AsyncVoidBoundary_WhenFaulted_LogsOnceAndDoesNotThrow (&quot;ButtonRefreshClickAsync&quot;)" computerName="REDACTED" duration="00:00:00.0003090" startTime="2026-09-03T23:38:59.1478640-04:00" endTime="2026-09-03T23:38:59.1478640-04:00" testType="13cdc9d9-ddb5-4fa4-a97d-d965ccfc6d4b" outcome="Passed" testListId="8c84fa94-04c1-424b-9868-57a2d4851a1d" relativeResultsDirectory="340bd32a-2803-49a9-8722-d57d3fcfeaad" />
    <UnitTestResult executionId="3038f34c-ee1a-40df-b4eb-621545a5a17d" testId="190f383b-3c90-81ed-95a6-96f33f1441e3" testName="FormCleanup_InvokesParentCleanupExactlyOnce" computerName="REDACTED" duration="00:00:00.0214645" startTime="2026-09-03T23:38:59.0770100-04:00" endTime="2026-09-03T23:38:59.0987069-04:00" testType="13cdc9d9-ddb5-4fa4-a97d-d965ccfc6d4b" outcome="Passed" testListId="8c84fa94-04c1-424b-9868-57a2d4851a1d" relativeResultsDirectory="3038f34c-ee1a-40df-b4eb-621545a5a17d" />
    <UnitTestResult executionId="bdb13d56-941e-4410-8fe4-5f8f43b68027" testId="1862c1ff-d561-8bef-af34-9b42681dc5b4" testName="MoveToFolderAsync_WhenOneDriveIsMissing_ReturnsFalseWithoutReadingArchiveRoot" computerName="REDACTED" duration="00:00:00.0009529" startTime="2026-09-03T23:38:59.0388031-04:00" endTime="2026-09-03T23:38:59.0398001-04:00" testType="13cdc9d9-ddb5-4fa4-a97d-d965ccfc6d4b" outcome="Passed" testListId="8c84fa94-04c1-424b-9868-57a2d4851a1d" relativeResultsDirectory="bdb13d56-941e-4410-8fe4-5f8f43b68027" />
    <UnitTestResult executionId="7b9ce77a-dc4a-4f1b-8b66-df716071589b" testId="1e7eb9b5-4908-8450-9478-7aab26ea588a" testName="FormCleanup_CalledTwice_DoesNotThrow" computerName="REDACTED" duration="00:00:00.0011364" startTime="2026-09-03T23:38:59.0760105-04:00" endTime="2026-09-03T23:38:59.0770100-04:00" testType="13cdc9d9-ddb5-4fa4-a97d-d965ccfc6d4b" outcome="Passed" testListId="8c84fa94-04c1-424b-9868-57a2d4851a1d" relativeResultsDirectory="7b9ce77a-dc4a-4f1b-8b66-df716071589b" />
    <UnitTestResult executionId="e5dfd04b-3944-4664-bcbc-8c45cefd1985" testId="1755b826-b33e-89bd-8cd7-ce316601291e" testName="IsSelectableFolder_AndIsBannerRow_ClassifyThreeAndFourEqualsRowsIdentically" computerName="REDACTED" duration="00:00:00.0005441" startTime="2026-09-03T23:38:59.1713240-04:00" endTime="2026-09-03T23:38:59.1733244-04:00" testType="13cdc9d9-ddb5-4fa4-a97d-d965ccfc6d4b" outcome="Passed" testListId="8c84fa94-04c1-424b-9868-57a2d4851a1d" relativeResultsDirectory="e5dfd04b-3944-4664-bcbc-8c45cefd1985" />
    <UnitTestResult executionId="9298d407-ac00-42b1-9673-1f8aab3f84e5" testId="1fd33777-7849-8a65-ba83-90bcd2374666" testName="MoveToFolderAsync_WhenArchiveRootThrowsComException_StillPropagates" computerName="REDACTED" duration="00:00:00.0015350" startTime="2026-09-03T23:38:59.0398001-04:00" endTime="2026-09-03T23:38:59.0408011-04:00" testType="13cdc9d9-ddb5-4fa4-a97d-d965ccfc6d4b" outcome="Passed" testListId="8c84fa94-04c1-424b-9868-57a2d4851a1d" relativeResultsDirectory="9298d407-ac00-42b1-9673-1f8aab3f84e5" />
    <UnitTestResult executionId="84afc5df-8131-4e9f-94af-0fea230022c3" testId="1adeb042-c861-85f9-b595-b937c1b63991" testName="PopulateFolderCombobox_WhenDataModelFaults_LogsOnceAndDoesNotFault" computerName="REDACTED" duration="00:00:00.0004628" startTime="2026-09-03T23:38:59.1498670-04:00" endTime="2026-09-03T23:38:59.1508670-04:00" testType="13cdc9d9-ddb5-4fa4-a97d-d965ccfc6d4b" outcome="Passed" testListId="8c84fa94-04c1-424b-9868-57a2d4851a1d" relativeResultsDirectory="84afc5df-8131-4e9f-94af-0fea230022c3" />
    <UnitTestResult executionId="41200ed7-7ce7-4cd7-892f-e5ba04d01e6f" testId="10c08a85-67e3-8774-a82d-252ee847ea15" testName="MoveToFolderAsync_WhenMailInfoIsNull_ReturnsFalseWithoutReadingArchiveRoot" computerName="REDACTED" duration="00:00:00.0009166" startTime="2026-09-03T23:38:59.0318024-04:00" endTime="2026-09-03T23:38:59.0328024-04:00" testType="13cdc9d9-ddb5-4fa4-a97d-d965ccfc6d4b" outcome="Passed" testListId="8c84fa94-04c1-424b-9868-57a2d4851a1d" relativeResultsDirectory="41200ed7-7ce7-4cd7-892f-e5ba04d01e6f" />
    <UnitTestResult executionId="50b6547c-f9b3-4720-a3af-ce87c81a265c" testId="1136d340-cd0a-865e-bf6a-74f57a022fdc" testName="OpenOlFolderAsync_WhenArchiveRootIsUnresolvable_ReportsAndReturns" computerName="REDACTED" duration="00:00:00.0036198" startTime="2026-09-03T23:38:59.0105844-04:00" endTime="2026-09-03T23:38:59.0135834-04:00" testType="13cdc9d9-ddb5-4fa4-a97d-d965ccfc6d4b" outcome="Passed" testListId="8c84fa94-04c1-424b-9868-57a2d4851a1d" relativeResultsDirectory="50b6547c-f9b3-4720-a3af-ce87c81a265c" />
    <UnitTestResult executionId="828e7196-702b-4e9d-8ef1-02bbdf34e343" testId="16e12bb4-50e4-8f49-87a9-1e9a3da8812e" testName="PopulateFolderCombobox_WhenFormViewerIsNull_ReturnsWithoutTouchingDataModel" computerName="REDACTED" duration="00:00:00.0534454" startTime="2026-09-03T23:38:58.7644764-04:00" endTime="2026-09-03T23:38:58.9393017-04:00" testType="13cdc9d9-ddb5-4fa4-a97d-d965ccfc6d4b" outcome="Passed" testListId="8c84fa94-04c1-424b-9868-57a2d4851a1d" relativeResultsDirectory="828e7196-702b-4e9d-8ef1-02bbdf34e343">
      <Output>
        <StdOut>Warning:&#xD;
     The component "Fluent Assertions" is governed by the rules defined in the Xceed License Agreement and&#xD;
     the Xceed Fluent Assertions Community License. You may use Fluent Assertions free of charge for&#xD;
     non-commercial use only. An active subscription is required to use Fluent Assertions for commercial use.&#xD;
&#xD;
     Please contact Xceed Sales mailto:sales@xceed.com to acquire a subscription at a very low cost.&#xD;
&#xD;
     A paid commercial license supports the development and continued increasing support of&#xD;
     Fluent Assertions users under both commercial and community licenses. Help us&#xD;
     keep Fluent Assertions at the forefront of unit testing.&#xD;
&#xD;
     For more information, visit https://xceed.com/products/unit-testing/fluent-assertions/&#xD;
&#xD;
&#xD;
&#xD;
Debug Trace:&#xD;
     Warning:&#xD;
     The component "Fluent Assertions" is governed by the rules defined in the Xceed License Agreement and&#xD;
     the Xceed Fluent Assertions Community License. You may use Fluent Assertions free of charge for&#xD;
     non-commercial use only. An active subscription is required to use Fluent Assertions for commercial use.&#xD;
&#xD;
     Please contact Xceed Sales mailto:sales@xceed.com to acquire a subscription at a very low cost.&#xD;
&#xD;
     A paid commercial license supports the development and continued increasing support of&#xD;
     Fluent Assertions users under both commercial and community licenses. Help us&#xD;
     keep Fluent Assertions at the forefront of unit testing.&#xD;
&#xD;
     For more information, visit https://xceed.com/products/unit-testing/fluent-assertions/</StdOut>
      </Output>
    </UnitTestResult>
    <UnitTestResult executionId="1dbda6dd-1310-4bb9-983d-8b3777c0c9bf" testId="15cd544e-6120-830e-8d2f-8b484467dfa6" testName="OpenFsFolderAsync_WhenArchiveRootIsUnresolvable_ReportsAndReturns" computerName="REDACTED" duration="00:00:00.0012477" startTime="2026-09-03T23:38:59.0135834-04:00" endTime="2026-09-03T23:38:59.0155834-04:00" testType="13cdc9d9-ddb5-4fa4-a97d-d965ccfc6d4b" outcome="Passed" testListId="8c84fa94-04c1-424b-9868-57a2d4851a1d" relativeResultsDirectory="1dbda6dd-1310-4bb9-983d-8b3777c0c9bf" />
    <UnitTestResult executionId="44b3a4df-a3db-4c26-afc0-3b7204004f9d" testId="15ad3b63-f33d-8476-b6c3-2a8c6b66d06b" testName="AsyncVoidBoundary_WhenFaulted_LogsOnceAndDoesNotThrow (&quot;ButtonOkClickAsync&quot;)" computerName="REDACTED" duration="00:00:00.0003364" startTime="2026-09-03T23:38:59.1468582-04:00" endTime="2026-09-03T23:38:59.1478640-04:00" testType="13cdc9d9-ddb5-4fa4-a97d-d965ccfc6d4b" outcome="Passed" testListId="8c84fa94-04c1-424b-9868-57a2d4851a1d" relativeResultsDirectory="44b3a4df-a3db-4c26-afc0-3b7204004f9d" />
    <UnitTestResult executionId="5d8d618c-02b5-4430-bfa5-c3c1b418bea0" testId="1c0c9759-ec2a-8d00-9540-2882da45cd42" testName="MoveToFolderAsync_WhenArchiveRootResolves_StillReadsItOnce" computerName="REDACTED" duration="00:00:00.0138676" startTime="2026-09-03T23:38:59.0170947-04:00" endTime="2026-09-03T23:38:59.0318024-04:00" testType="13cdc9d9-ddb5-4fa4-a97d-d965ccfc6d4b" outcome="Passed" testListId="8c84fa94-04c1-424b-9868-57a2d4851a1d" relativeResultsDirectory="5d8d618c-02b5-4430-bfa5-c3c1b418bea0" />
    <UnitTestResult executionId="8a39331e-7803-4fcc-995e-d179cc0c9058" testId="12623ccd-9bf4-83e5-896e-c86572aa9cc6" testName="Issue439BindBreadcrumbRowsAsync_SubmitsArchiveRootToRealRouter" computerName="REDACTED" duration="00:00:00.1253834" startTime="2026-09-03T23:38:58.9462952-04:00" endTime="2026-09-03T23:38:59.0730033-04:00" testType="13cdc9d9-ddb5-4fa4-a97d-d965ccfc6d4b" outcome="Passed" testListId="8c84fa94-04c1-424b-9868-57a2d4851a1d" relativeResultsDirectory="8a39331e-7803-4fcc-995e-d179cc0c9058" />
  </Results>
  <TestDefinitions>
    <UnitTest name="MoveToFolderAsync_WhenMailInfoIsNull_ReturnsFalseWithoutReadingArchiveRoot" storage="c:\users\REDACTED\repos\taskmaster\.claude\worktrees\agent-a9f3f171e35df71ef\quickfiler.test\bin\debug\quickfiler.test.dll" id="10c08a85-67e3-8774-a82d-252ee847ea15">
      <Execution id="41200ed7-7ce7-4cd7-892f-e5ba04d01e6f" />
      <TestMethod codeBase="C:\Users\REDACTED\repos\TaskMaster\.claude\worktrees\agent-a9f3f171e35df71ef\QuickFiler.Test\bin\Debug\QuickFiler.Test.dll" adapterTypeName="executor://mstestadapter/v4" className="QuickFiler.Test.Controllers.EfcDataModelArchiveRootTests" name="MoveToFolderAsync_WhenMailInfoIsNull_ReturnsFalseWithoutReadingArchiveRoot" />
    </UnitTest>
    <UnitTest name="FormCleanup_InvokesParentCleanupExactlyOnce" storage="c:\users\REDACTED\repos\taskmaster\.claude\worktrees\agent-a9f3f171e35df71ef\quickfiler.test\bin\debug\quickfiler.test.dll" id="190f383b-3c90-81ed-95a6-96f33f1441e3">
      <Execution id="3038f34c-ee1a-40df-b4eb-621545a5a17d" />
      <TestMethod codeBase="C:\Users\REDACTED\repos\TaskMaster\.claude\worktrees\agent-a9f3f171e35df71ef\QuickFiler.Test\bin\Debug\QuickFiler.Test.dll" adapterTypeName="executor://mstestadapter/v4" className="QuickFiler.Controllers.Tests.EfcFormControllerTests" name="FormCleanup_InvokesParentCleanupExactlyOnce" />
    </UnitTest>
    <UnitTest name="AsyncVoidBoundary_WhenFaulted_LogsOnceAndDoesNotThrow (&quot;ButtonCancelClickAsync&quot;)" storage="c:\users\REDACTED\repos\taskmaster\.claude\worktrees\agent-a9f3f171e35df71ef\quickfiler.test\bin\debug\quickfiler.test.dll" id="15f6bdcf-a6a4-8a38-b5bd-802734c1d035">
      <Execution id="cf783ef6-3623-459c-b03c-ec5933eafcff" />
      <TestMethod codeBase="C:\Users\REDACTED\repos\TaskMaster\.claude\worktrees\agent-a9f3f171e35df71ef\QuickFiler.Test\bin\Debug\QuickFiler.Test.dll" adapterTypeName="executor://mstestadapter/v4" className="QuickFiler.Controllers.Tests.EfcFormControllerTests" name="AsyncVoidBoundary_WhenFaulted_LogsOnceAndDoesNotThrow" />
    </UnitTest>
    <UnitTest name="AsyncVoidBoundary_WhenFaulted_LogsOnceAndDoesNotThrow (&quot;ButtonOkClickAsync&quot;)" storage="c:\users\REDACTED\repos\taskmaster\.claude\worktrees\agent-a9f3f171e35df71ef\quickfiler.test\bin\debug\quickfiler.test.dll" id="15ad3b63-f33d-8476-b6c3-2a8c6b66d06b">
      <Execution id="44b3a4df-a3db-4c26-afc0-3b7204004f9d" />
      <TestMethod codeBase="C:\Users\REDACTED\repos\TaskMaster\.claude\worktrees\agent-a9f3f171e35df71ef\QuickFiler.Test\bin\Debug\QuickFiler.Test.dll" adapterTypeName="executor://mstestadapter/v4" className="QuickFiler.Controllers.Tests.EfcFormControllerTests" name="AsyncVoidBoundary_WhenFaulted_LogsOnceAndDoesNotThrow" />
    </UnitTest>
    <UnitTest name="PopulateFolderCombobox_WhenDataModelFaults_LogsOnceAndDoesNotFault" storage="c:\users\REDACTED\repos\taskmaster\.claude\worktrees\agent-a9f3f171e35df71ef\quickfiler.test\bin\debug\quickfiler.test.dll" id="1adeb042-c861-85f9-b595-b937c1b63991">
      <Execution id="84afc5df-8131-4e9f-94af-0fea230022c3" />
      <TestMethod codeBase="C:\Users\REDACTED\repos\TaskMaster\.claude\worktrees\agent-a9f3f171e35df71ef\QuickFiler.Test\bin\Debug\QuickFiler.Test.dll" adapterTypeName="executor://mstestadapter/v4" className="QuickFiler.Controllers.Tests.EfcFormControllerTests" name="PopulateFolderCombobox_WhenDataModelFaults_LogsOnceAndDoesNotFault" />
    </UnitTest>
    <UnitTest name="ArchiveRootFailureDiagnostic_DoesNotContainTheArchivePathOrMailboxAddress" storage="c:\users\REDACTED\repos\taskmaster\.claude\worktrees\agent-a9f3f171e35df71ef\quickfiler.test\bin\debug\quickfiler.test.dll" id="1eef43c9-db4f-83d6-9792-82aec0701edf">
      <Execution id="c6b712e4-5147-4efd-a69b-b1726e315703" />
      <TestMethod codeBase="C:\Users\REDACTED\repos\TaskMaster\.claude\worktrees\agent-a9f3f171e35df71ef\QuickFiler.Test\bin\Debug\QuickFiler.Test.dll" adapterTypeName="executor://mstestadapter/v4" className="QuickFiler.Test.Controllers.EfcDataModelArchiveRootTests" name="ArchiveRootFailureDiagnostic_DoesNotContainTheArchivePathOrMailboxAddress" />
    </UnitTest>
    <UnitTest name="FormDarkMode_OnAllFieldsNullController_ReturnsFalseAndDoesNotThrow" storage="c:\users\REDACTED\repos\taskmaster\.claude\worktrees\agent-a9f3f171e35df71ef\quickfiler.test\bin\debug\quickfiler.test.dll" id="12905a65-5e20-80dd-8c82-5cd4919215e6">
      <Execution id="d54ae5ca-97d1-435f-9607-50c20bc03fff" />
      <TestMethod codeBase="C:\Users\REDACTED\repos\TaskMaster\.claude\worktrees\agent-a9f3f171e35df71ef\QuickFiler.Test\bin\Debug\QuickFiler.Test.dll" adapterTypeName="executor://mstestadapter/v4" className="QuickFiler.Controllers.Tests.EfcFormControllerTests" name="FormDarkMode_OnAllFieldsNullController_ReturnsFalseAndDoesNotThrow" />
    </UnitTest>
    <UnitTest name="IsSelectableFolder_AndIsBannerRow_ClassifyThreeAndFourEqualsRowsIdentically" storage="c:\users\REDACTED\repos\taskmaster\.claude\worktrees\agent-a9f3f171e35df71ef\quickfiler.test\bin\debug\quickfiler.test.dll" id="1755b826-b33e-89bd-8cd7-ce316601291e">
      <Execution id="e5dfd04b-3944-4664-bcbc-8c45cefd1985" />
      <TestMethod codeBase="C:\Users\REDACTED\repos\TaskMaster\.claude\worktrees\agent-a9f3f171e35df71ef\QuickFiler.Test\bin\Debug\QuickFiler.Test.dll" adapterTypeName="executor://mstestadapter/v4" className="QuickFiler.Controllers.Tests.EfcFormControllerTests" name="IsSelectableFolder_AndIsBannerRow_ClassifyThreeAndFourEqualsRowsIdentically" />
    </UnitTest>
    <UnitTest name="MoveToFolderAsync_WhenArchiveRootIsUnresolvable_ReturnsFalseInsteadOfThrowing" storage="c:\users\REDACTED\repos\taskmaster\.claude\worktrees\agent-a9f3f171e35df71ef\quickfiler.test\bin\debug\quickfiler.test.dll" id="1a8ade18-5cac-876a-b37d-2994dcf5ac51">
      <Execution id="b71c75ae-16e3-40da-acb7-a4721bf3e7fb" />
      <TestMethod codeBase="C:\Users\REDACTED\repos\TaskMaster\.claude\worktrees\agent-a9f3f171e35df71ef\QuickFiler.Test\bin\Debug\QuickFiler.Test.dll" adapterTypeName="executor://mstestadapter/v4" className="QuickFiler.Test.Controllers.EfcDataModelArchiveRootTests" name="MoveToFolderAsync_WhenArchiveRootIsUnresolvable_ReturnsFalseInsteadOfThrowing" />
    </UnitTest>
    <UnitTest name="FormCleanup_CalledTwice_DoesNotThrow" storage="c:\users\REDACTED\repos\taskmaster\.claude\worktrees\agent-a9f3f171e35df71ef\quickfiler.test\bin\debug\quickfiler.test.dll" id="1e7eb9b5-4908-8450-9478-7aab26ea588a">
      <Execution id="7b9ce77a-dc4a-4f1b-8b66-df716071589b" />
      <TestMethod codeBase="C:\Users\REDACTED\repos\TaskMaster\.claude\worktrees\agent-a9f3f171e35df71ef\QuickFiler.Test\bin\Debug\QuickFiler.Test.dll" adapterTypeName="executor://mstestadapter/v4" className="QuickFiler.Controllers.Tests.EfcFormControllerTests" name="FormCleanup_CalledTwice_DoesNotThrow" />
    </UnitTest>
    <UnitTest name="OpenOlFolderAsync_WhenArchiveRootIsUnresolvable_ReportsAndReturns" storage="c:\users\REDACTED\repos\taskmaster\.claude\worktrees\agent-a9f3f171e35df71ef\quickfiler.test\bin\debug\quickfiler.test.dll" id="1136d340-cd0a-865e-bf6a-74f57a022fdc">
      <Execution id="50b6547c-f9b3-4720-a3af-ce87c81a265c" />
      <TestMethod codeBase="C:\Users\REDACTED\repos\TaskMaster\.claude\worktrees\agent-a9f3f171e35df71ef\QuickFiler.Test\bin\Debug\QuickFiler.Test.dll" adapterTypeName="executor://mstestadapter/v4" className="QuickFiler.Test.Controllers.EfcDataModelArchiveRootTests" name="OpenOlFolderAsync_WhenArchiveRootIsUnresolvable_ReportsAndReturns" />
    </UnitTest>
    <UnitTest name="Issue439BindBreadcrumbRowsAsync_SubmitsArchiveRootToRealRouter" storage="c:\users\REDACTED\repos\taskmaster\.claude\worktrees\agent-a9f3f171e35df71ef\quickfiler.test\bin\debug\quickfiler.test.dll" id="12623ccd-9bf4-83e5-896e-c86572aa9cc6">
      <Execution id="8a39331e-7803-4fcc-995e-d179cc0c9058" />
      <TestMethod codeBase="C:\Users\REDACTED\repos\TaskMaster\.claude\worktrees\agent-a9f3f171e35df71ef\QuickFiler.Test\bin\Debug\QuickFiler.Test.dll" adapterTypeName="executor://mstestadapter/v4" className="QuickFiler.Controllers.Tests.EfcFormControllerTests" name="Issue439BindBreadcrumbRowsAsync_SubmitsArchiveRootToRealRouter" />
    </UnitTest>
    <UnitTest name="AsyncVoidBoundary_WhenFaulted_LogsOnceAndDoesNotThrow (&quot;ButtonRefreshClickAsync&quot;)" storage="c:\users\REDACTED\repos\taskmaster\.claude\worktrees\agent-a9f3f171e35df71ef\quickfiler.test\bin\debug\quickfiler.test.dll" id="1d537941-1382-8ef4-9782-f593d7951eed">
      <Execution id="340bd32a-2803-49a9-8722-d57d3fcfeaad" />
      <TestMethod codeBase="C:\Users\REDACTED\repos\TaskMaster\.claude\worktrees\agent-a9f3f171e35df71ef\QuickFiler.Test\bin\Debug\QuickFiler.Test.dll" adapterTypeName="executor://mstestadapter/v4" className="QuickFiler.Controllers.Tests.EfcFormControllerTests" name="AsyncVoidBoundary_WhenFaulted_LogsOnceAndDoesNotThrow" />
    </UnitTest>
    <UnitTest name="MoveToFolderAsync_WhenArchiveRootThrowsComException_StillPropagates" storage="c:\users\REDACTED\repos\taskmaster\.claude\worktrees\agent-a9f3f171e35df71ef\quickfiler.test\bin\debug\quickfiler.test.dll" id="1fd33777-7849-8a65-ba83-90bcd2374666">
      <Execution id="9298d407-ac00-42b1-9673-1f8aab3f84e5" />
      <TestMethod codeBase="C:\Users\REDACTED\repos\TaskMaster\.claude\worktrees\agent-a9f3f171e35df71ef\QuickFiler.Test\bin\Debug\QuickFiler.Test.dll" adapterTypeName="executor://mstestadapter/v4" className="QuickFiler.Test.Controllers.EfcDataModelArchiveRootTests" name="MoveToFolderAsync_WhenArchiveRootThrowsComException_StillPropagates" />
    </UnitTest>
    <UnitTest name="MoveToFolderAsync_WhenArchiveRootResolves_StillReadsItOnce" storage="c:\users\REDACTED\repos\taskmaster\.claude\worktrees\agent-a9f3f171e35df71ef\quickfiler.test\bin\debug\quickfiler.test.dll" id="1c0c9759-ec2a-8d00-9540-2882da45cd42">
      <Execution id="5d8d618c-02b5-4430-bfa5-c3c1b418bea0" />
      <TestMethod codeBase="C:\Users\REDACTED\repos\TaskMaster\.claude\worktrees\agent-a9f3f171e35df71ef\QuickFiler.Test\bin\Debug\QuickFiler.Test.dll" adapterTypeName="executor://mstestadapter/v4" className="QuickFiler.Test.Controllers.EfcDataModelArchiveRootTests" name="MoveToFolderAsync_WhenArchiveRootResolves_StillReadsItOnce" />
    </UnitTest>
    <UnitTest name="FormActiveTheme_OnAllFieldsNullController_ReturnsBackingFieldAndDoesNotThrow" storage="c:\users\REDACTED\repos\taskmaster\.claude\worktrees\agent-a9f3f171e35df71ef\quickfiler.test\bin\debug\quickfiler.test.dll" id="1cdfafb1-bc79-8436-8f6c-80e5b466a779">
      <Execution id="061b0370-52dc-4b81-a829-58fb42c9dc98" />
      <TestMethod codeBase="C:\Users\REDACTED\repos\TaskMaster\.claude\worktrees\agent-a9f3f171e35df71ef\QuickFiler.Test\bin\Debug\QuickFiler.Test.dll" adapterTypeName="executor://mstestadapter/v4" className="QuickFiler.Controllers.Tests.EfcFormControllerTests" name="FormActiveTheme_OnAllFieldsNullController_ReturnsBackingFieldAndDoesNotThrow" />
    </UnitTest>
    <UnitTest name="OpenOlFolderAsync_WhenOneDriveIsMissing_ReturnsWithoutReadingArchiveRoot" storage="c:\users\REDACTED\repos\taskmaster\.claude\worktrees\agent-a9f3f171e35df71ef\quickfiler.test\bin\debug\quickfiler.test.dll" id="1ea728b1-c272-89f9-8d18-d65941e417a1">
      <Execution id="69d6beb9-29c7-4c20-92ed-b0d1b3b0eff8" />
      <TestMethod codeBase="C:\Users\REDACTED\repos\TaskMaster\.claude\worktrees\agent-a9f3f171e35df71ef\QuickFiler.Test\bin\Debug\QuickFiler.Test.dll" adapterTypeName="executor://mstestadapter/v4" className="QuickFiler.Test.Controllers.EfcDataModelArchiveRootTests" name="OpenOlFolderAsync_WhenOneDriveIsMissing_ReturnsWithoutReadingArchiveRoot" />
    </UnitTest>
    <UnitTest name="MoveToFolderAsync_WhenOneDriveIsMissing_ReturnsFalseWithoutReadingArchiveRoot" storage="c:\users\REDACTED\repos\taskmaster\.claude\worktrees\agent-a9f3f171e35df71ef\quickfiler.test\bin\debug\quickfiler.test.dll" id="1862c1ff-d561-8bef-af34-9b42681dc5b4">
      <Execution id="bdb13d56-941e-4410-8fe4-5f8f43b68027" />
      <TestMethod codeBase="C:\Users\REDACTED\repos\TaskMaster\.claude\worktrees\agent-a9f3f171e35df71ef\QuickFiler.Test\bin\Debug\QuickFiler.Test.dll" adapterTypeName="executor://mstestadapter/v4" className="QuickFiler.Test.Controllers.EfcDataModelArchiveRootTests" name="MoveToFolderAsync_WhenOneDriveIsMissing_ReturnsFalseWithoutReadingArchiveRoot" />
    </UnitTest>
    <UnitTest name="OpenFsFolderAsync_WhenOneDriveIsMissing_ReturnsWithoutReadingArchiveRoot" storage="c:\users\REDACTED\repos\taskmaster\.claude\worktrees\agent-a9f3f171e35df71ef\quickfiler.test\bin\debug\quickfiler.test.dll" id="1ed6059b-feee-8ba2-b3ad-bda04ea1f355">
      <Execution id="584259f4-e226-485b-a30a-e7a31eaed135" />
      <TestMethod codeBase="C:\Users\REDACTED\repos\TaskMaster\.claude\worktrees\agent-a9f3f171e35df71ef\QuickFiler.Test\bin\Debug\QuickFiler.Test.dll" adapterTypeName="executor://mstestadapter/v4" className="QuickFiler.Test.Controllers.EfcDataModelArchiveRootTests" name="OpenFsFolderAsync_WhenOneDriveIsMissing_ReturnsWithoutReadingArchiveRoot" />
    </UnitTest>
    <UnitTest name="OpenFsFolderAsync_WhenArchiveRootIsUnresolvable_ReportsAndReturns" storage="c:\users\REDACTED\repos\taskmaster\.claude\worktrees\agent-a9f3f171e35df71ef\quickfiler.test\bin\debug\quickfiler.test.dll" id="15cd544e-6120-830e-8d2f-8b484467dfa6">
      <Execution id="1dbda6dd-1310-4bb9-983d-8b3777c0c9bf" />
      <TestMethod codeBase="C:\Users\REDACTED\repos\TaskMaster\.claude\worktrees\agent-a9f3f171e35df71ef\QuickFiler.Test\bin\Debug\QuickFiler.Test.dll" adapterTypeName="executor://mstestadapter/v4" className="QuickFiler.Test.Controllers.EfcDataModelArchiveRootTests" name="OpenFsFolderAsync_WhenArchiveRootIsUnresolvable_ReportsAndReturns" />
    </UnitTest>
    <UnitTest name="AsyncVoidBoundary_WhenFaulted_LogsOnceAndDoesNotThrow (&quot;ButtonDeleteClickAsync&quot;)" storage="c:\users\REDACTED\repos\taskmaster\.claude\worktrees\agent-a9f3f171e35df71ef\quickfiler.test\bin\debug\quickfiler.test.dll" id="1aa7c8b3-26cf-83b2-9de1-f50217f93a9e">
      <Execution id="8f56605b-0763-432e-87aa-3c69345e8978" />
      <TestMethod codeBase="C:\Users\REDACTED\repos\TaskMaster\.claude\worktrees\agent-a9f3f171e35df71ef\QuickFiler.Test\bin\Debug\QuickFiler.Test.dll" adapterTypeName="executor://mstestadapter/v4" className="QuickFiler.Controllers.Tests.EfcFormControllerTests" name="AsyncVoidBoundary_WhenFaulted_LogsOnceAndDoesNotThrow" />
    </UnitTest>
    <UnitTest name="PopulateFolderCombobox_WhenFormViewerIsNull_ReturnsWithoutTouchingDataModel" storage="c:\users\REDACTED\repos\taskmaster\.claude\worktrees\agent-a9f3f171e35df71ef\quickfiler.test\bin\debug\quickfiler.test.dll" id="16e12bb4-50e4-8f49-87a9-1e9a3da8812e">
      <Execution id="828e7196-702b-4e9d-8ef1-02bbdf34e343" />
      <TestMethod codeBase="C:\Users\REDACTED\repos\TaskMaster\.claude\worktrees\agent-a9f3f171e35df71ef\QuickFiler.Test\bin\Debug\QuickFiler.Test.dll" adapterTypeName="executor://mstestadapter/v4" className="QuickFiler.Controllers.Tests.EfcFormControllerTests" name="PopulateFolderCombobox_WhenFormViewerIsNull_ReturnsWithoutTouchingDataModel" />
    </UnitTest>
    <UnitTest name="FormLoadTheme_OnAllFieldsNullController_DoesNotThrow" storage="c:\users\REDACTED\repos\taskmaster\.claude\worktrees\agent-a9f3f171e35df71ef\quickfiler.test\bin\debug\quickfiler.test.dll" id="1cbef776-6ac6-8597-a153-70cbc1f50c56">
      <Execution id="c2355f1d-2b6c-4151-b4b8-b4ca22c2463c" />
      <TestMethod codeBase="C:\Users\REDACTED\repos\TaskMaster\.claude\worktrees\agent-a9f3f171e35df71ef\QuickFiler.Test\bin\Debug\QuickFiler.Test.dll" adapterTypeName="executor://mstestadapter/v4" className="QuickFiler.Controllers.Tests.EfcFormControllerTests" name="FormLoadTheme_OnAllFieldsNullController_DoesNotThrow" />
    </UnitTest>
    <UnitTest name="MoveToFolderAsync_WhenArchiveRootIsCrossStoreUnresolvable_ReturnsFalseInsteadOfThrowing" storage="c:\users\REDACTED\repos\taskmaster\.claude\worktrees\agent-a9f3f171e35df71ef\quickfiler.test\bin\debug\quickfiler.test.dll" id="1bda68ff-946e-85f1-bc3f-09153b991fd0">
      <Execution id="72f2a967-f8ce-4da8-b0c0-32cbcd58686e" />
      <TestMethod codeBase="C:\Users\REDACTED\repos\TaskMaster\.claude\worktrees\agent-a9f3f171e35df71ef\QuickFiler.Test\bin\Debug\QuickFiler.Test.dll" adapterTypeName="executor://mstestadapter/v4" className="QuickFiler.Test.Controllers.EfcDataModelArchiveRootTests" name="MoveToFolderAsync_WhenArchiveRootIsCrossStoreUnresolvable_ReturnsFalseInsteadOfThrowing" />
    </UnitTest>
    <UnitTest name="MatchesForSearchText_WithRepresentativeInput_ReturnsExpectedMatches" storage="c:\users\REDACTED\repos\taskmaster\.claude\worktrees\agent-a9f3f171e35df71ef\quickfiler.test\bin\debug\quickfiler.test.dll" id="1fdcc729-bf9c-8c97-bca3-cd38bda6c807">
      <Execution id="4c4e91fb-1342-428d-bd5b-170bbffc7148" />
      <TestMethod codeBase="C:\Users\REDACTED\repos\TaskMaster\.claude\worktrees\agent-a9f3f171e35df71ef\QuickFiler.Test\bin\Debug\QuickFiler.Test.dll" adapterTypeName="executor://mstestadapter/v4" className="QuickFiler.Controllers.Tests.EfcFormControllerTests" name="MatchesForSearchText_WithRepresentativeInput_ReturnsExpectedMatches" />
    </UnitTest>
    <UnitTest name="IsBannerRow_NullOrShortRow_ReturnsFalseWithoutThrowing" storage="c:\users\REDACTED\repos\taskmaster\.claude\worktrees\agent-a9f3f171e35df71ef\quickfiler.test\bin\debug\quickfiler.test.dll" id="10fa7ee1-1f59-89ec-bb6b-844b1b29f90a">
      <Execution id="12dad163-4bd3-4f8d-82da-4d25480e5663" />
      <TestMethod codeBase="C:\Users\REDACTED\repos\TaskMaster\.claude\worktrees\agent-a9f3f171e35df71ef\QuickFiler.Test\bin\Debug\QuickFiler.Test.dll" adapterTypeName="executor://mstestadapter/v4" className="QuickFiler.Controllers.Tests.EfcFormControllerTests" name="IsBannerRow_NullOrShortRow_ReturnsFalseWithoutThrowing" />
    </UnitTest>
    <UnitTest name="WithTrashRow_AppliedTwice_YieldsExactlyOneTrashRow" storage="c:\users\REDACTED\repos\taskmaster\.claude\worktrees\agent-a9f3f171e35df71ef\quickfiler.test\bin\debug\quickfiler.test.dll" id="1f4a3747-df86-89ad-b49e-3fa103dee4b2">
      <Execution id="23fb07a7-a8c9-4e0f-939c-258c40f9b9fa" />
      <TestMethod codeBase="C:\Users\REDACTED\repos\TaskMaster\.claude\worktrees\agent-a9f3f171e35df71ef\QuickFiler.Test\bin\Debug\QuickFiler.Test.dll" adapterTypeName="executor://mstestadapter/v4" className="QuickFiler.Controllers.Tests.EfcFormControllerTests" name="WithTrashRow_AppliedTwice_YieldsExactlyOneTrashRow" />
    </UnitTest>
    <UnitTest name="ActionDeleteAsync_AwaitedTwice_LeavesExactlyOneTrashRowInFolderRows" storage="c:\users\REDACTED\repos\taskmaster\.claude\worktrees\agent-a9f3f171e35df71ef\quickfiler.test\bin\debug\quickfiler.test.dll" id="1ec6a617-0982-8837-a5a2-f16df74440bc">
      <Execution id="96a0b8e3-f7a7-489e-9f26-5fcfb3350d38" />
      <TestMethod codeBase="C:\Users\REDACTED\repos\TaskMaster\.claude\worktrees\agent-a9f3f171e35df71ef\QuickFiler.Test\bin\Debug\QuickFiler.Test.dll" adapterTypeName="executor://mstestadapter/v4" className="QuickFiler.Controllers.Tests.EfcFormControllerTests" name="ActionDeleteAsync_AwaitedTwice_LeavesExactlyOneTrashRowInFolderRows" />
    </UnitTest>
    <UnitTest name="BoundaryErrorSink_DefaultDelegate_InvokesWithoutThrowing" storage="c:\users\REDACTED\repos\taskmaster\.claude\worktrees\agent-a9f3f171e35df71ef\quickfiler.test\bin\debug\quickfiler.test.dll" id="15efe720-c5cf-88b6-a104-58a9060fed2e">
      <Execution id="245ff316-4074-4220-8dee-109d1568f953" />
      <TestMethod codeBase="C:\Users\REDACTED\repos\TaskMaster\.claude\worktrees\agent-a9f3f171e35df71ef\QuickFiler.Test\bin\Debug\QuickFiler.Test.dll" adapterTypeName="executor://mstestadapter/v4" className="QuickFiler.Controllers.Tests.EfcFormControllerTests" name="BoundaryErrorSink_DefaultDelegate_InvokesWithoutThrowing" />
    </UnitTest>
    <UnitTest name="AsyncVoidBoundary_WhenFaulted_LogsOnceAndDoesNotThrow (&quot;ButtonCreateClickAsync&quot;)" storage="c:\users\REDACTED\repos\taskmaster\.claude\worktrees\agent-a9f3f171e35df71ef\quickfiler.test\bin\debug\quickfiler.test.dll" id="14c46de4-d0e2-873a-8867-1efecb62ffd2">
      <Execution id="11376ca3-ae38-4db1-9d0c-2460155f4328" />
      <TestMethod codeBase="C:\Users\REDACTED\repos\TaskMaster\.claude\worktrees\agent-a9f3f171e35df71ef\QuickFiler.Test\bin\Debug\QuickFiler.Test.dll" adapterTypeName="executor://mstestadapter/v4" className="QuickFiler.Controllers.Tests.EfcFormControllerTests" name="AsyncVoidBoundary_WhenFaulted_LogsOnceAndDoesNotThrow" />
    </UnitTest>
    <UnitTest name="IsBannerRow_ClassifiesByTheFourCharacterPrefix" storage="c:\users\REDACTED\repos\taskmaster\.claude\worktrees\agent-a9f3f171e35df71ef\quickfiler.test\bin\debug\quickfiler.test.dll" id="1b805695-1246-8c0c-9730-5f571322b32c">
      <Execution id="9fcc73af-e732-4cc0-b3e6-d04fb721dc01" />
      <TestMethod codeBase="C:\Users\REDACTED\repos\TaskMaster\.claude\worktrees\agent-a9f3f171e35df71ef\QuickFiler.Test\bin\Debug\QuickFiler.Test.dll" adapterTypeName="executor://mstestadapter/v4" className="QuickFiler.Controllers.Tests.EfcFormControllerTests" name="IsBannerRow_ClassifiesByTheFourCharacterPrefix" />
    </UnitTest>
  </TestDefinitions>
  <TestEntries>
    <TestEntry testId="1eef43c9-db4f-83d6-9792-82aec0701edf" executionId="c6b712e4-5147-4efd-a69b-b1726e315703" testListId="8c84fa94-04c1-424b-9868-57a2d4851a1d" />
    <TestEntry testId="1f4a3747-df86-89ad-b49e-3fa103dee4b2" executionId="23fb07a7-a8c9-4e0f-939c-258c40f9b9fa" testListId="8c84fa94-04c1-424b-9868-57a2d4851a1d" />
    <TestEntry testId="1cdfafb1-bc79-8436-8f6c-80e5b466a779" executionId="061b0370-52dc-4b81-a829-58fb42c9dc98" testListId="8c84fa94-04c1-424b-9868-57a2d4851a1d" />
    <TestEntry testId="1fdcc729-bf9c-8c97-bca3-cd38bda6c807" executionId="4c4e91fb-1342-428d-bd5b-170bbffc7148" testListId="8c84fa94-04c1-424b-9868-57a2d4851a1d" />
    <TestEntry testId="15efe720-c5cf-88b6-a104-58a9060fed2e" executionId="245ff316-4074-4220-8dee-109d1568f953" testListId="8c84fa94-04c1-424b-9868-57a2d4851a1d" />
    <TestEntry testId="10fa7ee1-1f59-89ec-bb6b-844b1b29f90a" executionId="12dad163-4bd3-4f8d-82da-4d25480e5663" testListId="8c84fa94-04c1-424b-9868-57a2d4851a1d" />
    <TestEntry testId="15f6bdcf-a6a4-8a38-b5bd-802734c1d035" executionId="cf783ef6-3623-459c-b03c-ec5933eafcff" testListId="8c84fa94-04c1-424b-9868-57a2d4851a1d" />
    <TestEntry testId="14c46de4-d0e2-873a-8867-1efecb62ffd2" executionId="11376ca3-ae38-4db1-9d0c-2460155f4328" testListId="8c84fa94-04c1-424b-9868-57a2d4851a1d" />
    <TestEntry testId="1ec6a617-0982-8837-a5a2-f16df74440bc" executionId="96a0b8e3-f7a7-489e-9f26-5fcfb3350d38" testListId="8c84fa94-04c1-424b-9868-57a2d4851a1d" />
    <TestEntry testId="1aa7c8b3-26cf-83b2-9de1-f50217f93a9e" executionId="8f56605b-0763-432e-87aa-3c69345e8978" testListId="8c84fa94-04c1-424b-9868-57a2d4851a1d" />
    <TestEntry testId="1bda68ff-946e-85f1-bc3f-09153b991fd0" executionId="72f2a967-f8ce-4da8-b0c0-32cbcd58686e" testListId="8c84fa94-04c1-424b-9868-57a2d4851a1d" />
    <TestEntry testId="12905a65-5e20-80dd-8c82-5cd4919215e6" executionId="d54ae5ca-97d1-435f-9607-50c20bc03fff" testListId="8c84fa94-04c1-424b-9868-57a2d4851a1d" />
    <TestEntry testId="1a8ade18-5cac-876a-b37d-2994dcf5ac51" executionId="b71c75ae-16e3-40da-acb7-a4721bf3e7fb" testListId="8c84fa94-04c1-424b-9868-57a2d4851a1d" />
    <TestEntry testId="1ea728b1-c272-89f9-8d18-d65941e417a1" executionId="69d6beb9-29c7-4c20-92ed-b0d1b3b0eff8" testListId="8c84fa94-04c1-424b-9868-57a2d4851a1d" />
    <TestEntry testId="1cbef776-6ac6-8597-a153-70cbc1f50c56" executionId="c2355f1d-2b6c-4151-b4b8-b4ca22c2463c" testListId="8c84fa94-04c1-424b-9868-57a2d4851a1d" />
    <TestEntry testId="1ed6059b-feee-8ba2-b3ad-bda04ea1f355" executionId="584259f4-e226-485b-a30a-e7a31eaed135" testListId="8c84fa94-04c1-424b-9868-57a2d4851a1d" />
    <TestEntry testId="1b805695-1246-8c0c-9730-5f571322b32c" executionId="9fcc73af-e732-4cc0-b3e6-d04fb721dc01" testListId="8c84fa94-04c1-424b-9868-57a2d4851a1d" />
    <TestEntry testId="1d537941-1382-8ef4-9782-f593d7951eed" executionId="340bd32a-2803-49a9-8722-d57d3fcfeaad" testListId="8c84fa94-04c1-424b-9868-57a2d4851a1d" />
    <TestEntry testId="190f383b-3c90-81ed-95a6-96f33f1441e3" executionId="3038f34c-ee1a-40df-b4eb-621545a5a17d" testListId="8c84fa94-04c1-424b-9868-57a2d4851a1d" />
    <TestEntry testId="1862c1ff-d561-8bef-af34-9b42681dc5b4" executionId="bdb13d56-941e-4410-8fe4-5f8f43b68027" testListId="8c84fa94-04c1-424b-9868-57a2d4851a1d" />
    <TestEntry testId="1e7eb9b5-4908-8450-9478-7aab26ea588a" executionId="7b9ce77a-dc4a-4f1b-8b66-df716071589b" testListId="8c84fa94-04c1-424b-9868-57a2d4851a1d" />
    <TestEntry testId="1755b826-b33e-89bd-8cd7-ce316601291e" executionId="e5dfd04b-3944-4664-bcbc-8c45cefd1985" testListId="8c84fa94-04c1-424b-9868-57a2d4851a1d" />
    <TestEntry testId="1fd33777-7849-8a65-ba83-90bcd2374666" executionId="9298d407-ac00-42b1-9673-1f8aab3f84e5" testListId="8c84fa94-04c1-424b-9868-57a2d4851a1d" />
    <TestEntry testId="1adeb042-c861-85f9-b595-b937c1b63991" executionId="84afc5df-8131-4e9f-94af-0fea230022c3" testListId="8c84fa94-04c1-424b-9868-57a2d4851a1d" />
    <TestEntry testId="10c08a85-67e3-8774-a82d-252ee847ea15" executionId="41200ed7-7ce7-4cd7-892f-e5ba04d01e6f" testListId="8c84fa94-04c1-424b-9868-57a2d4851a1d" />
    <TestEntry testId="1136d340-cd0a-865e-bf6a-74f57a022fdc" executionId="50b6547c-f9b3-4720-a3af-ce87c81a265c" testListId="8c84fa94-04c1-424b-9868-57a2d4851a1d" />
    <TestEntry testId="16e12bb4-50e4-8f49-87a9-1e9a3da8812e" executionId="828e7196-702b-4e9d-8ef1-02bbdf34e343" testListId="8c84fa94-04c1-424b-9868-57a2d4851a1d" />
    <TestEntry testId="15cd544e-6120-830e-8d2f-8b484467dfa6" executionId="1dbda6dd-1310-4bb9-983d-8b3777c0c9bf" testListId="8c84fa94-04c1-424b-9868-57a2d4851a1d" />
    <TestEntry testId="15ad3b63-f33d-8476-b6c3-2a8c6b66d06b" executionId="44b3a4df-a3db-4c26-afc0-3b7204004f9d" testListId="8c84fa94-04c1-424b-9868-57a2d4851a1d" />
    <TestEntry testId="1c0c9759-ec2a-8d00-9540-2882da45cd42" executionId="5d8d618c-02b5-4430-bfa5-c3c1b418bea0" testListId="8c84fa94-04c1-424b-9868-57a2d4851a1d" />
    <TestEntry testId="12623ccd-9bf4-83e5-896e-c86572aa9cc6" executionId="8a39331e-7803-4fcc-995e-d179cc0c9058" testListId="8c84fa94-04c1-424b-9868-57a2d4851a1d" />
  </TestEntries>
  <TestLists>
    <TestList name="Results Not in a List" id="8c84fa94-04c1-424b-9868-57a2d4851a1d" />
    <TestList name="All Loaded Results" id="19431567-8539-422a-85d7-44ee4e166bda" />
  </TestLists>
  <ResultSummary outcome="Completed">
    <Counters total="31" executed="31" passed="31" failed="0" error="0" timeout="0" aborted="0" inconclusive="0" passedButRunAborted="0" notRunnable="0" notExecuted="0" disconnected="0" warning="0" completed="0" inProgress="0" pending="0" />
    <Output>
      <StdOut>Test Parallelization enabled for C:\Users\REDACTED\repos\TaskMaster\.claude\worktrees\agent-a9f3f171e35df71ef\QuickFiler.Test\bin\Debug\QuickFiler.Test.dll (Workers: 24, Scope: ClassLevel)&#xD;
</StdOut>
    </Output>
  </ResultSummary>
</TestRun>