<?xml version="1.0" encoding="utf-8"?>
<TestRun id="2a6484c1-cefd-4cf2-bcc2-2c4a0e631ce0" name="&lt;user&gt;@&lt;host&gt; 2026-08-27 20:41:32" runUser="&lt;host&gt;\&lt;user&gt;" xmlns="http://microsoft.com/schemas/VisualStudio/TeamTest/2010">
  <Times creation="2026-08-27T20:41:32.5673742-04:00" queuing="2026-08-27T20:41:32.5673742-04:00" start="2026-08-27T20:41:31.3289809-04:00" finish="2026-08-27T20:41:32.5838644-04:00" />
  <TestSettings name="default" id="3881d12a-0b7c-40dd-b9b8-86671d053a04">
    <Deployment runDeploymentRoot="&lt;user&gt;_&lt;host&gt;_2026-08-27_20_41_32" />
  </TestSettings>
  <Results>
    <UnitTestResult executionId="0078ccd5-f441-490a-9afb-578972c97bc1" testId="1065859f-98c9-8f10-b4ef-1faad3929d2b" testName="ItemViewer_DeclaresNoParentChangedHandler" computerName="&lt;host&gt;" duration="00:00:00.1383356" startTime="2026-08-27T20:41:32.2494070-04:00" endTime="2026-08-27T20:41:32.4993650-04:00" testType="13cdc9d9-ddb5-4fa4-a97d-d965ccfc6d4b" outcome="Failed" testListId="8c84fa94-04c1-424b-9868-57a2d4851a1d" relativeResultsDirectory="0078ccd5-f441-490a-9afb-578972c97bc1">
      <Output>
        <StdOut>Warning:&#xD;
     The component "Fluent Assertions" is governed by the rules defined in the Xceed License Agreement and&#xD;
     the Xceed Fluent Assertions Community License. You may use Fluent Assertions free of charge for&#xD;
     non-commercial use only. An active subscription is required to use Fluent Assertions for commercial use.&#xD;
&#xD;
     Please contact Xceed Sales mailto:sales@xceed.com to acquire a subscription at a very low cost.&#xD;
&#xD;
     A paid commercial license supports the development and continued increasing support of&#xD;
     Fluent Assertions users under both commercial and community licenses. Help us&#xD;
     keep Fluent Assertions at the forefront of unit testing.&#xD;
&#xD;
     For more information, visit https://xceed.com/products/unit-testing/fluent-assertions/&#xD;
&#xD;
&#xD;
&#xD;
Debug Trace:&#xD;
     Warning:&#xD;
     The component "Fluent Assertions" is governed by the rules defined in the Xceed License Agreement and&#xD;
     the Xceed Fluent Assertions Community License. You may use Fluent Assertions free of charge for&#xD;
     non-commercial use only. An active subscription is required to use Fluent Assertions for commercial use.&#xD;
&#xD;
     Please contact Xceed Sales mailto:sales@xceed.com to acquire a subscription at a very low cost.&#xD;
&#xD;
     A paid commercial license supports the development and continued increasing support of&#xD;
     Fluent Assertions users under both commercial and community licenses. Help us&#xD;
     keep Fluent Assertions at the forefront of unit testing.&#xD;
&#xD;
     For more information, visit https://xceed.com/products/unit-testing/fluent-assertions/</StdOut>
        <ErrorInfo>
          <Message>Expected members to be empty because the ParentChanged handler only wrote a console diagnostic and has no caller, but found at least one item {ItemViewer.L0v2h2_WebView2_ParentChanged}.</Message>
          <StackTrace>   at FluentAssertions.Execution.LateBoundTestFramework.Throw(String message) in /_/Src/FluentAssertions/Execution/LateBoundTestFramework.cs:line 22&#xD;
   at FluentAssertions.Execution.AssertionChain.FailWith(Func`1 getFailureReason) in /_/Src/FluentAssertions/Execution/AssertionChain.cs:line 277&#xD;
   at FluentAssertions.Execution.GivenSelector`1.FailWith(String message, Object[] args) in /_/Src/FluentAssertions/Execution/GivenSelector.cs:line 75&#xD;
   at FluentAssertions.Execution.AssertionChain.WithExpectation(String message, Action`1 chain, Object[] args) in /_/Src/FluentAssertions/Execution/AssertionChain.cs:line 192&#xD;
   at FluentAssertions.Collections.GenericCollectionAssertions`3.BeEmpty(String because, Object[] becauseArgs) in /_/Src/FluentAssertions/Collections/GenericCollectionAssertions.cs:line 300&#xD;
   at QuickFiler.Test.Viewers.ItemViewerBreadcrumbDropDownContractTests.ItemViewer_DeclaresNoParentChangedHandler() in &lt;repo-root&gt;\QuickFiler.Test\Viewers\ItemViewerBreadcrumbDropDownContractTests.cs:line 203</StackTrace>
        </ErrorInfo>
      </Output>
    </UnitTestResult>
    <UnitTestResult executionId="86adab28-3093-4c96-bd33-256ebfc83576" testId="19cd7f5a-e67a-84d4-9eea-e72565a706b2" testName="ItemViewerExpanded_DeclaresNoParentChangedHandler" computerName="&lt;host&gt;" duration="00:00:00.0010359" startTime="2026-08-27T20:41:32.5050411-04:00" endTime="2026-08-27T20:41:32.5095728-04:00" testType="13cdc9d9-ddb5-4fa4-a97d-d965ccfc6d4b" outcome="Failed" testListId="8c84fa94-04c1-424b-9868-57a2d4851a1d" relativeResultsDirectory="86adab28-3093-4c96-bd33-256ebfc83576">
      <Output>
        <ErrorInfo>
          <Message>Expected members to be empty because the expanded viewer's ParentChanged handler is the same dead console diagnostic, but found at least one item {ItemViewerExpanded.L0v2h2_WebView2_ParentChanged}.</Message>
          <StackTrace>   at FluentAssertions.Execution.LateBoundTestFramework.Throw(String message) in /_/Src/FluentAssertions/Execution/LateBoundTestFramework.cs:line 22&#xD;
   at FluentAssertions.Execution.AssertionChain.FailWith(Func`1 getFailureReason) in /_/Src/FluentAssertions/Execution/AssertionChain.cs:line 277&#xD;
   at FluentAssertions.Execution.GivenSelector`1.FailWith(String message, Object[] args) in /_/Src/FluentAssertions/Execution/GivenSelector.cs:line 75&#xD;
   at FluentAssertions.Execution.AssertionChain.WithExpectation(String message, Action`1 chain, Object[] args) in /_/Src/FluentAssertions/Execution/AssertionChain.cs:line 192&#xD;
   at FluentAssertions.Collections.GenericCollectionAssertions`3.BeEmpty(String because, Object[] becauseArgs) in /_/Src/FluentAssertions/Collections/GenericCollectionAssertions.cs:line 300&#xD;
   at QuickFiler.Test.Viewers.ItemViewerBreadcrumbDropDownContractTests.ItemViewerExpanded_DeclaresNoParentChangedHandler() in &lt;repo-root&gt;\QuickFiler.Test\Viewers\ItemViewerBreadcrumbDropDownContractTests.cs:line 224</StackTrace>
        </ErrorInfo>
      </Output>
    </UnitTestResult>
  </Results>
  <TestDefinitions>
    <UnitTest name="ItemViewer_DeclaresNoParentChangedHandler" storage="&lt;repo-root&gt;\quickfiler.test\bin\debug\quickfiler.test.dll" id="1065859f-98c9-8f10-b4ef-1faad3929d2b">
      <Execution id="0078ccd5-f441-490a-9afb-578972c97bc1" />
      <TestMethod codeBase="&lt;repo-root&gt;\QuickFiler.Test\bin\Debug\QuickFiler.Test.dll" adapterTypeName="executor://mstestadapter/v4" className="QuickFiler.Test.Viewers.ItemViewerBreadcrumbDropDownContractTests" name="ItemViewer_DeclaresNoParentChangedHandler" />
    </UnitTest>
    <UnitTest name="ItemViewerExpanded_DeclaresNoParentChangedHandler" storage="&lt;repo-root&gt;\quickfiler.test\bin\debug\quickfiler.test.dll" id="19cd7f5a-e67a-84d4-9eea-e72565a706b2">
      <Execution id="86adab28-3093-4c96-bd33-256ebfc83576" />
      <TestMethod codeBase="&lt;repo-root&gt;\QuickFiler.Test\bin\Debug\QuickFiler.Test.dll" adapterTypeName="executor://mstestadapter/v4" className="QuickFiler.Test.Viewers.ItemViewerBreadcrumbDropDownContractTests" name="ItemViewerExpanded_DeclaresNoParentChangedHandler" />
    </UnitTest>
  </TestDefinitions>
  <TestEntries>
    <TestEntry testId="1065859f-98c9-8f10-b4ef-1faad3929d2b" executionId="0078ccd5-f441-490a-9afb-578972c97bc1" testListId="8c84fa94-04c1-424b-9868-57a2d4851a1d" />
    <TestEntry testId="19cd7f5a-e67a-84d4-9eea-e72565a706b2" executionId="86adab28-3093-4c96-bd33-256ebfc83576" testListId="8c84fa94-04c1-424b-9868-57a2d4851a1d" />
  </TestEntries>
  <TestLists>
    <TestList name="Results Not in a List" id="8c84fa94-04c1-424b-9868-57a2d4851a1d" />
    <TestList name="All Loaded Results" id="19431567-8539-422a-85d7-44ee4e166bda" />
  </TestLists>
  <ResultSummary outcome="Failed">
    <Counters total="2" executed="2" passed="0" failed="2" error="0" timeout="0" aborted="0" inconclusive="0" passedButRunAborted="0" notRunnable="0" notExecuted="0" disconnected="0" warning="0" completed="0" inProgress="0" pending="0" />
  </ResultSummary>
</TestRun>